Component: ARM Compiler 5.06 update 1 (build 61) Tool: armlink [4d35a8]

==============================================================================

Section Cross References

    main.o(i.flash_cali) refers to bsp_flash.o(i.BSP_FLASH_READ) for BSP_FLASH_READ
    main.o(i.flash_cali) refers to bsp_flash.o(.bss) for cali_param
    main.o(i.main) refers to delay.o(i.SysTick_Init) for SysTick_Init
    main.o(i.main) refers to misc.o(i.NVIC_PriorityGroupConfig) for NVIC_PriorityGroupConfig
    main.o(i.main) refers to stm32_tim_base.o(i.TIM_BASE_Init) for TIM_BASE_Init
    main.o(i.main) refers to gpio.o(i.GPIO_INIT) for GPIO_INIT
    main.o(i.main) refers to tim.o(i.TIM5_DEVICE) for TIM5_DEVICE
    main.o(i.main) refers to tim.o(i.TIM4_DEVICE) for TIM4_DEVICE
    main.o(i.main) refers to tim.o(i.TIM2_DEVICE) for TIM2_DEVICE
    main.o(i.main) refers to can.o(i.CAN1_DEVICE) for CAN1_DEVICE
    main.o(i.main) refers to can.o(i.CAN2_DEVICE) for CAN2_DEVICE
    main.o(i.main) refers to usart.o(i.USART1_DEVICE) for USART1_DEVICE
    main.o(i.main) refers to usart.o(i.USART3_DEVICE) for USART3_DEVICE
    main.o(i.main) refers to usart.o(i.USART6_DEVICE) for USART6_DEVICE
    main.o(i.main) refers to usart.o(i.UART8_DEVICE) for UART8_DEVICE
    main.o(i.main) refers to usart.o(i.UART7_DEVICE) for UART7_DEVICE
    main.o(i.main) refers to spi.o(i.SPI_DEVICE) for SPI_DEVICE
    main.o(i.main) refers to gimbal_task.o(i.gimbal_param_init) for gimbal_param_init
    main.o(i.main) refers to chassis_task.o(i.chassis_param_init) for chassis_param_init
    main.o(i.main) refers to clamp_task.o(i.clamp_param_init) for clamp_param_init
    main.o(i.main) refers to supply_task.o(i.supply_param_init) for supply_param_init
    main.o(i.main) refers to upraise_task.o(i.upraise_param_init) for upraise_param_init
    main.o(i.main) refers to barrier_carry_task.o(i.barrier_carry_param_init) for barrier_carry_param_init
    main.o(i.main) refers to slide_task.o(i.slide_param_init) for slide_param_init
    main.o(i.main) refers to detect_task.o(i.detect_param_init) for detect_param_init
    main.o(i.main) refers to judge_rx_data.o(i.judgement_rx_param_init) for judgement_rx_param_init
    main.o(i.main) refers to judge_tx_data.o(i.judgement_tx_param_init) for judgement_tx_param_init
    main.o(i.main) refers to pc_rx_data.o(i.pc_rx_param_init) for pc_rx_param_init
    main.o(i.main) refers to pc_tx_data.o(i.pc_tx_param_init) for pc_tx_param_init
    main.o(i.main) refers to start_task.o(i.TASK_START) for TASK_START
    main.o(i.main) refers to tasks.o(i.vTaskStartScheduler) for vTaskStartScheduler
    stm32f4xx_it.o(i.SysTick_Handler) refers to tasks.o(i.xTaskGetSchedulerState) for xTaskGetSchedulerState
    stm32f4xx_it.o(i.SysTick_Handler) refers to port.o(i.xPortSysTickHandler) for xPortSysTickHandler
    system_stm32f4xx.o(i.SystemCoreClockUpdate) refers to system_stm32f4xx.o(.data) for SystemCoreClock
    system_stm32f4xx.o(i.SystemInit) refers to system_stm32f4xx.o(i.SetSysClock) for SetSysClock
    start_task.o(i.TASK_START) refers to tasks.o(i.xTaskCreate) for xTaskCreate
    start_task.o(i.TASK_START) refers to start_task.o(.data) for start_Task_Handle
    start_task.o(i.TASK_START) refers to start_task.o(i.start_task) for start_task
    start_task.o(i.start_task) refers to port.o(i.vPortEnterCritical) for vPortEnterCritical
    start_task.o(i.start_task) refers to tasks.o(i.xTaskCreate) for xTaskCreate
    start_task.o(i.start_task) refers to tasks.o(i.vTaskDelete) for vTaskDelete
    start_task.o(i.start_task) refers to port.o(i.vPortExitCritical) for vPortExitCritical
    start_task.o(i.start_task) refers to start_task.o(.data) for chassis_Task_Handle
    start_task.o(i.start_task) refers to chassis_task.o(i.chassis_task) for chassis_task
    start_task.o(i.start_task) refers to gimbal_task.o(i.gimbal_task) for gimbal_task
    start_task.o(i.start_task) refers to motor_task.o(i.Motor_task) for Motor_task
    start_task.o(i.start_task) refers to comm_8010_task.o(i.coom_8010_task) for coom_8010_task
    start_task.o(i.start_task) refers to clamp_task.o(i.clamp_task) for clamp_task
    start_task.o(i.start_task) refers to upraise_task.o(i.upraise_task) for upraise_task
    start_task.o(i.start_task) refers to barrier_carry_task.o(i.barrier_carry_task) for barrier_carry_task
    start_task.o(i.start_task) refers to supply_task.o(i.supply_task) for supply_task
    start_task.o(i.start_task) refers to slide_task.o(i.slide_task) for slide_task
    start_task.o(i.start_task) refers to comm_task.o(i.can_msg_send_task) for can_msg_send_task
    start_task.o(i.start_task) refers to modeswitch_task.o(i.mode_switch_task) for mode_switch_task
    start_task.o(i.start_task) refers to info_get_task.o(i.info_get_task) for info_get_task
    start_task.o(i.start_task) refers to detect_task.o(i.detect_task) for detect_task
    start_task.o(i.start_task) refers to judge_task.o(i.judge_tx_task) for judge_tx_task
[...]
    last_supply_mode                         0x200000f7   Data           1  modeswitch_task.o(.data)
    gimbal_mode                              0x200000f8   Data           1  modeswitch_task.o(.data)
    small_island_mode                        0x200000f9   Data           1  modeswitch_task.o(.data)
    big_island_mode                          0x200000fa   Data           1  modeswitch_task.o(.data)
    global_change_state                      0x200000fb   Data           1  modeswitch_task.o(.data)
    global_middle_change_mode                0x200000fc   Data           1  modeswitch_task.o(.data)
    chassis_middle_change_mode               0x200000fd   Data           1  modeswitch_task.o(.data)
    rescue_middle_change_mode                0x200000fe   Data           1  modeswitch_task.o(.data)
    clamp_middle_change_mode                 0x200000ff   Data           1  modeswitch_task.o(.data)
    barrier_carry_middle_change_mode         0x20000100   Data           1  modeswitch_task.o(.data)
    supply_middle_change_mode                0x20000101   Data           1  modeswitch_task.o(.data)
    start_big_island_mode_state              0x20000102   Data           1  modeswitch_task.o(.data)
    enter_clamp_state                        0x20000103   Data           1  modeswitch_task.o(.data)
    small_island_mode_change_state           0x20000104   Data           1  modeswitch_task.o(.data)
    view_switch                              0x20000105   Data           1  modeswitch_task.o(.data)
    gimbal_stack_surplus                     0x20000108   Data           4  gimbal_task.o(.data)
    yaw_debug_angle                          0x2000010c   Data           2  gimbal_task.o(.data)
    pit_debug_angle                          0x2000010e   Data           2  gimbal_task.o(.data)
    info_stack_surplus                       0x20000110   Data           4  info_get_task.o(.data)
    test_8010_pid                            0x20000114   Data           2  info_get_task.o(.data)
    test_8010_pid2                           0x20000116   Data           2  info_get_task.o(.data)
    test_ecd_to_angle                        0x20000118   Data           4  info_get_task.o(.data)
    rc_change_state                          0x2000011c   Data           1  info_get_task.o(.data)
    rc_middle_change_sw1                     0x2000011d   Data           1  info_get_task.o(.data)
    rc_middle_change_sw2                     0x2000011e   Data           1  info_get_task.o(.data)
    upraise_stack_surplus                    0x20000124   Data           4  upraise_task.o(.data)
    upraise_error_angle                      0x20000128   Data           4  upraise_task.o(.data)
    uprise_normal_angle                      0x2000012c   Data           2  upraise_task.o(.data)
    defend_upraise_angle                     0x2000012e   Data           2  upraise_task.o(.data)
    supply_upraise_angle                     0x20000130   Data           2  upraise_task.o(.data)
    clamp_upraise_big_island_straight_angle  0x20000132   Data           2  upraise_task.o(.data)
    clamp_upraise_big_island_slanted_angle   0x20000134   Data           2  upraise_task.o(.data)
    clamp_upraise_small_island_angle         0x20000136   Data           2  upraise_task.o(.data)
    rescue_upraise_angle                     0x20000138   Data           2  upraise_task.o(.data)
    barrier_carry_upraise_angle              0x2000013a   Data           2  upraise_task.o(.data)
    exchange_upraise_angle                   0x2000013c   Data           2  upraise_task.o(.data)
    catch_upraise_angle                      0x2000013e   Data           2  upraise_task.o(.data)
    upraise_max_angle                        0x20000140   Data           2  upraise_task.o(.data)
    clamp_ground_angle                       0x20000142   Data           2  upraise_task.o(.data)
    direction_flag                           0x20000144   Data           1  upraise_task.o(.data)
    store_upraise_angle                      0x20000146   Data           2  upraise_task.o(.data)
    turn2_upraise_angle                      0x20000148   Data           2  upraise_task.o(.data)
    turn2_upraise_angle_2                    0x2000014a   Data           2  upraise_task.o(.data)
    pick_upraise_angle                       0x2000014c   Data           2  upraise_task.o(.data)
    upraise_exchange_action_angle            0x20000150   Data           8  upraise_task.o(.data)
    upraise_minimum_state                    0x20000158   Data           1  upraise_task.o(.data)
    upraise_angle_ctrl_state                 0x20000159   Data           2  upraise_task.o(.data)
    upraise_f                                0x2000015b   Data           1  upraise_task.o(.data)
    upraise_pid                              0x2000015c   Data          24  upraise_task.o(.data)
    clamp_stack_surplus                      0x20000174   Data           4  clamp_task.o(.data)
    CeBi                                     0x20000178   Data           2  clamp_task.o(.data)
    clamp_pid_pit                            0x2000017c   Data          24  clamp_task.o(.data)
    clamp_attitude_adjustment_pid            0x20000194   Data          24  clamp_task.o(.data)
    clamp_action_times_old                   0x200001ac   Data           4  clamp_task.o(.data)
    store_action_times                       0x200001b0   Data           4  clamp_task.o(.data)
    exchange_action_times                    0x200001b4   Data           4  clamp_task.o(.data)
    clamp_ready_times                        0x200001b8   Data           4  clamp_task.o(.data)
    clamp_init_times                         0x200001bc   Data           4  clamp_task.o(.data)
    ore_adjust_state                         0x200001c0   Data           1  clamp_task.o(.data)
    ore_clamp_abjust_state                   0x200001c1   Data           1  clamp_task.o(.data)
    posture_steering_engine_ref              0x200001c4   Data           8  clamp_task.o(.data)
    exchange_cmd_finish                      0x200001cc   Data           1  clamp_task.o(.data)
    exchange_finish                          0x200001cd   Data           1  clamp_task.o(.data)
    clamp_adjust                             0x200001ce   Data           1  clamp_task.o(.data)
    exchange_sequence                        0x200001cf   Data           1  clamp_task.o(.data)
    last_exchange_sequence                   0x200001d0   Data           1  clamp_task.o(.data)
    exchange_frist_box_finish                0x200001d1   Data           1  clamp_task.o(.data)
    exchange_ctrl_gimbal                     0x200001d2   Data           1  clamp_task.o(.data)
    exchange_action_timess                   0x200001d4   Data           4  clamp_task.o(.data)
    pick_box                                 0x200001d8   Data           1  clamp_task.o(.data)
    store_servo_angle                        0x200001da   Data           4  clamp_task.o(.data)
    clamp_exchange_action_angle              0x200001e0   Data           4  clamp_task.o(.data)
    clamp_slide_flag                         0x200001e4   Data           1  clamp_task.o(.data)
    clamp_upraise_flag                       0x200001e5   Data           1  clamp_task.o(.data)
    exchange_spd_ctrl_state                  0x200001e6   Data           1  clamp_task.o(.data)
    mode_prepareing_flag                     0x200001e7   Data           1  clamp_task.o(.data)
    kb_inhale_servos                         0x200001e8   Data           2  clamp_task.o(.data)
    clamping_flag                            0x200001ea   Data           1  clamp_task.o(.data)
    have_box_number_old                      0x200001eb   Data           1  clamp_task.o(.data)
    storeing_flag                            0x200001ec   Data           1  clamp_task.o(.data)
    picking_flag                             0x200001ed   Data           1  clamp_task.o(.data)
    exchange_push_flag                       0x200001ee   Data           1  clamp_task.o(.data)
    exchange_start_push_flag                 0x200001ef   Data           1  clamp_task.o(.data)
    exchange_second_state                    0x200001f0   Data           1  clamp_task.o(.data)
    exchange_clamp_ramp_flag                 0x200001f1   Data           1  clamp_task.o(.data)
    exchange_view_switch_flag                0x200001f2   Data           1  clamp_task.o(.data)
    exchange_time_init_flag                  0x200001f3   Data           1  clamp_task.o(.data)
    exchange_ready_flag                      0x200001f4   Data           1  clamp_task.o(.data)
    ground_clamp_finish                      0x200001f5   Data           1  clamp_task.o(.data)
    detect_stack_surplus                     0x200001f8   Data           4  detect_task.o(.data)
    detect_state                             0x200001fc   Data           4  detect_task.o(.data)
    detect_last_state                        0x20000200   Data           4  detect_task.o(.data)
    txt                                      0x20000204   Data         476  detect_task.o(.data)
    temp1                                    0x200003e0   Data           4  detect_task.o(.data)
    temp2                                    0x200003e4   Data           4  detect_task.o(.data)
    supply_stack_surplus                     0x200003e8   Data           4  supply_task.o(.data)
    supply                                   0x200003ec   Data           3  supply_task.o(.data)
    supply_ahead_finish                      0x200003ef   Data           1  supply_task.o(.data)
    supply_behind_state                      0x200003f0   Data           1  supply_task.o(.data)
    supply_action_times                      0x200003f4   Data           4  supply_task.o(.data)
    supply_continuous_time                   0x200003f8   Data           4  supply_task.o(.data)
    supplying_state                          0x200003fc   Data           1  supply_task.o(.data)
    judge_tx_stack_surplus                   0x20000400   Data           4  judge_task.o(.data)
    judge_rx_stack_surplus                   0x20000404   Data           4  judge_task.o(.data)
    DATA                                     0x20000408   Data         113  judge_task.o(.data)
    slide_stack_surplus                      0x2000047c   Data           4  slide_task.o(.data)
    slide_pid                                0x20000480   Data          24  slide_task.o(.data)
    front_slide_normal_angle                 0x20000498   Data           2  slide_task.o(.data)
    slide_normal_angle                       0x2000049a   Data           2  slide_task.o(.data)
    slide_small_island_angle                 0x2000049c   Data           2  slide_task.o(.data)
    slide_big_island_straight_angle          0x2000049e   Data           2  slide_task.o(.data)
    slide_ground_angle                       0x200004a0   Data           2  slide_task.o(.data)
    slide_bigisland_slanted_angle            0x200004a2   Data           2  slide_task.o(.data)
    slide_exchange_angle                     0x200004a4   Data           2  slide_task.o(.data)
    slide_max_angle                          0x200004a6   Data           2  slide_task.o(.data)
    slide_second_box_angle                   0x200004a8   Data           2  slide_task.o(.data)
    slide_store_angle                        0x200004aa   Data           2  slide_task.o(.data)
    slide_pick_angle                         0x200004ac   Data           2  slide_task.o(.data)
    slide_turn2_angle                        0x200004ae   Data           2  slide_task.o(.data)
    slide_turn2_angle_2                      0x200004b0   Data           2  slide_task.o(.data)
    slide_finish_flag                        0x200004b2   Data           1  slide_task.o(.data)
    slide_angle_ctrl_state                   0x200004b3   Data           4  slide_task.o(.data)
    slide_minimum_state                      0x200004b7   Data           1  slide_task.o(.data)
    slide_error_angle                        0x200004b8   Data           4  slide_task.o(.data)
    BARRIER_CARRY_M1_MAX                     0x200004bc   Data           4  barrier_carry_task.o(.data)
    BARRIER_CARRY_M2_MAX                     0x200004c0   Data           4  barrier_carry_task.o(.data)
    barrier_rescue_angle                     0x200004c4   Data           1  barrier_carry_task.o(.data)
    barrier_mode_frist_in_flag               0x200004c5   Data           1  barrier_carry_task.o(.data)
    barrier_carry_stack_surplus              0x200004c8   Data           4  barrier_carry_task.o(.data)
    barrier_time                             0x200004cc   Data           1  barrier_carry_task.o(.data)
    barrier_angle_switch                     0x200004cd   Data           1  barrier_carry_task.o(.data)
    manipulator0_total_angle                 0x200004d0   Data           4  manipulator_task.o(.data)
    manipulator_servo_total_angle            0x200004d4   Data           2  manipulator_task.o(.data)
    manipulator_normal_total_angle           0x200004d6   Data           2  manipulator_task.o(.data)
    manipulator_servo_total                  0x200004d8   Data           2  manipulator_task.o(.data)
    manipulator_error                        0x200004da   Data           6  manipulator_task.o(.data)
    chassis_x_angle                          0x200004e0   Data           2  manipulator_task.o(.data)
    test_angle1                              0x200004e4   Data           2  motor_task.o(.data)
    small_test1                              0x200004e6   Data           2  motor_task.o(.data)
    Motor_stack_surplus                      0x200004e8   Data           4  motor_task.o(.data)
    Motor_init_state                         0x200004ec   Data           1  motor_task.o(.data)
    All_Offset_Angle_init_state              0x200004ed   Data           1  motor_task.o(.data)
    Servo_Test                               0x200004f0   Data           4  motor_task.o(.data)
    test_pid_speed_out                       0x200004f4   Data           4  motor_task.o(.data)
    test_pid                                 0x200004f8   Data           4  motor_task.o(.data)
    test_angle                               0x200004fc   Data           4  motor_task.o(.data)
    go_8010_init_time                        0x20000500   Data           4  motor_task.o(.data)
    test_ID                                  0x20000504   Data           1  motor_task.o(.data)
    send_current_8010_1                      0x20000508   Data           4  comm_8010_task.o(.data)
    send_current_8010_2                      0x2000050c   Data           4  comm_8010_task.o(.data)
    send_ref_angle_8010_1                    0x20000510   Data           4  comm_8010_task.o(.data)
    send_ref_angle_8010_2                    0x20000514   Data           4  comm_8010_task.o(.data)
    send_fdb_angle_8010_1                    0x20000518   Data           4  comm_8010_task.o(.data)
    send_fdb_angle_8010_2                    0x2000051c   Data           4  comm_8010_task.o(.data)
    angle_test                               0x20000520   Data           4  comm_8010_task.o(.data)
    speed_test                               0x20000524   Data           4  comm_8010_task.o(.data)
    motor8010_init_flag                      0x20000528   Data           1  comm_8010_task.o(.data)
    motor8010_init_angle                     0x2000052c   Data           4  comm_8010_task.o(.data)
    test_8010_angle                          0x20000530   Data           4  comm_8010_task.o(.data)
    test_test                                0x20000534   Data           4  comm_8010_task.o(.data)
    chazhi                                   0x20000538   Data           1  comm_8010_task.o(.data)
    target_angle                             0x2000053c   Data           8  comm_8010_task.o(.data)
    receive_angle                            0x20000544   Data           8  comm_8010_task.o(.data)
    tete                                     0x2000054c   Data           4  comm_8010_task.o(.data)
    can_stack_surplus                        0x20000550   Data           4  comm_task.o(.data)
    transfer_8010_flag                       0x20000554   Data           1  comm_task.o(.data)
    CRC_INIT                                 0x20000556   Data           2  protocol.o(.data)
    dma_write_len                            0x20000558   Data           4  data_packet.o(.data)
    fifo_overflow                            0x2000055c   Data           4  data_packet.o(.data)
    interover_data_overflow                  0x20000568   Data           1  judge_rx_data.o(.data)
    CMD_ID                                   0x2000056a   Data           2  judge_rx_data.o(.data)
    debug_start_angle                        0x20000570   Data           4  judge_tx_data.o(.data)
    debug_end_angle                          0x20000574   Data           4  judge_tx_data.o(.data)
    debug_width                              0x20000578   Data           4  judge_tx_data.o(.data)
    debug_start_x                            0x2000057c   Data           4  judge_tx_data.o(.data)
    debug_start_y                            0x20000580   Data           4  judge_tx_data.o(.data)
    debug_radius                             0x20000584   Data           4  judge_tx_data.o(.data)
    debug_end_x                              0x20000588   Data           4  judge_tx_data.o(.data)
    debug_end_y                              0x2000058c   Data           4  judge_tx_data.o(.data)
    text1                                    0x20000590   Data          30  judge_tx_data.o(.data)
    text2                                    0x200005ae   Data          30  judge_tx_data.o(.data)
    text3                                    0x200005cc   Data          30  judge_tx_data.o(.data)
    text4                                    0x200005ea   Data          30  judge_tx_data.o(.data)
    Pick_box                                 0x20000608   Data          30  judge_tx_data.o(.data)
    Height_num                               0x20000626   Data          30  judge_tx_data.o(.data)
    Pick_box0                                0x20000644   Data          30  judge_tx_data.o(.data)
    Pick_box1                                0x20000662   Data          30  judge_tx_data.o(.data)
    Pick_box2                                0x20000680   Data          30  judge_tx_data.o(.data)
    chassis1                                 0x2000069e   Data          30  judge_tx_data.o(.data)
    chassis2                                 0x200006bc   Data          30  judge_tx_data.o(.data)
    chassis3                                 0x200006da   Data          30  judge_tx_data.o(.data)
    chassis4                                 0x200006f8   Data          30  judge_tx_data.o(.data)
    chassis5                                 0x20000716   Data          30  judge_tx_data.o(.data)
    chassis6                                 0x20000734   Data          30  judge_tx_data.o(.data)
    chassis7                                 0x20000752   Data          30  judge_tx_data.o(.data)
    chassis8                                 0x20000770   Data          30  judge_tx_data.o(.data)
    on                                       0x2000078e   Data          30  judge_tx_data.o(.data)
    off                                      0x200007ac   Data          30  judge_tx_data.o(.data)
    exchange_up                              0x200007ca   Data          30  judge_tx_data.o(.data)
    exchange_mi                              0x200007e8   Data          30  judge_tx_data.o(.data)
    exchange_down                            0x20000806   Data          30  judge_tx_data.o(.data)
    Line_mask                                0x20000824   Data           1  judge_tx_data.o(.data)
    text_mask                                0x20000825   Data           1  judge_tx_data.o(.data)
    Chassis_mask                             0x20000826   Data           1  judge_tx_data.o(.data)
    mode_state_mask                          0x20000827   Data           1  judge_tx_data.o(.data)
    upraise_mask                             0x20000828   Data           1  judge_tx_data.o(.data)
    text_twist                               0x20000829   Data           1  judge_tx_data.o(.data)
    pc_seq                                   0x20000830   Data           4  pc_rx_data.o(.data)
    once_lost_num                            0x20000834   Data           4  pc_rx_data.o(.data)
    lost_pack_percent                        0x20000838   Data           4  pc_rx_data.o(.data)
    pack_num_cnt                             0x2000083c   Data           4  pc_rx_data.o(.data)
    lost_num_sum_t                           0x20000840   Data           4  pc_rx_data.o(.data)
    pack_lost                                0x20000844   Data           4  pc_rx_data.o(.data)
    gim_mode_js                              0x20000848   Data           4  pc_rx_data.o(.data)
    pitch_angle_js                           0x2000084c   Data           4  pc_rx_data.o(.data)
    yaw_angle_js                             0x20000850   Data           4  pc_rx_data.o(.data)
    dis_mm_js                                0x20000854   Data           4  pc_rx_data.o(.data)
    pc_yaw_time                              0x20000858   Data           4  pc_rx_data.o(.data)
    recv_pc_glb                              0x2000085c   Data           1  pc_rx_data.o(.data)
    glb_err_exit                             0x2000085d   Data           1  pc_rx_data.o(.data)
    pc_state                                 0x20000860   Data           4  pc_rx_data.o(.data)
    pc_send_mesg                             0x20000868   Data           1  pc_tx_data.o(.data)
    pc_tx_packet_id                          0x20000869   Data           1  pc_tx_data.o(.data)
    count_cali_count                         0x2000086c   Data           4  pc_tx_data.o(.data)
    tt                                       0x20000870   Data           4  motor_8010.o(.data)
    vv                                       0x20000874   Data           4  motor_8010.o(.data)
    pp                                       0x20000878   Data           4  motor_8010.o(.data)
    i                                        0x2000087c   Data           4  motor_8010.o(.data)
    pos_target                               0x20000880   Data           4  motor_8010.o(.data)
    Serial_RxData                            0x20000884   Data           2  motor_8010.o(.data)
    Serial_RxFlag                            0x20000886   Data           1  motor_8010.o(.data)
    go_8010_current                          0x20000888   Data           2  motor_8010.o(.data)
    test_send                                0x2000088c   Data           4  motor_8010.o(.data)
    STAUS                                    0x20000890   Data           4  pc_task.o(.data)
    Signal                                   0x20000894   Data           4  pc_task.o(.data)
    pc_tx_stack_surplus                      0x20000898   Data           4  pc_task.o(.data)
    pc_rx_stack_surplus                      0x2000089c   Data           4  pc_task.o(.data)
    button_press_state                       0x200008a0   Data           1  keyboard.o(.data)
    big_island_chassis_move_done             0x200008a1   Data           1  keyboard.o(.data)
    big_island_chassis_move                  0x200008a4   Data           4  keyboard.o(.data)
    big_island_chassis_move_middle_change    0x200008a8   Data           4  keyboard.o(.data)
    KB_BIG_ISLAND_AUTO_SINGLE_CLAMP_STATE    0x200008ac   Data           1  keyboard.o(.data)
    INIT_STATE                               0x200008ad   Data           1  keyboard.o(.data)
    INIT_ACTION_TIME                         0x200008b0   Data           4  keyboard.o(.data)
    debug_time                               0x200008b4   Data           4  keyboard.o(.data)
    kb_pick_box_state                        0x200008b8   Data           1  keyboard.o(.data)
    kb_slide_delay_time                      0x200008bc   Data           4  keyboard.o(.data)
    kb_uprise_delay_time                     0x200008c0   Data           4  keyboard.o(.data)
    kb_slide_angle                           0x200008c4   Data           4  keyboard.o(.data)
    kb_upraise_angle                         0x200008c8   Data           4  keyboard.o(.data)
    kb_turn_state                            0x200008cc   Data           1  keyboard.o(.data)
    kb_slide_clamp_del                       0x200008d0   Data           8  keyboard.o(.data)
    glb_sw                                   0x200008d8   Data           6  remote_ctrl.o(.data)
    clamp_action                             0x200008de   Data           1  remote_ctrl.o(.data)
    exchange_action                          0x200008df   Data           1  remote_ctrl.o(.data)
    change_mode_flag                         0x200008e0   Data           1  remote_ctrl.o(.data)
    clamp_action_ReadyToChange_state         0x200008e1   Data           1  remote_ctrl.o(.data)
    exchange_action_ReadyToChange_state      0x200008e2   Data           1  remote_ctrl.o(.data)
    rocker_maximum_continuous_times          0x200008e4   Data           4  remote_ctrl.o(.data)
    ctrl_time                                0x200008e8   Data           4  remote_ctrl.o(.data)
    gimbal_ctrl_pit                          0x200008ec   Data           4  remote_ctrl.o(.data)
    gimbal_ctrl                              0x200008f0   Data           1  remote_ctrl.o(.data)
    ctrl_flag                                0x200008f1   Data           1  remote_ctrl.o(.data)
    min_cmd_state                            0x200008f2   Data           1  remote_ctrl.o(.data)
    big_island_cmd_state                     0x200008f3   Data           1  remote_ctrl.o(.data)
    enter_big_island_state                   0x200008f4   Data           1  remote_ctrl.o(.data)
    big_island_cmd_change_state              0x200008f5   Data           1  remote_ctrl.o(.data)
    min_state                                0x200008f6   Data           1  remote_ctrl.o(.data)
    asdasdasd                                0x200008f8   Data           4  remote_ctrl.o(.data)
    throw_away_cmd_state                     0x200008fc   Data           1  remote_ctrl.o(.data)
    ground_cmd_state                         0x200008fd   Data           1  remote_ctrl.o(.data)
    enter_ground_state                       0x200008fe   Data           1  remote_ctrl.o(.data)
    ground_cmd_change_state                  0x200008ff   Data           1  remote_ctrl.o(.data)
    catch_cmd_state                          0x20000900   Data           1  remote_ctrl.o(.data)
    enter_catch_state                        0x20000901   Data           1  remote_ctrl.o(.data)
    catch_cmd_change_state                   0x20000902   Data           1  remote_ctrl.o(.data)
    exchange_cmd_state                       0x20000903   Data           1  remote_ctrl.o(.data)
    exchange_pick_cmd_state                  0x20000904   Data           1  remote_ctrl.o(.data)
    exhange_push_down_cmd_state              0x20000905   Data           1  remote_ctrl.o(.data)
    adjustment_slide_v                       0x20000908   Data           4  remote_ctrl.o(.data)
    adjustment_upraise_v                     0x2000090c   Data           4  remote_ctrl.o(.data)
    adjustment_pit_v                         0x20000910   Data           4  remote_ctrl.o(.data)
    rc_delay_time                            0x20000914   Data           4  remote_ctrl.o(.data)
    test1                                    0x20000918   Data           2  clamp.o(.data)
    test2                                    0x2000091a   Data           2  clamp.o(.data)
    test3                                    0x2000091c   Data           2  clamp.o(.data)
    smalltest1                               0x2000091e   Data           2  clamp.o(.data)
    smalltest2                               0x20000920   Data           2  clamp.o(.data)
    smalltest3                               0x20000922   Data           2  clamp.o(.data)
    clamp_record_time                        0x20000924   Data           4  clamp.o(.data)
    action_one_state                         0x20000928   Data           1  clamp.o(.data)
    action_two_state                         0x20000929   Data           1  clamp.o(.data)
    action_three_state                       0x2000092a   Data           1  clamp.o(.data)
    have_box_number                          0x2000092b   Data           1  clamp.o(.data)
    current_limit_intit_flag                 0x2000092c   Data           1  clamp.o(.data)
    store_big_island_slanted_second_box      0x2000092d   Data           1  clamp.o(.data)
    ready_to_del_box_number_flag             0x2000092e   Data           1  clamp.o(.data)
    pxCurrentTCB                             0x20000948   Data           4  tasks.o(.data)
    rx1_message                              0x200009c4   Data          20  bsp_can.o(.bss)
    rx2_message                              0x200009d8   Data          20  bsp_can.o(.bss)
    moto_chassis                             0x200009ec   Data         256  bsp_can.o(.bss)
    moto_rescue                              0x20000aec   Data         128  bsp_can.o(.bss)
    moto_upraise                             0x20000b6c   Data         128  bsp_can.o(.bss)
    moto_clamp_pit                           0x20000bec   Data          64  bsp_can.o(.bss)
    moto_slide                               0x20000c2c   Data         256  bsp_can.o(.bss)
    moto_manipulator                         0x20000d2c   Data         384  bsp_can.o(.bss)
    moto_store                               0x20000eac   Data          64  bsp_can.o(.bss)
    Motor_CAN1_data                          0x20000eec   Data         448  bsp_can.o(.bss)
    Motor_CAN2_data                          0x200010ac   Data         448  bsp_can.o(.bss)
    out_of_sight_number                      0x2000126c   Data          10  chassis_task.o(.bss)
    chassis                                  0x20001278   Data          72  chassis_task.o(.bss)
    chassis_ramp                             0x200012c0   Data          12  chassis_task.o(.bss)
    gimbal                                   0x200012cc   Data          36  gimbal_task.o(.bss)
    upraise                                  0x200012f0   Data          40  upraise_task.o(.bss)
    clamp                                    0x20001318   Data          56  clamp_task.o(.bss)
    clamp_pit_ramp                           0x20001350   Data          12  clamp_task.o(.bss)
    store                                    0x2000135c   Data          24  clamp_task.o(.bss)
    clamp_initialization_error_angle         0x20001374   Data          12  clamp_task.o(.bss)
    clamping_ore_initialization_error_angle  0x20001380   Data          12  clamp_task.o(.bss)
    RCC_Clocks                               0x2000138c   Data          16  detect_task.o(.bss)
    global_err                               0x2000139c   Data         396  detect_task.o(.bss)
    slide                                    0x20001528   Data          76  slide_task.o(.bss)
    pid_slide_angle_parameter                0x20001574   Data          80  slide_task.o(.bss)
    pid_slide_spd_parameter                  0x200015c4   Data          80  slide_task.o(.bss)
    slide_24                                 0x20001614   Data         176  slide_task.o(.bss)
    barrier_carry                            0x200016c4   Data          48  barrier_carry_task.o(.bss)
    pid_manipulator_angle_parameter          0x200016f8   Data         120  manipulator_task.o(.bss)
    pid_manipulator_spd_parameter            0x20001770   Data         120  manipulator_task.o(.bss)
    pid_manipulator                          0x200017e8   Data         480  manipulator_task.o(.bss)
    pid_manipulator_spd                      0x200019c8   Data         480  manipulator_task.o(.bss)
    manipulator                              0x20001ba8   Data         308  manipulator_task.o(.bss)
    manipulator_debug                        0x20001cdc   Data          44  manipulator_task.o(.bss)
    gyrosope_data                            0x20001d08   Data          14  controller.o(.bss)
    gyrosope_past_data                       0x20001d16   Data          14  controller.o(.bss)
    small_model_data                         0x20001d24   Data          12  controller.o(.bss)
    model_out_angle                          0x20001d30   Data          12  controller.o(.bss)
    Motor                                    0x20001d40   Data        4352  motor_task.o(.bss)
    test_ref                                 0x20002e40   Data          56  motor_task.o(.bss)
    l_test_ref                               0x20002e78   Data          56  motor_task.o(.bss)
    CAN1_current                             0x20002eb0   Data          18  comm_task.o(.bss)
    CAN2_current                             0x20002ec2   Data          18  comm_task.o(.bss)
    judge_recv_mesg                          0x20002ed4   Data         237  judge_rx_data.o(.bss)
    judge_rx_obj                             0x20002fc4   Data          24  judge_rx_data.o(.bss)
    judge_unpack_obj                         0x20002fdc   Data         216  judge_rx_data.o(.bss)
    judge_rxdata_fifo                        0x200030b4   Data          28  judge_rx_data.o(.bss)
    judge_send_mesg                          0x200032c4   Data        1288  judge_tx_data.o(.bss)
    judge_txdata_fifo                        0x200037cc   Data          28  judge_tx_data.o(.bss)
    glb_struct                               0x200039dc   Data          12  pc_rx_data.o(.bss)
    pc_rx_obj                                0x200039e8   Data          24  pc_rx_data.o(.bss)
    pc_unpack_obj                            0x20003a00   Data         216  pc_rx_data.o(.bss)
    pc_rxdata_fifo                           0x20003ad8   Data          28  pc_rx_data.o(.bss)
    pc_recv_mesg                             0x20003ce8   Data          49  pc_rx_data.o(.bss)
    pc_txdata_fifo                           0x20003d1c   Data          28  pc_tx_data.o(.bss)
    Temp_buffer                              0x20003f30   Data          16  motor_8010.o(.bss)
    control_8010_pid                         0x20003f40   Data          80  motor_8010.o(.bss)
    motor_recevie                            0x20003f90   Data          96  motor_8010.o(.bss)
    test                                     0x20003ff0   Data          24  motor_8010.o(.bss)
    sdata                                    0x20004008   Data          17  motor_8010.o(.bss)
    km                                       0x2000401c   Data          40  keyboard.o(.bss)
    key_fbramp                               0x20004044   Data          12  keyboard.o(.bss)
    key_rlramp                               0x20004050   Data          12  keyboard.o(.bss)
    kb_manipulator_delay_times               0x2000405c   Data          28  keyboard.o(.bss)
    kb_adrust_angle                          0x20004078   Data          12  keyboard.o(.bss)
    kb_manipulator_adjust_angle              0x20004084   Data          14  keyboard.o(.bss)
    kb_adrust                                0x20004094   Data          48  keyboard.o(.bss)
    rm                                       0x200040c4   Data          20  remote_ctrl.o(.bss)
    pid_spd                                  0x200040d8   Data         320  pid.o(.bss)
    pid_chassis_angle                        0x20004218   Data          80  pid.o(.bss)
    pid_rescue                               0x20004268   Data         240  pid.o(.bss)
    pid_rescue_spd                           0x20004358   Data         240  pid.o(.bss)
    pid_clamp                                0x20004448   Data         160  pid.o(.bss)
    pid_clamp_spd                            0x200044e8   Data         160  pid.o(.bss)
    pid_exchange_spd                         0x20004588   Data          80  pid.o(.bss)
    pid_clamp_attitude_adjustment            0x200045d8   Data          80  pid.o(.bss)
    pid_clamp_attitude_adjustment_spd        0x20004628   Data          80  pid.o(.bss)
    pid_upraise                              0x20004678   Data         160  pid.o(.bss)
    pid_upraise_spd                          0x20004718   Data         160  pid.o(.bss)
    pid_barrier_carry                        0x200047b8   Data         160  pid.o(.bss)
    pid_barrier_carry_spd                    0x20004858   Data         160  pid.o(.bss)
    pid_slide                                0x200048f8   Data         320  pid.o(.bss)
    pid_slide_spd                            0x20004a38   Data         320  pid.o(.bss)
    pid_heat_limit                           0x20004b78   Data          80  pid.o(.bss)
    pid_imu_tmp                              0x20004bc8   Data          80  pid.o(.bss)
    Mode                                     0x20004c18   Data          32  clamp.o(.bss)
    Motor_current_limit                      0x20004c38   Data         192  clamp.o(.bss)
    rc                                       0x20004cf8   Data          22  rc.o(.bss)
    dbus_buf                                 0x20004d0e   Data          72  dma.o(.bss)
    usart2_TXbuf                             0x20004d56   Data          18  dma.o(.bss)
    usart2_RXbuf                             0x20004d68   Data          18  dma.o(.bss)
    pc_rxbuf                                 0x20004d7a   Data        1024  dma.o(.bss)
    judge_rxbuf                              0x2000517a   Data        2048  dma.o(.bss)
    spi5_rx_buf                              0x2000597a   Data          23  dma.o(.bss)
    spi5_tx_buf                              0x20005991   Data          23  dma.o(.bss)
    motor_8010_TXbuf                         0x200059a8   Data          17  dma.o(.bss)
    motor_8010_RXbuf                         0x200059b9   Data          16  dma.o(.bss)
    xQueueRegistry                           0x200059cc   Data          64  queue.o(.bss)
    __initial_sp                             0x20026b60   Data           0  startup_stm32f427_437xx.o(STACK)



==============================================================================

Memory Map of the image

  Image Entry point : 0x080001ad

  Load Region LR_IROM1 (Base: 0x08000000, Size: 0x0001094c, Max: 0x00200000, ABSOLUTE, COMPRESSED[0x000101c8])

    Execution Region ER_IROM1 (Base: 0x08000000, Size: 0x0000ff88, Max: 0x00200000, ABSOLUTE)

    Base Addr    Size         Type   Attr      Idx    E Section Name        Object

    0x08000000   0x000001ac   Data   RO         4124    RESET               startup_stm32f427_437xx.o
    0x080001ac   0x00000000   Code   RO        10484  * .ARM.Collect$$$$00000000  mc_w.l(entry.o)
    0x080001ac   0x00000004   Code   RO        10825    .ARM.Collect$$$$00000001  mc_w.l(entry2.o)
    0x080001b0   0x00000004   Code   RO        10828    .ARM.Collect$$$$00000004  mc_w.l(entry5.o)
    0x080001b4   0x00000000   Code   RO        10830    .ARM.Collect$$$$00000008  mc_w.l(entry7b.o)
    0x080001b4   0x00000000   Code   RO        10832    .ARM.Collect$$$$0000000A  mc_w.l(entry8b.o)
    0x080001b4   0x00000008   Code   RO        10833    .ARM.Collect$$$$0000000B  mc_w.l(entry9a.o)
    0x080001bc   0x00000000   Code   RO        10835    .ARM.Collect$$$$0000000D  mc_w.l(entry10a.o)
    0x080001bc   0x00000000   Code   RO        10837    .ARM.Collect$$$$0000000F  mc_w.l(entry11a.o)
    0x080001bc   0x00000004   Code   RO        10826    .ARM.Collect$$$$00002712  mc_w.l(entry2.o)
    0x080001c0   0x000000b6   Code   RO         9930    .emb_text           port.o
    0x08000276   0x00000002   PAD
    0x08000278   0x00000024   Code   RO         4125    .text               startup_stm32f427_437xx.o
    0x0800029c   0x00000024   Code   RO        10487    .text               mc_w.l(memcpya.o)
    0x080002c0   0x00000024   Code   RO        10489    .text               mc_w.l(memseta.o)
    0x080002e4   0x0000000e   Code   RO        10491    .text               mc_w.l(strlen.o)
    0x080002f2   0x0000014e   Code   RO        10784    .text               mf_w.l(dadd.o)
    0x08000440   0x000000e4   Code   RO        10786    .text               mf_w.l(dmul.o)
    0x08000524   0x00000022   Code   RO        10792    .text               mf_w.l(dflti.o)
    0x08000546   0x0000003e   Code   RO        10796    .text               mf_w.l(dfixi.o)
    0x08000584   0x00000026   Code   RO        10798    .text               mf_w.l(f2d.o)
    0x080005aa   0x00000002   PAD
    0x080005ac   0x00000030   Code   RO        10800    .text               mf_w.l(cdcmple.o)
    0x080005dc   0x00000030   Code   RO        10802    .text               mf_w.l(cdrcmple.o)
    0x0800060c   0x00000038   Code   RO        10804    .text               mf_w.l(d2f.o)
    0x08000644   0x0000002c   Code   RO        10842    .text               mc_w.l(uidiv.o)
    0x08000670   0x0000001e   Code   RO        10846    .text               mc_w.l(llshl.o)
    0x0800068e   0x00000020   Code   RO        10848    .text               mc_w.l(llushr.o)
    0x080006ae   0x00000024   Code   RO        10850    .text               mc_w.l(llsshr.o)
    0x080006d2   0x00000000   Code   RO        10861    .text               mc_w.l(iusefp.o)
    0x080006d2   0x0000006e   Code   RO        10862    .text               mf_w.l(fepilogue.o)
    0x08000740   0x000000ba   Code   RO        10864    .text               mf_w.l(depilogue.o)
    0x080007fa   0x00000002   PAD
    0x080007fc   0x00000024   Code   RO        10870    .text               mc_w.l(init.o)
    0x08000820   0x00000056   Code   RO        10882    .text               mc_w.l(__dczerorl2.o)
    0x08000876   0x00000004   Code   RO          284    i.BusFault_Handler  stm32f4xx_it.o
    0x0800087a   0x00000002   PAD
    0x0800087c   0x0000010c   Code   RO         3817    i.CAN1_DEVICE       can.o
    0x08000988   0x00000030   Code   RO          555    i.CAN1_RX0_IRQHandler  bsp_can.o
    0x080009b8   0x00000110   Code   RO         3818    i.CAN2_DEVICE       can.o
    0x08000ac8   0x00000030   Code   RO          556    i.CAN2_RX0_IRQHandler  bsp_can.o
    0x08000af8   0x000000a8   Code   RO         4428    i.CAN_ClearITPendingBit  stm32f4xx_can.o
    0x08000ba0   0x00000108   Code   RO         4432    i.CAN_FilterInit    stm32f4xx_can.o
    0x08000ca8   0x00000120   Code   RO         4434    i.CAN_GetITStatus   stm32f4xx_can.o
    0x08000dc8   0x00000012   Code   RO         4438    i.CAN_ITConfig      stm32f4xx_can.o
    0x08000dda   0x00000114   Code   RO         4439    i.CAN_Init          stm32f4xx_can.o
    0x08000eee   0x000000f0   Code   RO         4442    i.CAN_Receive       stm32f4xx_can.o
    0x08000fde   0x00000126   Code   RO         4447    i.CAN_Transmit      stm32f4xx_can.o
    0x08001104   0x0000006c   Code   RO         1608    i.CAN_ecd_to_angle  info_get_task.o
    0x08001170   0x00000012   Code   RO         4450    i.CheckITStatus     stm32f4xx_can.o
    0x08001182   0x00000002   PAD
    0x08001184   0x00000030   Code   RO         4028    i.DMA2_Stream1_IRQHandler  dma.o
    0x080011b4   0x0000004c   Code   RO         4029    i.DMA2_Stream6_IRQHandler  dma.o
    0x08001200   0x00000034   Code   RO         5184    i.DMA_ClearFlag     stm32f4xx_dma.o
    0x08001234   0x00000016   Code   RO         5186    i.DMA_Cmd           stm32f4xx_dma.o
    0x0800124a   0x00000002   PAD
    0x0800124c   0x00000158   Code   RO         5187    i.DMA_DeInit        stm32f4xx_dma.o
    0x080013a4   0x00000016   Code   RO         5188    i.DMA_DoubleBufferModeCmd  stm32f4xx_dma.o
    0x080013ba   0x00000018   Code   RO         5189    i.DMA_DoubleBufferModeConfig  stm32f4xx_dma.o
    0x080013d2   0x00000008   Code   RO         5192    i.DMA_GetCurrDataCounter  stm32f4xx_dma.o
    0x080013da   0x00000014   Code   RO         5193    i.DMA_GetCurrentMemoryTarget  stm32f4xx_dma.o
    0x080013ee   0x00000002   PAD
    0x080013f0   0x00000044   Code   RO         5195    i.DMA_GetFlagStatus  stm32f4xx_dma.o
    0x08001434   0x00000064   Code   RO         5196    i.DMA_GetITStatus   stm32f4xx_dma.o
    0x08001498   0x0000003a   Code   RO         5197    i.DMA_ITConfig      stm32f4xx_dma.o
    0x080014d2   0x00000002   PAD
    0x080014d4   0x00000058   Code   RO         5198    i.DMA_Init          stm32f4xx_dma.o
    0x0800152c   0x00000004   Code   RO         5201    i.DMA_SetCurrDataCounter  stm32f4xx_dma.o
    0x08001530   0x00000002   Code   RO          285    i.DebugMon_Handler  stm32f4xx_it.o
    0x08001532   0x00000002   PAD
    0x08001534   0x00000094   Code   RO         5454    i.EXTI_Init         stm32f4xx_exti.o
    0x080015c8   0x000001d0   Code   RO         3136    i.GO_M8010_send_data  motor_8010.o
    0x08001798   0x00000214   Code   RO         3782    i.GPIO_INIT         gpio.o
    0x080019ac   0x00000090   Code   RO         5827    i.GPIO_Init         stm32f4xx_gpio.o
    0x08001a3c   0x00000046   Code   RO         5828    i.GPIO_PinAFConfig  stm32f4xx_gpio.o
    0x08001a82   0x00000004   Code   RO         5834    i.GPIO_ResetBits    stm32f4xx_gpio.o
    0x08001a86   0x00000004   Code   RO         5835    i.GPIO_SetBits      stm32f4xx_gpio.o
    0x08001a8a   0x0000000a   Code   RO         5839    i.GPIO_WriteBit     stm32f4xx_gpio.o
    0x08001a94   0x000002ec   Code   RO         1609    i.Get_Motor_info    info_get_task.o
    0x08001d80   0x0000000c   Code   RO          493    i.HAL_GetTick       stm32_tim_base.o
    0x08001d8c   0x0000001c   Code   RO          494    i.HAL_IncTick       stm32_tim_base.o
    0x08001da8   0x00000004   Code   RO          286    i.HardFault_Handler  stm32f4xx_it.o
    0x08001dac   0x0000004c   Code   RO         3783    i.KEY_EXTI          gpio.o
    0x08001df8   0x00000004   Code   RO          287    i.MemManage_Handler  stm32f4xx_it.o
    0x08001dfc   0x00000072   Code   RO         2294    i.Motor_PID_Struct_Init  motor_task.o
    0x08001e6e   0x00000002   PAD
    0x08001e70   0x000000b0   Code   RO         2295    i.Motor_Servo_handler  motor_task.o
    0x08001f20   0x000002cc   Code   RO         2296    i.Motor_angle_init  motor_task.o
    0x080021ec   0x0000034c   Code   RO         2297    i.Motor_base_init   motor_task.o
    0x08002538   0x00000090   Code   RO         2298    i.Motor_base_init_copy  motor_task.o
    0x080025c8   0x0000004c   Code   RO         3577    i.Motor_change_mode_angle  clamp.o
    0x08002614   0x000000f4   Code   RO         2300    i.Motor_current_into_CAN  motor_task.o
    0x08002708   0x00000090   Code   RO         3578    i.Motor_current_limit_handler  clamp.o
    0x08002798   0x0000007c   Code   RO         3579    i.Motor_current_limit_init  clamp.o
    0x08002814   0x00000058   Code   RO         3580    i.Motor_current_limit_reset  clamp.o
    0x0800286c   0x000002b4   Code   RO         2301    i.Motor_offset_angle_init  motor_task.o
    0x08002b20   0x0000016c   Code   RO         2302    i.Motor_pid_clac    motor_task.o
    0x08002c8c   0x000004c0   Code   RO         2303    i.Motor_pid_init    motor_task.o
    0x0800314c   0x00000238   Code   RO         2304    i.Motor_task        motor_task.o
    0x08003384   0x00000028   Code   RO         3582    i.Motor_uprise_angle_change  clamp.o
    0x080033ac   0x00000014   Code   RO         3905    i.MySPI_W_SCK       spi.o
    0x080033c0   0x00000014   Code   RO         3906    i.MySPI_W_SS        spi.o
    0x080033d4   0x00000002   Code   RO          288    i.NMI_Handler       stm32f4xx_it.o
    0x080033d6   0x00000002   PAD
    0x080033d8   0x00000078   Code   RO         4132    i.NVIC_Init         misc.o
    0x08003450   0x00000014   Code   RO         4133    i.NVIC_PriorityGroupConfig  misc.o
    0x08003464   0x00000084   Code   RO         3519    i.PID_Struct_Init   pid.o
    0x080034e8   0x00000020   Code   RO         6744    i.RCC_AHB1PeriphClockCmd  stm32f4xx_rcc.o
    0x08003508   0x00000020   Code   RO         6753    i.RCC_APB1PeriphClockCmd  stm32f4xx_rcc.o
    0x08003528   0x00000020   Code   RO         6755    i.RCC_APB1PeriphResetCmd  stm32f4xx_rcc.o
    0x08003548   0x00000020   Code   RO         6756    i.RCC_APB2PeriphClockCmd  stm32f4xx_rcc.o
    0x08003568   0x00000020   Code   RO         6758    i.RCC_APB2PeriphResetCmd  stm32f4xx_rcc.o
    0x08003588   0x000000e8   Code   RO         6765    i.RCC_GetClocksFreq  stm32f4xx_rcc.o
    0x08003670   0x0000004c   Code   RO         3907    i.SPI_DEVICE        spi.o
    0x080036bc   0x0000015c   Code   RO          557    i.STD_CAN_RxCpltCallback  bsp_can.o
    0x08003818   0x00000040   Code   RO         8064    i.SYSCFG_EXTILineConfig  stm32f4xx_syscfg.o
    0x08003858   0x00000120   Code   RO          347    i.SetSysClock       system_stm32f4xx.o
    0x08003978   0x00000034   Code   RO         3301    i.Stm32_SoftReset   keyboard.o
    0x080039ac   0x00000028   Code   RO         4136    i.SysTick_CLKSourceConfig  misc.o
    0x080039d4   0x00000010   Code   RO          289    i.SysTick_Handler   stm32f4xx_it.o
    0x080039e4   0x0000003c   Code   RO         3738    i.SysTick_Init      delay.o
    0x08003a20   0x00000068   Code   RO          349    i.SystemInit        system_stm32f4xx.o
    0x08003a88   0x0000002c   Code   RO          389    i.TASK_START        start_task.o
    0x08003ab4   0x000000f8   Code   RO         4089    i.TIM2_DEVICE       tim.o
    0x08003bac   0x00000020   Code   RO          495    i.TIM3_IRQHandler   stm32_tim_base.o
    0x08003bcc   0x000000e4   Code   RO         4090    i.TIM4_DEVICE       tim.o
    0x08003cb0   0x0000010c   Code   RO         4091    i.TIM5_DEVICE       tim.o
    0x08003dbc   0x00000018   Code   RO         8125    i.TIM_ARRPreloadConfig  stm32f4xx_tim.o
    0x08003dd4   0x00000064   Code   RO          496    i.TIM_BASE_Init     stm32_tim_base.o
    0x08003e38   0x00000006   Code   RO         8132    i.TIM_ClearITPendingBit  stm32f4xx_tim.o
    0x08003e3e   0x00000018   Code   RO         8137    i.TIM_Cmd           stm32f4xx_tim.o
    0x08003e56   0x00000022   Code   RO         8158    i.TIM_GetITStatus   stm32f4xx_tim.o
    0x08003e78   0x00000012   Code   RO         8162    i.TIM_ITConfig      stm32f4xx_tim.o
    0x08003e8a   0x00000002   PAD
    0x08003e8c   0x0000007c   Code   RO         8166    i.TIM_OC1Init       stm32f4xx_tim.o
    0x08003f08   0x00000012   Code   RO         8169    i.TIM_OC1PreloadConfig  stm32f4xx_tim.o
    0x08003f1a   0x00000002   PAD
    0x08003f1c   0x000000a4   Code   RO         8171    i.TIM_OC2Init       stm32f4xx_tim.o
    0x08003fc0   0x0000001a   Code   RO         8174    i.TIM_OC2PreloadConfig  stm32f4xx_tim.o
    0x08003fda   0x00000002   PAD
    0x08003fdc   0x000000a0   Code   RO         8176    i.TIM_OC3Init       stm32f4xx_tim.o
    0x0800407c   0x00000012   Code   RO         8179    i.TIM_OC3PreloadConfig  stm32f4xx_tim.o
    0x0800408e   0x00000002   PAD
    0x08004090   0x00000078   Code   RO         8181    i.TIM_OC4Init       stm32f4xx_tim.o
    0x08004108   0x0000001a   Code   RO         8183    i.TIM_OC4PreloadConfig  stm32f4xx_tim.o
    0x08004122   0x00000004   Code   RO         8199    i.TIM_SetCompare1   stm32f4xx_tim.o
    0x08004126   0x00000004   Code   RO         8200    i.TIM_SetCompare2   stm32f4xx_tim.o
    0x0800412a   0x00000004   Code   RO         8201    i.TIM_SetCompare3   stm32f4xx_tim.o
    0x0800412e   0x00000004   Code   RO         8202    i.TIM_SetCompare4   stm32f4xx_tim.o
    0x08004132   0x00000002   PAD
    0x08004134   0x00000084   Code   RO         8209    i.TIM_TimeBaseInit  stm32f4xx_tim.o
    0x080041b8   0x000000c0   Code   RO         3847    i.UART7_DEVICE      usart.o
    0x08004278   0x000000d0   Code   RO         3848    i.UART8_DEVICE      usart.o
    0x08004348   0x0000002c   Code   RO         1909    i.UART8_IRQHandler  detect_task.o
    0x08004374   0x000000d8   Code   RO         3849    i.USART1_DEVICE     usart.o
    0x0800444c   0x0000009c   Code   RO         4031    i.USART1_DMA        dma.o
    0x080044e8   0x000000fc   Code   RO         3992    i.USART1_IRQHandler  rc.o
    0x080045e4   0x000000d8   Code   RO         3850    i.USART3_DEVICE     usart.o
    0x080046bc   0x0000009c   Code   RO         4032    i.USART3_DMA        dma.o
    0x08004758   0x00000070   Code   RO         3191    i.USART3_IRQHandler  pc_task.o
    0x080047c8   0x000000f8   Code   RO         3851    i.USART6_DEVICE     usart.o
    0x080048c0   0x00000164   Code   RO         4033    i.USART6_DMA        dma.o
    0x08004a24   0x0000009c   Code   RO         2048    i.USART6_IRQHandler  judge_task.o
    0x08004ac0   0x00000012   Code   RO         8687    i.USART_ClearFlag   stm32f4xx_usart.o
    0x08004ad2   0x0000001e   Code   RO         8688    i.USART_ClearITPendingBit  stm32f4xx_usart.o
    0x08004af0   0x00000018   Code   RO         8691    i.USART_Cmd         stm32f4xx_usart.o
    0x08004b08   0x00000012   Code   RO         8692    i.USART_DMACmd      stm32f4xx_usart.o
    0x08004b1a   0x00000002   PAD
    0x08004b1c   0x000000f0   Code   RO         8693    i.USART_DeInit      stm32f4xx_usart.o
    0x08004c0c   0x0000001a   Code   RO         8694    i.USART_GetFlagStatus  stm32f4xx_usart.o
    0x08004c26   0x00000054   Code   RO         8695    i.USART_GetITStatus  stm32f4xx_usart.o
    0x08004c7a   0x0000004a   Code   RO         8697    i.USART_ITConfig    stm32f4xx_usart.o
    0x08004cc4   0x000000d4   Code   RO         8698    i.USART_Init        stm32f4xx_usart.o
    0x08004d98   0x0000000a   Code   RO         8705    i.USART_ReceiveData  stm32f4xx_usart.o
    0x08004da2   0x00000004   Code   RO          290    i.UsageFault_Handler  stm32f4xx_it.o
    0x08004da6   0x00000026   Code   RO         2305    i.Whether_Brushless_Motor  motor_task.o
    0x08004dcc   0x00000028   Code   RO        10586    i.__0sprintf$3      mc_w.l(printf3.o)
    0x08004df4   0x00000014   Code   RO        10442    i.__hardfp_fabs     m_wm.l(fabs.o)
    0x08004e08   0x0000000e   Code   RO        10876    i.__scatterload_copy  mc_w.l(handlers.o)
    0x08004e16   0x00000002   Code   RO        10877    i.__scatterload_null  mc_w.l(handlers.o)
    0x08004e18   0x0000000e   Code   RO        10878    i.__scatterload_zeroinit  mc_w.l(handlers.o)
    0x08004e26   0x00000002   PAD
    0x08004e28   0x000001b8   Code   RO        10591    i._printf_core      mc_w.l(printf3.o)
    0x08004fe0   0x0000000a   Code   RO        10593    i._sputc            mc_w.l(printf3.o)
    0x08004fea   0x0000002e   Code   RO         3520    i.abs_limit         pid.o
    0x08005018   0x00000030   Code   RO         2592    i.append_crc16_check_sum  protocol.o
    0x08005048   0x00000026   Code   RO         2593    i.append_crc8_check_sum  protocol.o
    0x0800506e   0x00000002   PAD
    0x08005070   0x00000094   Code   RO         2157    i.barrier_carry_cmd_time  barrier_carry_task.o
    0x08005104   0x0000006c   Code   RO         2158    i.barrier_carry_enable_handler  barrier_carry_task.o
    0x08005170   0x00000014   Code   RO         2159    i.barrier_carry_init_handler  barrier_carry_task.o
    0x08005184   0x00000020   Code   RO         1910    i.barrier_carry_is_controllable  detect_task.o
    0x080051a4   0x00000024   Code   RO         2160    i.barrier_carry_param_init  barrier_carry_task.o
    0x080051c8   0x000000ac   Code   RO         2161    i.barrier_carry_task  barrier_carry_task.o
    0x08005274   0x000000f8   Code   RO         3583    i.big_island_slanted_clamp_handler  clamp.o
    0x0800536c   0x00000100   Code   RO         3584    i.big_island_stright_clamp_handler  clamp.o
    0x0800546c   0x000000ec   Code   RO         2555    i.can_msg_send_task  comm_task.o
    0x08005558   0x00000008   Code   RO         1311    i.chassis_ahead_to_back  chassis_task.o
    0x08005560   0x00000074   Code   RO         1312    i.chassis_ahead_to_front  chassis_task.o
    0x080055d4   0x00000094   Code   RO         1313    i.chassis_exchange_angle_handler  chassis_task.o
    0x08005668   0x00000074   Code   RO         1314    i.chassis_exchange_handler  chassis_task.o
    0x080056dc   0x00000020   Code   RO         1911    i.chassis_is_controllable  detect_task.o
    0x080056fc   0x00000138   Code   RO         3371    i.chassis_operation_func  remote_ctrl.o
    0x08005834   0x000000a0   Code   RO         1315    i.chassis_param_init  chassis_task.o
    0x080058d4   0x00000024   Code   RO         1316    i.chassis_stop_handler  chassis_task.o
    0x080058f8   0x000002ac   Code   RO         1317    i.chassis_task      chassis_task.o
    0x08005ba4   0x00000014   Code   RO         3585    i.check_handler     clamp.o
    0x08005bb8   0x00000338   Code   RO         3586    i.clamp_angle_handle  clamp.o
    0x08005ef0   0x000000dc   Code   RO         3587    i.clamp_ground_handler  clamp.o
    0x08005fcc   0x00000044   Code   RO         1769    i.clamp_param_init  clamp_task.o
    0x08006010   0x0000001c   Code   RO         1771    i.clamp_task        clamp_task.o
    0x0800602c   0x00000014   Code   RO         2847    i.client_graphic_delete_pick  judge_tx_data.o
    0x08006040   0x000000d4   Code   RO         2848    i.client_graphic_draw_Height  judge_tx_data.o
    0x08006114   0x00000154   Code   RO         2849    i.client_graphic_draw_Height_change  judge_tx_data.o
    0x08006268   0x000000d8   Code   RO         2850    i.client_graphic_draw_OFF  judge_tx_data.o
    0x08006340   0x000000d8   Code   RO         2851    i.client_graphic_draw_OFF_init  judge_tx_data.o
    0x08006418   0x000000d8   Code   RO         2852    i.client_graphic_draw_ON  judge_tx_data.o
    0x080064f0   0x000000d4   Code   RO         2853    i.client_graphic_draw_chassis1  judge_tx_data.o
    0x080065c4   0x000000d4   Code   RO         2854    i.client_graphic_draw_chassis2  judge_tx_data.o
    0x08006698   0x000000d4   Code   RO         2855    i.client_graphic_draw_chassis3  judge_tx_data.o
    0x0800676c   0x000000d4   Code   RO         2856    i.client_graphic_draw_chassis4  judge_tx_data.o
    0x08006840   0x000000d4   Code   RO         2857    i.client_graphic_draw_chassis5  judge_tx_data.o
    0x08006914   0x000000d4   Code   RO         2858    i.client_graphic_draw_chassis6  judge_tx_data.o
    0x080069e8   0x000000d4   Code   RO         2859    i.client_graphic_draw_chassis7  judge_tx_data.o
    0x08006abc   0x000000d4   Code   RO         2860    i.client_graphic_draw_chassis8  judge_tx_data.o
    0x08006b90   0x000000d4   Code   RO         2861    i.client_graphic_draw_chassis_init  judge_tx_data.o
    0x08006c64   0x000000d4   Code   RO         2862    i.client_graphic_draw_pick  judge_tx_data.o
    0x08006d38   0x000000d4   Code   RO         2863    i.client_graphic_draw_pick_box0  judge_tx_data.o
    0x08006e0c   0x000000d4   Code   RO         2864    i.client_graphic_draw_pick_box1  judge_tx_data.o
    0x08006ee0   0x000000d4   Code   RO         2865    i.client_graphic_draw_pick_box2  judge_tx_data.o
    0x08006fb4   0x000000d4   Code   RO         2866    i.client_graphic_draw_pick_box_init  judge_tx_data.o
    0x08007088   0x000000d4   Code   RO         2867    i.client_graphic_draw_text1  judge_tx_data.o
    0x0800715c   0x000000d4   Code   RO         2868    i.client_graphic_draw_text2  judge_tx_data.o
    0x08007230   0x000000d4   Code   RO         2869    i.client_graphic_draw_text3  judge_tx_data.o
    0x08007304   0x00000144   Code   RO         2264    i.controller_task   controller.o
    0x08007448   0x00000150   Code   RO         2473    i.coom_8010_task    comm_8010_task.o
    0x08007598   0x00000022   Code   RO         3121    i.crc_ccitt         crc.o
    0x080075ba   0x00000002   PAD
    0x080075bc   0x00000018   Code   RO         3095    i.crc_ccitt_byte    crc.o
    0x080075d4   0x00000058   Code   RO         2750    i.data_packet_pack  data_packet.o
    0x0800762c   0x00000064   Code   RO         1913    i.detect_param_init  detect_task.o
    0x08007690   0x0000030c   Code   RO         1914    i.detect_task       detect_task.o
    0x0800799c   0x000000f0   Code   RO         2751    i.dma_buffer_to_unpack_buffer  data_packet.o
    0x08007a8c   0x0000011c   Code   RO         3372    i.ecxchange_operation_func  remote_ctrl.o
    0x08007ba8   0x0000007e   Code   RO          558    i.encoder_data_handler  bsp_can.o
    0x08007c26   0x00000002   PAD
    0x08007c28   0x00000018   Code   RO         1915    i.err_detector_hook  detect_task.o
    0x08007c40   0x000000b0   Code   RO         3588    i.exchange_handler  clamp.o
    0x08007cf0   0x00000060   Code   RO         2660    i.fifo_s_get        data_fifo.o
    0x08007d50   0x0000007e   Code   RO         2661    i.fifo_s_gets       data_fifo.o
    0x08007dce   0x00000042   Code   RO         2662    i.fifo_s_init       data_fifo.o
    0x08007e10   0x00000084   Code   RO         2665    i.fifo_s_puts       data_fifo.o
    0x08007e94   0x00000010   Code   RO         2666    i.fifo_used_count   data_fifo.o
    0x08007ea4   0x00000050   Code   RO         2475    i.get_8010_angle    comm_8010_task.o
    0x08007ef4   0x000000a4   Code   RO         1424    i.get_barrier_carry_mode  modeswitch_task.o
    0x08007f98   0x0000000c   Code   RO         1611    i.get_chassis_info  info_get_task.o
    0x08007fa4   0x00000208   Code   RO         1425    i.get_chassis_mode  modeswitch_task.o
    0x080081ac   0x0000000c   Code   RO         1426    i.get_clamp_big_island_mode  modeswitch_task.o
    0x080081b8   0x00000030   Code   RO         1427    i.get_clamp_enter_mode  modeswitch_task.o
    0x080081e8   0x00000050   Code   RO         1612    i.get_clamp_info    info_get_task.o
    0x08008238   0x00000260   Code   RO         1428    i.get_clamp_mode    modeswitch_task.o
    0x08008498   0x0000001c   Code   RO         1429    i.get_clamp_small_island_mode  modeswitch_task.o
    0x080084b4   0x00000060   Code   RO         1430    i.get_clamp_upraise_updown_flag  modeswitch_task.o
    0x08008514   0x00000034   Code   RO         2594    i.get_crc16_check_sum  protocol.o
    0x08008548   0x00000024   Code   RO         2595    i.get_crc8_check_sum  protocol.o
    0x0800856c   0x0000001a   Code   RO         2752    i.get_dma_memory_msg  data_packet.o
    0x08008586   0x00000002   PAD
    0x08008588   0x00000070   Code   RO         1431    i.get_gimbal_mode   modeswitch_task.o
    0x080085f8   0x00000090   Code   RO         1613    i.get_global_last_info  info_get_task.o
    0x08008688   0x00000178   Code   RO         1432    i.get_last_mode     modeswitch_task.o
    0x08008800   0x00000040   Code   RO         1433    i.get_main_mode     modeswitch_task.o
    0x08008840   0x00000044   Code   RO         1614    i.get_manipulator_info  info_get_task.o
    0x08008884   0x0000002c   Code   RO         1434    i.get_monitor_display_mode  modeswitch_task.o
    0x080088b0   0x00000010   Code   RO          559    i.get_moto_offset   bsp_can.o
    0x080088c0   0x0000003a   Code   RO         1615    i.get_relative_pos  info_get_task.o
    0x080088fa   0x00000002   PAD
    0x080088fc   0x00000034   Code   RO         1616    i.get_slide_info    info_get_task.o
    0x08008930   0x000000e0   Code   RO         1617    i.get_structure_param  info_get_task.o
    0x08008a10   0x000000a4   Code   RO         1435    i.get_supply_mode   modeswitch_task.o
    0x08008ab4   0x00000034   Code   RO         1618    i.get_upraise_info  info_get_task.o
    0x08008ae8   0x0000000c   Code   RO         1436    i.get_view_switch   modeswitch_task.o
    0x08008af4   0x00000068   Code   RO         1555    i.gimbal_engineer_handler  gimbal_task.o
    0x08008b5c   0x00000038   Code   RO         1556    i.gimbal_nomarl_handler  gimbal_task.o
    0x08008b94   0x000000c4   Code   RO         3373    i.gimbal_operation_func  remote_ctrl.o
    0x08008c58   0x00000014   Code   RO         1557    i.gimbal_param_init  gimbal_task.o
    0x08008c6c   0x00000014   Code   RO         1558    i.gimbal_release_handler  gimbal_task.o
    0x08008c80   0x00000090   Code   RO         1559    i.gimbal_task       gimbal_task.o
    0x08008d10   0x000001c4   Code   RO         3138    i.go8010_receive    motor_8010.o
    0x08008ed4   0x00000048   Code   RO         2476    i.go_8010_init      comm_8010_task.o
    0x08008f1c   0x000000d8   Code   RO         2477    i.go_8010_init_task  comm_8010_task.o
    0x08008ff4   0x0000003c   Code   RO         2478    i.go_8010_stop      comm_8010_task.o
    0x08009030   0x00000054   Code   RO         2479    i.go_8010_test_tesk1  comm_8010_task.o
    0x08009084   0x00000010   Code   RO          497    i.inHandlerMode     stm32_tim_base.o
    0x08009094   0x00000148   Code   RO         1619    i.info_get_task     info_get_task.o
    0x080091dc   0x000000a8   Code   RO         2480    i.judge_duzhuan_OK  comm_8010_task.o
    0x08009284   0x00000048   Code   RO         2049    i.judge_rx_task     judge_task.o
    0x080092cc   0x000000b8   Code   RO         2050    i.judge_tx_task     judge_task.o
    0x08009384   0x00000788   Code   RO         2870    i.judgement_client_graphics_draw_pack  judge_tx_data.o
    0x08009b0c   0x00000234   Code   RO         2810    i.judgement_data_handler  judge_rx_data.o
    0x08009d40   0x0000006c   Code   RO         2811    i.judgement_rx_param_init  judge_rx_data.o
    0x08009dac   0x0000002c   Code   RO         2872    i.judgement_tx_param_init  judge_tx_data.o
    0x08009dd8   0x000001f8   Code   RO         3302    i.kb_adrust_angle_ctrl  keyboard.o
    0x08009fd0   0x0000000c   Code   RO         3374    i.kb_enable_hook    remote_ctrl.o
    0x08009fdc   0x00000024   Code   RO         3303    i.kb_kb_adrust_angle_change  keyboard.o
    0x0800a000   0x00000010   Code   RO         3304    i.keyboard_clamp_hook  keyboard.o
    0x0800a010   0x00000078   Code   RO         3305    i.keyboard_exchange_hook  keyboard.o
    0x0800a088   0x00000040   Code   RO         3306    i.keyboard_init_hook  keyboard.o
    0x0800a0c8   0x000000b0   Code   RO            5    i.main              main.o
    0x0800a178   0x000004c0   Code   RO         2217    i.manipulator_pid_init  manipulator_task.o
    0x0800a638   0x000003bc   Code   RO         1319    i.mecanum_calc      chassis_task.o
    0x0800a9f4   0x00000058   Code   RO         1437    i.mode_switch_task  modeswitch_task.o
    0x0800aa4c   0x0000008c   Code   RO         1917    i.module_offline_detect  detect_task.o
    0x0800aad8   0x00000038   Code   RO          560    i.moto_err_id_init  bsp_can.o
    0x0800ab10   0x00000068   Code   RO         3589    i.normal_clmap_handler  clamp.o
    0x0800ab78   0x00000014   Code   RO          498    i.osKernelSysTick   stm32_tim_base.o
    0x0800ab8c   0x0000006c   Code   RO         3010    i.pc_rx_param_init  pc_rx_data.o
    0x0800abf8   0x00000054   Code   RO         3192    i.pc_rx_task        pc_task.o
    0x0800ac4c   0x00000014   Code   RO         3048    i.pc_send_data_packet_pack  pc_tx_data.o
    0x0800ac60   0x0000002c   Code   RO         3049    i.pc_tx_param_init  pc_tx_data.o
    0x0800ac8c   0x00000034   Code   RO         3193    i.pc_tx_task        pc_task.o
    0x0800acc0   0x00000098   Code   RO         3590    i.pick_handler      clamp.o
    0x0800ad58   0x0000011c   Code   RO         3522    i.pid_calc          pid.o
    0x0800ae74   0x0000001e   Code   RO         3523    i.pid_init          pid.o
    0x0800ae92   0x00000002   PAD
    0x0800ae94   0x00000034   Code   RO         3524    i.pid_reset         pid.o
    0x0800aec8   0x00000070   Code   RO         2753    i.protocol_packet_pack  data_packet.o
    0x0800af38   0x00000098   Code   RO         9361    i.prvAddCurrentTaskToDelayedList  tasks.o
    0x0800afd0   0x000000b8   Code   RO         9362    i.prvAddNewTaskToReadyList  tasks.o
    0x0800b088   0x00000064   Code   RO         9727    i.prvCheckForValidListAndQueue  timers.o
    0x0800b0ec   0x00000064   Code   RO         9363    i.prvCheckTasksWaitingTermination  tasks.o
    0x0800b150   0x0000002a   Code   RO         9119    i.prvCopyDataFromQueue  queue.o
    0x0800b17a   0x0000007c   Code   RO         9120    i.prvCopyDataToQueue  queue.o
    0x0800b1f6   0x00000012   Code   RO         9364    i.prvDeleteTCB      tasks.o
    0x0800b208   0x00000028   Code   RO         9728    i.prvGetNextExpireTime  timers.o
    0x0800b230   0x0000007c   Code   RO         9869    i.prvHeapInit       heap_4.o
    0x0800b2ac   0x00000028   Code   RO         9365    i.prvIdleTask       tasks.o
    0x0800b2d4   0x0000001c   Code   RO         9121    i.prvInitialiseMutex  queue.o
    0x0800b2f0   0x0000002e   Code   RO         9122    i.prvInitialiseNewQueue  queue.o
    0x0800b31e   0x000000b6   Code   RO         9366    i.prvInitialiseNewTask  tasks.o
    0x0800b3d4   0x00000068   Code   RO         9367    i.prvInitialiseTaskLists  tasks.o
    0x0800b43c   0x00000068   Code   RO         9870    i.prvInsertBlockIntoFreeList  heap_4.o
    0x0800b4a4   0x00000058   Code   RO         9730    i.prvInsertTimerInActiveList  timers.o
    0x0800b4fc   0x0000001a   Code   RO         9123    i.prvIsQueueEmpty   queue.o
    0x0800b516   0x0000001e   Code   RO         9124    i.prvIsQueueFull    queue.o
    0x0800b534   0x00000090   Code   RO         9125    i.prvNotifyQueueSetContainer  queue.o
    0x0800b5c4   0x00000064   Code   RO         9731    i.prvProcessExpiredTimer  timers.o
    0x0800b628   0x000000f8   Code   RO         9732    i.prvProcessReceivedCommands  timers.o
    0x0800b720   0x00000074   Code   RO         9733    i.prvProcessTimerOrBlockTask  timers.o
    0x0800b794   0x00000034   Code   RO         9369    i.prvResetNextTaskUnblockTime  tasks.o
    0x0800b7c8   0x0000002c   Code   RO         9734    i.prvSampleTimeNow  timers.o
    0x0800b7f4   0x000000a0   Code   RO         9735    i.prvSwitchTimerLists  timers.o
    0x0800b894   0x00000016   Code   RO         9371    i.prvTaskCheckFreeStackSpace  tasks.o
    0x0800b8aa   0x00000002   PAD
    0x0800b8ac   0x00000040   Code   RO         9931    i.prvTaskExitError  port.o
    0x0800b8ec   0x0000001a   Code   RO         9736    i.prvTimerTask      timers.o
    0x0800b906   0x00000092   Code   RO         9126    i.prvUnlockQueue    queue.o
    0x0800b998   0x0000013c   Code   RO         9871    i.pvPortMalloc      heap_4.o
    0x0800bad4   0x00000020   Code   RO         9373    i.pvTaskIncrementMutexHeldCount  tasks.o
    0x0800baf4   0x0000002c   Code   RO         9932    i.pxPortInitialiseStack  port.o
    0x0800bb20   0x00000014   Code   RO         3490    i.ramp_init         ramp.o
    0x0800bb34   0x00000030   Code   RO         3375    i.rc_barrier_carry_cmd  remote_ctrl.o
    0x0800bb64   0x000000c0   Code   RO         3377    i.rc_clamp_store_cmd  remote_ctrl.o
    0x0800bc24   0x0000007c   Code   RO         3378    i.rc_exchange_action_cmd  remote_ctrl.o
    0x0800bca0   0x00000078   Code   RO         3379    i.rc_exchange_ore_cmd  remote_ctrl.o
    0x0800bd18   0x00000050   Code   RO         2481    i.ref_8010_angle    comm_8010_task.o
    0x0800bd68   0x00000184   Code   RO         3380    i.remote_ctrl       remote_ctrl.o
    0x0800beec   0x00000040   Code   RO         3381    i.remote_ctrl_barrier_carry_hook  remote_ctrl.o
    0x0800bf2c   0x0000001c   Code   RO         3382    i.remote_ctrl_chassis_hook  remote_ctrl.o
    0x0800bf48   0x00000084   Code   RO         3383    i.remote_ctrl_clamp_hook  remote_ctrl.o
    0x0800bfcc   0x000000e8   Code   RO         3384    i.remote_ctrl_gimbal_hook  remote_ctrl.o
    0x0800c0b4   0x00000060   Code   RO         3385    i.remote_ctrl_supply_hook  remote_ctrl.o
    0x0800c114   0x00000050   Code   RO          561    i.send_can1_high_cur  bsp_can.o
    0x0800c164   0x00000064   Code   RO          562    i.send_can1_low_cur  bsp_can.o
    0x0800c1c8   0x00000050   Code   RO          563    i.send_can2_high_cur  bsp_can.o
    0x0800c218   0x00000064   Code   RO          564    i.send_can2_low_cur  bsp_can.o
    0x0800c27c   0x0000003c   Code   RO         2754    i.send_packed_fifo_data  data_packet.o
    0x0800c2b8   0x00000378   Code   RO         2088    i.slide_PID_INIT    slide_task.o
    0x0800c630   0x000001ec   Code   RO         2089    i.slide_change_angle_ref  slide_task.o
    0x0800c81c   0x000002c8   Code   RO         2090    i.slide_init_handler  slide_task.o
    0x0800cae4   0x000001dc   Code   RO         2091    i.slide_motor_angle  slide_task.o
    0x0800ccc0   0x0000009c   Code   RO         2092    i.slide_param_init  slide_task.o
    0x0800cd5c   0x000001a8   Code   RO         2093    i.slide_task        slide_task.o
    0x0800cf04   0x000001ac   Code   RO         3591    i.small_island_clamp_handler  clamp.o
    0x0800d0b0   0x000002f8   Code   RO          390    i.start_task        start_task.o
    0x0800d3a8   0x00000100   Code   RO         3592    i.store_handler     clamp.o
    0x0800d4a8   0x0000000c   Code   RO         1999    i.supply_init_handler  supply_task.o
    0x0800d4b4   0x00000078   Code   RO         3386    i.supply_operation_func  remote_ctrl.o
    0x0800d52c   0x00000002   Code   RO         2000    i.supply_param_init  supply_task.o
    0x0800d52e   0x00000002   PAD
    0x0800d530   0x0000007c   Code   RO         2001    i.supply_task       supply_task.o
    0x0800d5ac   0x0000008c   Code   RO         2002    i.supply_to_hero_handler  supply_task.o
    0x0800d638   0x00000088   Code   RO         2482    i.tamp_task         comm_8010_task.o
    0x0800d6c0   0x00000162   Code   RO         2755    i.unpack_fifo_data  data_packet.o
    0x0800d822   0x00000002   PAD
    0x0800d824   0x00000148   Code   RO         1701    i.upraise_change_angle_ref  upraise_task.o
    0x0800d96c   0x00000214   Code   RO         1702    i.upraise_init_handler  upraise_task.o
    0x0800db80   0x00000128   Code   RO         1703    i.upraise_motor_angle  upraise_task.o
    0x0800dca8   0x000000a0   Code   RO         1704    i.upraise_param_init  upraise_task.o
    0x0800dd48   0x00000350   Code   RO         1705    i.upraise_task      upraise_task.o
    0x0800e098   0x00000020   Code   RO         2756    i.usart_send_data   data_packet.o
    0x0800e0b8   0x00000028   Code   RO         9070    i.uxListRemove      list.o
    0x0800e0e0   0x00000028   Code   RO         9376    i.uxTaskGetStackHighWaterMark  tasks.o
    0x0800e108   0x0000001a   Code   RO         9071    i.vListInitialise   list.o
    0x0800e122   0x00000006   Code   RO         9072    i.vListInitialiseItem  list.o
    0x0800e128   0x00000034   Code   RO         9073    i.vListInsert       list.o
    0x0800e15c   0x00000018   Code   RO         9074    i.vListInsertEnd    list.o
    0x0800e174   0x00000054   Code   RO         9934    i.vPortEnterCritical  port.o
    0x0800e1c8   0x0000003c   Code   RO         9935    i.vPortExitCritical  port.o
    0x0800e204   0x00000094   Code   RO         9872    i.vPortFree         heap_4.o
    0x0800e298   0x00000020   Code   RO         9936    i.vPortSetupTimerInterrupt  port.o
    0x0800e2b8   0x00000078   Code   RO         9937    i.vPortValidateInterruptPriority  port.o
    0x0800e330   0x0000002c   Code   RO         9132    i.vQueueAddToRegistry  queue.o
    0x0800e35c   0x0000004a   Code   RO         9136    i.vQueueWaitForMessageRestricted  queue.o
    0x0800e3a6   0x00000002   PAD
    0x0800e3a8   0x000000d4   Code   RO         9383    i.vTaskDelayUntil   tasks.o
    0x0800e47c   0x000000f4   Code   RO         9384    i.vTaskDelete       tasks.o
    0x0800e570   0x0000000c   Code   RO         9387    i.vTaskMissedYield  tasks.o
    0x0800e57c   0x00000038   Code   RO         9389    i.vTaskPlaceOnEventList  tasks.o
    0x0800e5b4   0x00000040   Code   RO         9390    i.vTaskPlaceOnEventListRestricted  tasks.o
    0x0800e5f4   0x000000b0   Code   RO         9392    i.vTaskPriorityInherit  tasks.o
    0x0800e6a4   0x00000030   Code   RO         9396    i.vTaskSetTimeOutState  tasks.o
    0x0800e6d4   0x0000009c   Code   RO         9397    i.vTaskStartScheduler  tasks.o
    0x0800e770   0x00000010   Code   RO         9399    i.vTaskSuspendAll   tasks.o
    0x0800e780   0x000000c4   Code   RO         9400    i.vTaskSwitchContext  tasks.o
    0x0800e844   0x00000040   Code   RO         2596    i.verify_crc16_check_sum  protocol.o
    0x0800e884   0x00000030   Code   RO         2597    i.verify_crc8_check_sum  protocol.o
    0x0800e8b4   0x0000013c   Code   RO         9938    i.xPortStartScheduler  port.o
    0x0800e9f0   0x00000034   Code   RO         9939    i.xPortSysTickHandler  port.o
    0x0800ea24   0x00000022   Code   RO         9139    i.xQueueCreateMutex  queue.o
    0x0800ea46   0x00000058   Code   RO         9141    i.xQueueGenericCreate  queue.o
    0x0800ea9e   0x00000002   PAD
    0x0800eaa0   0x000001c4   Code   RO         9142    i.xQueueGenericReceive  queue.o
    0x0800ec64   0x00000098   Code   RO         9143    i.xQueueGenericReset  queue.o
    0x0800ecfc   0x000001c8   Code   RO         9144    i.xQueueGenericSend  queue.o
    0x0800eec4   0x00000108   Code   RO         9145    i.xQueueGenericSendFromISR  queue.o
    0x0800efcc   0x0000008c   Code   RO         9401    i.xTaskCheckForTimeOut  tasks.o
    0x0800f058   0x00000060   Code   RO         9402    i.xTaskCreate       tasks.o
    0x0800f0b8   0x00000104   Code   RO         9403    i.xTaskGenericNotify  tasks.o
    0x0800f1bc   0x00000144   Code   RO         9404    i.xTaskGenericNotifyFromISR  tasks.o
    0x0800f300   0x00000020   Code   RO         9407    i.xTaskGetSchedulerState  tasks.o
    0x0800f320   0x0000000c   Code   RO         9408    i.xTaskGetTickCount  tasks.o
    0x0800f32c   0x00000014   Code   RO         9409    i.xTaskGetTickCountFromISR  tasks.o
    0x0800f340   0x00000148   Code   RO         9410    i.xTaskIncrementTick  tasks.o
    0x0800f488   0x000000a0   Code   RO         9412    i.xTaskNotifyWait   tasks.o
    0x0800f528   0x000000c8   Code   RO         9413    i.xTaskPriorityDisinherit  tasks.o
    0x0800f5f0   0x00000098   Code   RO         9414    i.xTaskRemoveFromEventList  tasks.o
    0x0800f688   0x00000104   Code   RO         9416    i.xTaskResumeAll    tasks.o
    0x0800f78c   0x00000054   Code   RO         9740    i.xTimerCreateTimerTask  timers.o
    0x0800f7e0   0x00000084   Code   RO         9741    i.xTimerGenericCommand  timers.o
    0x0800f864   0x00000302   Data   RO         2598    .constdata          protocol.o
    0x0800fb66   0x00000400   Data   RO         3097    .constdata          crc.o
    0x0800ff66   0x00000002   PAD
    0x0800ff68   0x00000020   Data   RO        10874    Region$$Table       anon$$obj.o


    Execution Region RW_IRAM1 (Base: 0x20000000, Size: 0x00026b60, Max: 0x00030000, ABSOLUTE, COMPRESSED[0x00000240])

    Base Addr    Size         Type   Attr      Idx    E Section Name        Object

    0x20000000   0x00000014   Data   RW          351    .data               system_stm32f4xx.o
    0x20000014   0x0000004c   Data   RW          391    .data               start_task.o
    0x20000060   0x00000004   Data   RW          499    .data               stm32_tim_base.o
    0x20000064   0x00000018   Data   RW          566    .data               bsp_can.o
    0x2000007c   0x0000006c   Data   RW         1321    .data               chassis_task.o
    0x200000e8   0x0000001e   Data   RW         1439    .data               modeswitch_task.o
    0x20000106   0x00000002   PAD
    0x20000108   0x00000008   Data   RW         1561    .data               gimbal_task.o
    0x20000110   0x00000014   Data   RW         1621    .data               info_get_task.o
    0x20000124   0x00000050   Data   RW         1707    .data               upraise_task.o
    0x20000174   0x00000082   Data   RW         1784    .data               clamp_task.o
    0x200001f6   0x00000002   PAD
    0x200001f8   0x000001f0   Data   RW         1920    .data               detect_task.o
    0x200003e8   0x00000015   Data   RW         2003    .data               supply_task.o
    0x200003fd   0x00000003   PAD
    0x20000400   0x0000007a   Data   RW         2051    .data               judge_task.o
    0x2000047a   0x00000002   PAD
    0x2000047c   0x00000040   Data   RW         2095    .data               slide_task.o
    0x200004bc   0x00000012   Data   RW         2163    .data               barrier_carry_task.o
    0x200004ce   0x00000002   PAD
    0x200004d0   0x00000013   Data   RW         2219    .data               manipulator_task.o
    0x200004e3   0x00000001   PAD
    0x200004e4   0x00000021   Data   RW         2309    .data               motor_task.o
    0x20000505   0x00000003   PAD
    0x20000508   0x00000048   Data   RW         2484    .data               comm_8010_task.o
    0x20000550   0x00000005   Data   RW         2559    .data               comm_task.o
    0x20000555   0x00000001   PAD
    0x20000556   0x00000002   Data   RW         2599    .data               protocol.o
    0x20000558   0x00000009   Data   RW         2757    .data               data_packet.o
    0x20000561   0x00000003   PAD
    0x20000564   0x00000008   Data   RW         2813    .data               judge_rx_data.o
    0x2000056c   0x000002c0   Data   RW         2874    .data               judge_tx_data.o
    0x2000082c   0x00000038   Data   RW         3012    .data               pc_rx_data.o
    0x20000864   0x0000000c   Data   RW         3051    .data               pc_tx_data.o
    0x20000870   0x00000020   Data   RW         3141    .data               motor_8010.o
    0x20000890   0x00000010   Data   RW         3194    .data               pc_task.o
    0x200008a0   0x00000038   Data   RW         3308    .data               keyboard.o
    0x200008d8   0x00000040   Data   RW         3388    .data               remote_ctrl.o
    0x20000918   0x00000017   Data   RW         3594    .data               clamp.o
    0x2000092f   0x00000001   PAD
    0x20000930   0x00000004   Data   RW         3742    .data               delay.o
    0x20000934   0x00000002   Data   RW         3994    .data               rc.o
    0x20000936   0x00000010   Data   RW         6797    .data               stm32f4xx_rcc.o
    0x20000946   0x00000002   PAD
    0x20000948   0x00000044   Data   RW         9419    .data               tasks.o
    0x2000098c   0x00000014   Data   RW         9747    .data               timers.o
    0x200009a0   0x00000018   Data   RW         9877    .data               heap_4.o
    0x200009b8   0x0000000c   Data   RW         9940    .data               port.o
    0x200009c4   0x000008a8   Zero   RW          565    .bss                bsp_can.o
    0x2000126c   0x00000060   Zero   RW         1320    .bss                chassis_task.o
    0x200012cc   0x00000024   Zero   RW         1560    .bss                gimbal_task.o
    0x200012f0   0x00000028   Zero   RW         1706    .bss                upraise_task.o
    0x20001318   0x00000074   Zero   RW         1783    .bss                clamp_task.o
    0x2000138c   0x0000019c   Zero   RW         1919    .bss                detect_task.o
    0x20001528   0x0000019c   Zero   RW         2094    .bss                slide_task.o
    0x200016c4   0x00000030   Zero   RW         2162    .bss                barrier_carry_task.o
    0x200016f4   0x00000004   PAD
    0x200016f8   0x00000610   Zero   RW         2218    .bss                manipulator_task.o
    0x20001d08   0x00000034   Zero   RW         2265    .bss                controller.o
    0x20001d3c   0x00000004   PAD
    0x20001d40   0x00001170   Zero   RW         2307    .bss                motor_task.o
    0x20002eb0   0x00000024   Zero   RW         2557    .bss                comm_task.o
    0x20002ed4   0x000003f0   Zero   RW         2812    .bss                judge_rx_data.o
    0x200032c4   0x00000718   Zero   RW         2873    .bss                judge_tx_data.o
    0x200039dc   0x0000033d   Zero   RW         3011    .bss                pc_rx_data.o
    0x20003d19   0x00000003   PAD
    0x20003d1c   0x00000210   Zero   RW         3050    .bss                pc_tx_data.o
    0x20003f2c   0x00000004   PAD
    0x20003f30   0x000000e9   Zero   RW         3139    .bss                motor_8010.o
    0x20004019   0x00000003   PAD
    0x2000401c   0x000000a8   Zero   RW         3307    .bss                keyboard.o
    0x200040c4   0x00000014   Zero   RW         3387    .bss                remote_ctrl.o
    0x200040d8   0x00000b40   Zero   RW         3525    .bss                pid.o
    0x20004c18   0x000000e0   Zero   RW         3593    .bss                clamp.o
    0x20004cf8   0x00000016   Zero   RW         3993    .bss                rc.o
    0x20004d0e   0x00000cbb   Zero   RW         4034    .bss                dma.o
    0x200059c9   0x00000003   PAD
    0x200059cc   0x00000040   Zero   RW         9156    .bss                queue.o
    0x20005a0c   0x0000012c   Zero   RW         9418    .bss                tasks.o
    0x20005b38   0x00000028   Zero   RW         9746    .bss                timers.o
    0x20005b60   0x00020000   Zero   RW         9876    .bss                heap_4.o
    0x20025b60   0x00001000   Zero   RW         4122    STACK               startup_stm32f427_437xx.o


==============================================================================

Image component sizes


      Code (inc. data)   RO Data    RW Data    ZI Data      Debug   Object Name

       484         86          0         18         48       4448   barrier_carry_task.o
      1002         80          0         24       2216      10963   bsp_can.o
       540         18          0          0          0       1960   can.o
      2224        240          0        108         96      11341   chassis_task.o
      3156        398          0         23        224      10757   clamp.o
        96         16          0        130        116       6500   clamp_task.o
      1232         80          0         72          0       8035   comm_8010_task.o
       236         16          0          5         36       1473   comm_task.o
       324         34          0          0         52       2434   controller.o
        58          4       1024          0          0       2068   crc.o
       436          0          0          0          0       3745   data_fifo.o
       912         32          0          9          0       5910   data_packet.o
        60          8          0          4          0        695   delay.o
      1152        140          0        496        412       7239   detect_task.o
       792         80          0          0       3259       3937   dma.o
         0          0          0          0          0       7812   event_groups.o
       344         44          0          8         36       3316   gimbal_task.o
       608         30          0          0          0       1336   gpio.o
       692         62          0         24     131072       4227   heap_4.o
      1874        178          0         20          0       7969   info_get_task.o
       672         54          0          8       1008       7652   judge_rx_data.o
       412         34          0        122          0       2640   judge_task.o
      6796        388          0        704       1816      20975   judge_tx_data.o
       792         64          0         56        168      34893   keyboard.o
       148          0          0          0          0       3046   list.o
       176          0          0          0          0     324875   main.o
      1216         94          0         19       1552       3628   manipulator_task.o
       180         24          0          0          0       1953   misc.o
      2336        250          0         30          0      13333   modeswitch_task.o
       916         90          0         32        233       6349   motor_8010.o
      5116        244          0         33       4464      11868   motor_task.o
       108         28          0         56        829       3453   pc_rx_data.o
       248         42          0         16          0       1949   pc_task.o
        64         18          0         12        528       2829   pc_tx_data.o
       544         20          0          0       2880       5602   pid.o
       954         92          0         12          0      10989   port.o
       286         18        770          2          0       5934   protocol.o
      2150         22          0          0         64      15213   queue.o
        20          4          0          0          0        740   ramp.o
       252         28          0          2         22       1465   rc.o
      2348        256          0         64         20      14475   remote_ctrl.o
      3148        258          0         64        412       9060   slide_task.o
       116         12          0          0          0       1516   spi.o
       804        414          0         76          0     257400   start_task.o
        36          8        428          0       4096        812   startup_stm32f427_437xx.o
       208         22          0          4          0       4917   stm32_tim_base.o
      1566         16          0          0          0       6154   stm32f4xx_can.o
       810         72          0          0          0       8517   stm32f4xx_dma.o
       148          6          0          0          0        896   stm32f4xx_exti.o
       232          0          0          0          0       3295   stm32f4xx_gpio.o
        36          0          0          0          0       3007   stm32f4xx_it.o
       392         48          0         16          0       5565   stm32f4xx_rcc.o
        64          4          0          0          0        624   stm32f4xx_syscfg.o
       910         66          0          0          0      11273   stm32f4xx_tim.o
       736         42          0          0          0       7114   stm32f4xx_usart.o
       278         50          0         21          0       2946   supply_task.o
       392         32          0         20          0       1715   system_stm32f4xx.o
      4090        492          0         68        300      27952   tasks.o
       744         26          0          0          0       2414   tim.o
      1138        116          0         20         40      16795   timers.o
      2164        220          0         80         40       6993   upraise_task.o
      1080         50          0          0          0       3430   usart.o

    ----------------------------------------------------------------------
     61100       5270       2256       2500     156060     982421   Object Totals
         0          0         32          0          0          0   (incl. Generated)
        52          0          2         22         21          0   (incl. Padding)

    ----------------------------------------------------------------------

      Code (inc. data)   RO Data    RW Data    ZI Data      Debug   Library Member Name

        20          0          0          0          0        124   fabs.o
        86          0          0          0          0          0   __dczerorl2.o
         0          0          0          0          0          0   entry.o
         0          0          0          0          0          0   entry10a.o
         0          0          0          0          0          0   entry11a.o
         8          4          0          0          0          0   entry2.o
         4          0          0          0          0          0   entry5.o
         0          0          0          0          0          0   entry7b.o
         0          0          0          0          0          0   entry8b.o
         8          4          0          0          0          0   entry9a.o
        30          0          0          0          0          0   handlers.o
        36          8          0          0          0         68   init.o
         0          0          0          0          0          0   iusefp.o
        30          0          0          0          0         68   llshl.o
        36          0          0          0          0         68   llsshr.o
        32          0          0          0          0         68   llushr.o
        36          0          0          0          0         68   memcpya.o
        36          0          0          0          0        108   memseta.o
       490         10          0          0          0        252   printf3.o
        14          0          0          0          0         68   strlen.o
        44          0          0          0          0         80   uidiv.o
        48          0          0          0          0         68   cdcmple.o
        48          0          0          0          0         68   cdrcmple.o
        56          0          0          0          0         88   d2f.o
       334          0          0          0          0        148   dadd.o
       186          0          0          0          0        176   depilogue.o
        62          0          0          0          0         80   dfixi.o
        34          0          0          0          0         76   dflti.o
       228          0          0          0          0         96   dmul.o
        38          0          0          0          0         68   f2d.o
       110          0          0          0          0        168   fepilogue.o

    ----------------------------------------------------------------------
      2060         26          0          0          0       2008   Library Totals
         6          0          0          0          0          0   (incl. Padding)

    ----------------------------------------------------------------------

      Code (inc. data)   RO Data    RW Data    ZI Data      Debug   Library Name

        20          0          0          0          0        124   m_wm.l
       890         26          0          0          0        848   mc_w.l
      1144          0          0          0          0       1036   mf_w.l

    ----------------------------------------------------------------------
      2060         26          0          0          0       2008   Library Totals

    ----------------------------------------------------------------------

==============================================================================


      Code (inc. data)   RO Data    RW Data    ZI Data      Debug   

     63160       5296       2256       2500     156060     946377   Grand Totals
     63160       5296       2256        576     156060     946377   ELF Image Totals (compressed)
     63160       5296       2256        576          0          0   ROM Totals

==============================================================================

    Total RO  Size (Code + RO Data)                65416 (  63.88kB)
    Total RW  Size (RW Data + ZI Data)            158560 ( 154.84kB)
    Total ROM Size (Code + RO Data + RW Data)      65992 (  64.45kB)

==============================================================================

