Component: ARM Compiler 5.06 update 7 (build 960) Tool: armlink [4d3601]

==============================================================================

Section Cross References

    main.o(i.Config_SystemClock) refers to stm32f4xx_rcc.o(i.RCC_DeInit) for RCC_DeInit
    main.o(i.Config_SystemClock) refers to stm32f4xx_rcc.o(i.RCC_HSEConfig) for RCC_HSEConfig
    main.o(i.Config_SystemClock) refers to stm32f4xx_rcc.o(i.RCC_HSICmd) for RCC_HSICmd
    main.o(i.Config_SystemClock) refers to stm32f4xx_rcc.o(i.RCC_WaitForHSEStartUp) for RCC_WaitForHSEStartUp
    main.o(i.Config_SystemClock) refers to stm32f4xx_rcc.o(i.RCC_ClockSecuritySystemCmd) for RCC_ClockSecuritySystemCmd
    main.o(i.Config_SystemClock) refers to stm32f4xx_rcc.o(i.RCC_PLLConfig) for RCC_PLLConfig
    main.o(i.Config_SystemClock) refers to stm32f4xx_rcc.o(i.RCC_PLLCmd) for RCC_PLLCmd
    main.o(i.Config_SystemClock) refers to stm32f4xx_rcc.o(i.RCC_HCLKConfig) for RCC_HCLKConfig
    main.o(i.Config_SystemClock) refers to stm32f4xx_rcc.o(i.RCC_PCLK1Config) for RCC_PCLK1Config
    main.o(i.Config_SystemClock) refers to stm32f4xx_rcc.o(i.RCC_PCLK2Config) for RCC_PCLK2Config
    main.o(i.Config_SystemClock) refers to stm32f4xx_rcc.o(i.RCC_GetFlagStatus) for RCC_GetFlagStatus
    main.o(i.Config_SystemClock) refers to stm32f4xx_rcc.o(i.RCC_SYSCLKConfig) for RCC_SYSCLKConfig
    main.o(i.flash_cali) refers to bsp_flash.o(i.BSP_FLASH_READ) for BSP_FLASH_READ
    main.o(i.flash_cali) refers to bsp_flash.o(.bss) for cali_param
    main.o(i.flash_cali) refers to gimbal_task.o(.bss) for gimbal
    main.o(i.main) refers to delay.o(i.SysTick_Init) for SysTick_Init
    main.o(i.main) refers to misc.o(i.NVIC_PriorityGroupConfig) for NVIC_PriorityGroupConfig
    main.o(i.main) refers to usbd_core.o(i.USBD_Init) for USBD_Init
    main.o(i.main) refers to stm32_tim_base.o(i.TIM_BASE_Init) for TIM_BASE_Init
    main.o(i.main) refers to gpio.o(i.GPIO_INIT) for GPIO_INIT
    main.o(i.main) refers to can.o(i.CAN1_DEVICE) for CAN1_DEVICE
    main.o(i.main) refers to can.o(i.CAN2_DEVICE) for CAN2_DEVICE
    main.o(i.main) refers to usart.o(i.USART3_DEVICE) for USART3_DEVICE
    main.o(i.main) refers to usart.o(i.USART1_DEVICE) for USART1_DEVICE
    main.o(i.main) refers to usart.o(i.USART6_DEVICE) for USART6_DEVICE
    main.o(i.main) refers to spi.o(i.SPI_DEVICE) for SPI_DEVICE
    main.o(i.main) refers to gimbal_task.o(i.gimbal_param_init) for gimbal_param_init
    main.o(i.main) refers to chassis_task.o(i.chassis_param_init) for chassis_param_init
    main.o(i.main) refers to shoot_task.o(i.shoot_param_init) for shoot_param_init
    main.o(i.main) refers to detect_task.o(i.detect_param_init) for detect_param_init
    main.o(i.main) refers to judge_rx_data.o(i.judgement_rx_param_init) for judgement_rx_param_init
    main.o(i.main) refers to judge_tx_data.o(i.judgement_tx_param_init) for judgement_tx_param_init
    main.o(i.main) refers to pc_rx_data.o(i.pc_rx_param_init) for pc_rx_param_init
    main.o(i.main) refers to pc_tx_data.o(i.pc_tx_param_init) for pc_tx_param_init
    main.o(i.main) refers to bsp_dwt.o(i.DWT_Init) for DWT_Init
    main.o(i.main) refers to main.o(i.flash_cali) for flash_cali
    main.o(i.main) refers to stm32f4xx_rcc.o(i.RCC_GetFlagStatus) for RCC_GetFlagStatus
    main.o(i.main) refers to bmi088driver.o(i.BMI088_init) for BMI088_init
    main.o(i.main) refers to stm32f4xx_gpio.o(i.GPIO_ResetBits) for GPIO_ResetBits
    main.o(i.main) refers to stm32f4xx_gpio.o(i.GPIO_SetBits) for GPIO_SetBits
    main.o(i.main) refers to stm32f4xx_rcc.o(i.RCC_ClearFlag) for RCC_ClearFlag
    main.o(i.main) refers to tim.o(i.TIM8_DEVICE) for TIM8_DEVICE
    main.o(i.main) refers to iwdg.o(i.IWDG_Config) for IWDG_Config
    main.o(i.main) refers to start_tack.o(i.TASK_START) for TASK_START
    main.o(i.main) refers to tasks.o(i.vTaskStartScheduler) for vTaskStartScheduler
    main.o(i.main) refers to usbd_usr.o(.data) for USR_cb
    main.o(i.main) refers to usbd_cdc_core.o(.data) for USBD_CDC_cb
    main.o(i.main) refers to usbd_desc.o(.data) for USR_desc
    main.o(i.main) refers to main.o(.bss) for .bss
    stm32f4xx_it.o(i.SysTick_Handler) refers to tasks.o(i.xTaskGetSchedulerState) for xTaskGetSchedulerState
    stm32f4xx_it.o(i.SysTick_Handler) refers to port.o(i.xPortSysTickHandler) for xPortSysTickHandler
    system_stm32f4xx.o(i.SystemCoreClockUpdate) refers to system_stm32f4xx.o(.data) for .data
    system_stm32f4xx.o(i.SystemInit) refers to system_stm32f4xx.o(i.SetSysClock) for SetSysClock
    stm32_tim_base.o(i.HAL_GetTick) refers to stm32_tim_base.o(.data) for .data
    stm32_tim_base.o(i.HAL_IncTick) refers to stm32_tim_base.o(.data) for .data
    stm32_tim_base.o(i.KEY_GetFlag) refers to stm32_tim_base.o(.data) for .data
    stm32_tim_base.o(i.TIM4_IRQHandler) refers to stm32f4xx_tim.o(i.TIM_GetITStatus) for TIM_GetITStatus
    stm32_tim_base.o(i.TIM4_IRQHandler) refers to stm32_tim_base.o(i.HAL_IncTick) for HAL_IncTick
[...]
    CHECK                                    0x2000049c   Data           4  shoot_task.o(.data)
    single_shoot_angle                       0x200004a0   Data           4  shoot_task.o(.data)
    surplus_heat                             0x200004a4   Data           4  shoot_task.o(.data)
    extra_time                               0x200004a8   Data           4  shoot_task.o(.data)
    shoot_delay                              0x200004ac   Data           4  shoot_task.o(.data)
    fric_pid                                 0x200004b0   Data          12  shoot_task.o(.data)
    trig_pid                                 0x200004bc   Data          24  shoot_task.o(.data)
    heat_limit_pid                           0x200004d4   Data          12  shoot_task.o(.data)
    heat_time_pid                            0x200004e0   Data          12  shoot_task.o(.data)
    speedlimit                               0x200004ec   Data          12  shoot_task.o(.data)
    Fric_Spd_Ajt                             0x200004f8   Data           2  shoot_task.o(.data)
    INS_Init_Done                            0x200004fc   Data           1  imu_task.o(.data)
    imu_pid                                  0x20000500   Data          12  imu_task.o(.data)
    gyro_scale_factor                        0x2000050c   Data          36  imu_task.o(.data)
    accel_scale_factor                       0x20000530   Data          36  imu_task.o(.data)
    mouse_x_now                              0x20000554   Data           2  remote_ctrl.o(.data)
    mouse_x_last                             0x20000556   Data           2  remote_ctrl.o(.data)
    deviation                                0x20000558   Data           2  remote_ctrl.o(.data)
    num                                      0x2000055c   Data           4  remote_ctrl.o(.data)
    glb_sw                                   0x20000560   Data           4  remote_ctrl.o(.data)
    kb_pit_ref                               0x2000056c   Data          48  keyboard.o(.data)
    kb_yaw_ref                               0x2000059c   Data          48  keyboard.o(.data)
    yaw_speed                                0x200005cc   Data           4  keyboard.o(.data)
    cap_state                                0x200005d0   Data           1  power_control.o(.data)
    Charge_factor                            0x200005d4   Data           4  power_control.o(.data)
    CRC_INIT                                 0x200005d8   Data           2  protocol.o(.data)
    dma_write_len                            0x200005e0   Data           4  data_packet.o(.data)
    fifo_overflow                            0x200005e4   Data           4  data_packet.o(.data)
    CMD_ID                                   0x200005e8   Data           2  judge_rx_data.o(.data)
    Line_mask                                0x200005f0   Data           1  judge_tx_data.o(.data)
    text_mask                                0x200005f1   Data           1  judge_tx_data.o(.data)
    Idle_mask                                0x200005f2   Data           1  judge_tx_data.o(.data)
    cha                                      0x200005f8   Data           4  judge_tx_data.o(.data)
    last_chassis                             0x200005fc   Data           4  judge_tx_data.o(.data)
    gim                                      0x20000600   Data           4  judge_tx_data.o(.data)
    last_gimbal                              0x20000604   Data           4  judge_tx_data.o(.data)
    sho                                      0x20000608   Data           4  judge_tx_data.o(.data)
    last_shoot                               0x2000060c   Data           4  judge_tx_data.o(.data)
    view                                     0x20000610   Data           4  judge_tx_data.o(.data)
    last_view                                0x20000614   Data           4  judge_tx_data.o(.data)
    c                                        0x20000618   Data           4  judge_tx_data.o(.data)
    g                                        0x2000061c   Data           4  judge_tx_data.o(.data)
    s                                        0x20000620   Data           4  judge_tx_data.o(.data)
    v                                        0x20000624   Data           4  judge_tx_data.o(.data)
    BMI088_ACCEL_SEN                         0x20000638   Data           4  bmi088driver.o(.data)
    BMI088_GYRO_SEN                          0x2000063c   Data           4  bmi088driver.o(.data)
    buf_accel                                0x20000640   Data           6  bmi088driver.o(.data)
    buf_gyro                                 0x2000064e   Data           8  bmi088driver.o(.data)
    USB_Tx_State                             0x2000067c   Data           1  usbd_cdc_core.o(.data)
    APP_Rx_ptr_in                            0x20000684   Data           4  usbd_cdc_core.o(.data)
    APP_Rx_ptr_out                           0x20000688   Data           4  usbd_cdc_core.o(.data)
    APP_Rx_length                            0x2000068c   Data           4  usbd_cdc_core.o(.data)
    CmdBuff                                  0x2000069c   Data           8  usbd_cdc_core.o(.data)
    usbd_cdc_CfgDesc                         0x200006a4   Data          67  usbd_cdc_core.o(.data)
    USBD_CDC_cb                              0x200006e8   Data          44  usbd_cdc_core.o(.data)
    USBD_DCD_INT_cb                          0x20000714   Data          44  usbd_core.o(.data)
    USBD_DCD_INT_fops                        0x20000740   Data           4  usbd_core.o(.data)
    SET_TEST_MODE                            0x20000744   Data           4  usbd_core.o(.data)
    USBD_ep_status                           0x2000074c   Data           4  usbd_req.o(.data)
    USBD_default_cfg                         0x20000750   Data           4  usbd_req.o(.data)
    USBD_cfg_status                          0x20000754   Data           4  usbd_req.o(.data)
    USB_OTG_dev                              0x2000076c   Data        1524  main.o(.bss)
    USBD_StrDesc                             0x20000d60   Data          64  usbd_desc.o(.bss)
    xQueueRegistry                           0x20000da0   Data          64  queue.o(.bss)
    USART_InitStructure3                     0x2001a0ec   Data          16  usart.o(.bss)
    rc                                       0x2001a0fc   Data          22  rc.o(.bss)
    dbus_buf                                 0x2001a112   Data          72  dma.o(.bss)
    judge_rxbuf                              0x2001a15a   Data        2048  dma.o(.bss)
    pc_rxbuf                                 0x2001a95a   Data        1024  dma.o(.bss)
    rx1_message                              0x2001ad5c   Data          20  bsp_can.o(.bss)
    rx2_message                              0x2001ad70   Data          20  bsp_can.o(.bss)
    moto_chassis                             0x2001ad84   Data         240  bsp_can.o(.bss)
    moto_pit                                 0x2001ae74   Data          60  bsp_can.o(.bss)
    moto_yaw                                 0x2001aeb0   Data          60  bsp_can.o(.bss)
    moto_trigger                             0x2001aeec   Data          60  bsp_can.o(.bss)
    moto_fric                                0x2001af28   Data         120  bsp_can.o(.bss)
    cali_param                               0x2001afa0   Data          12  bsp_flash.o(.bss)
    USB_USART_RX_BUF                         0x2001afac   Data          64  bsp_usb.o(.bss)
    chassis                                  0x2001afec   Data          64  chassis_task.o(.bss)
    glb_cur                                  0x2001b02c   Data          18  comm_task.o(.bss)
    RCC_Clocks                               0x2001b040   Data          16  detect_task.o(.bss)
    global_err                               0x2001b050   Data         240  detect_task.o(.bss)
    pit_ramp                                 0x2001b140   Data          12  gimbal_task.o(.bss)
    yaw_ramp                                 0x2001b14c   Data          12  gimbal_task.o(.bss)
    pc_kalman_filter_pitch                   0x2001b158   Data         108  gimbal_task.o(.bss)
    pc_kalman_filter_yaw                     0x2001b1c4   Data         108  gimbal_task.o(.bss)
    gimbal                                   0x2001b230   Data         100  gimbal_task.o(.bss)
    shoot                                    0x2001b294   Data          23  shoot_task.o(.bss)
    trig                                     0x2001b2ab   Data          22  shoot_task.o(.bss)
    INS_angle                                0x2001b328   Data          12  imu_task.o(.bss)
    INS_angle_final                          0x2001b334   Data          12  imu_task.o(.bss)
    gyro_offset                              0x2001b340   Data          12  imu_task.o(.bss)
    rm                                       0x2001b34c   Data          20  remote_ctrl.o(.bss)
    km                                       0x2001b360   Data          40  keyboard.o(.bss)
    pid_yaw                                  0x2001b388   Data          72  pid.o(.bss)
    pid_pit                                  0x2001b3d0   Data          72  pid.o(.bss)
    pid_yaw_spd                              0x2001b418   Data          72  pid.o(.bss)
    pid_pit_spd                              0x2001b460   Data          72  pid.o(.bss)
    pid_spd                                  0x2001b4a8   Data         288  pid.o(.bss)
    pid_chassis_angle                        0x2001b5c8   Data          72  pid.o(.bss)
    pid_trigger                              0x2001b610   Data          72  pid.o(.bss)
    pid_trigger_spd                          0x2001b658   Data          72  pid.o(.bss)
    pid_fric                                 0x2001b6a0   Data         144  pid.o(.bss)
    pid_Spd_limit                            0x2001b730   Data          72  pid.o(.bss)
    pid_heat_limit                           0x2001b778   Data          72  pid.o(.bss)
    pid_power                                0x2001b7c0   Data          72  pid.o(.bss)
    pid_heat_time                            0x2001b808   Data          72  pid.o(.bss)
    pid_buff_yaw                             0x2001b850   Data          72  pid.o(.bss)
    pid_buff_pit                             0x2001b898   Data          72  pid.o(.bss)
    pid_buff_yaw_spd                         0x2001b8e0   Data          72  pid.o(.bss)
    pid_buff_pit_spd                         0x2001b928   Data          72  pid.o(.bss)
    pid_vision_yaw                           0x2001b970   Data          72  pid.o(.bss)
    pid_vision_pit                           0x2001b9b8   Data          72  pid.o(.bss)
    pid_vision_yaw_spd                       0x2001ba00   Data          72  pid.o(.bss)
    pid_vision_pit_spd                       0x2001ba48   Data          72  pid.o(.bss)
    pid_chassis_vw                           0x2001ba90   Data          72  pid.o(.bss)
    pid_chassis_power_buffer                 0x2001bad8   Data          72  pid.o(.bss)
    judge_recv_mesg                          0x2001bb98   Data         240  judge_rx_data.o(.bss)
    judge_data_limit                         0x2001bc88   Data          16  judge_rx_data.o(.bss)
    judge_rx_obj                             0x2001bc98   Data          24  judge_rx_data.o(.bss)
    judge_unpack_obj                         0x2001bcb0   Data         216  judge_rx_data.o(.bss)
    judge_rxdata_fifo                        0x2001bd88   Data          28  judge_rx_data.o(.bss)
    judge_send_mesg                          0x2001bf98   Data        1129  judge_tx_data.o(.bss)
    judge_txdata_fifo                        0x2001c404   Data          28  judge_tx_data.o(.bss)
    pc_unpack_obj                            0x2001c614   Data         216  pc_rx_data.o(.bss)
    pc_rxdata_fifo                           0x2001c6ec   Data          28  pc_rx_data.o(.bss)
    pc_recv_mesg                             0x2001c8fc   Data           9  pc_rx_data.o(.bss)
    pc_txdata_fifo                           0x2001c908   Data          28  pc_tx_data.o(.bss)
    pc_send_mesg                             0x2001cb18   Data          17  pc_tx_data.o(.bss)
    BMI088                                   0x2001cb2c   Data          44  bmi088driver.o(.bss)
    USB_Rx_Buffer                            0x2001cb58   Data          64  usbd_cdc_core.o(.bss)
    APP_Rx_Buffer                            0x2001cb98   Data        2048  usbd_cdc_core.o(.bss)
    __initial_sp                             0x2001f398   Data           0  startup_stm32f407xx.o(STACK)



==============================================================================

Memory Map of the image

  Image Entry point : 0x08000189

  Load Region LR_IROM1 (Base: 0x08000000, Size: 0x0000fccc, Max: 0x00100000, ABSOLUTE, COMPRESSED[0x0000f788])

    Execution Region ER_IROM1 (Exec base: 0x08000000, Load base: 0x08000000, Size: 0x0000f560, Max: 0x00100000, ABSOLUTE)

    Exec Addr    Load Addr    Size         Type   Attr      Idx    E Section Name        Object

    0x08000000   0x08000000   0x00000188   Data   RO          762    RESET               startup_stm32f407xx.o
    0x08000188   0x08000188   0x00000000   Code   RO        10839  * .ARM.Collect$$$$00000000  mc_w.l(entry.o)
    0x08000188   0x08000188   0x00000004   Code   RO        10935    .ARM.Collect$$$$00000001  mc_w.l(entry2.o)
    0x0800018c   0x0800018c   0x00000004   Code   RO        10938    .ARM.Collect$$$$00000004  mc_w.l(entry5.o)
    0x08000190   0x08000190   0x00000000   Code   RO        10940    .ARM.Collect$$$$00000008  mc_w.l(entry7b.o)
    0x08000190   0x08000190   0x00000000   Code   RO        10942    .ARM.Collect$$$$0000000A  mc_w.l(entry8b.o)
    0x08000190   0x08000190   0x00000008   Code   RO        10943    .ARM.Collect$$$$0000000B  mc_w.l(entry9a.o)
    0x08000198   0x08000198   0x00000004   Code   RO        10950    .ARM.Collect$$$$0000000E  mc_w.l(entry12b.o)
    0x0800019c   0x0800019c   0x00000000   Code   RO        10945    .ARM.Collect$$$$0000000F  mc_w.l(entry10a.o)
    0x0800019c   0x0800019c   0x00000000   Code   RO        10947    .ARM.Collect$$$$00000011  mc_w.l(entry11a.o)
    0x0800019c   0x0800019c   0x00000004   Code   RO        10936    .ARM.Collect$$$$00002712  mc_w.l(entry2.o)
    0x080001a0   0x080001a0   0x000000b6   Code   RO         6568    .emb_text           port.o
    0x08000256   0x08000256   0x00000002   PAD
    0x08000258   0x08000258   0x00000024   Code   RO          763    .text               startup_stm32f407xx.o
    0x0800027c   0x0800027c   0x00000078   Code   RO        10362    .text               arm_cortexM4lf_math.lib(arm_cos_f32.o)
    0x080002f4   0x080002f4   0x00000074   Code   RO        10415    .text               arm_cortexM4lf_math.lib(arm_sin_f32.o)
    0x08000368   0x08000368   0x00000024   Code   RO        10842    .text               mc_w.l(memcpya.o)
    0x0800038c   0x0800038c   0x00000024   Code   RO        10844    .text               mc_w.l(memseta.o)
    0x080003b0   0x080003b0   0x0000000e   Code   RO        10846    .text               mc_w.l(strlen.o)
    0x080003be   0x080003be   0x00000012   Code   RO        10848    .text               mc_w.l(strcpy.o)
    0x080003d0   0x080003d0   0x0000014e   Code   RO        10880    .text               mf_w.l(dadd.o)
    0x0800051e   0x0800051e   0x000000e4   Code   RO        10882    .text               mf_w.l(dmul.o)
    0x08000602   0x08000602   0x000000de   Code   RO        10884    .text               mf_w.l(ddiv.o)
    0x080006e0   0x080006e0   0x00000022   Code   RO        10888    .text               mf_w.l(dflti.o)
    0x08000702   0x08000702   0x0000001a   Code   RO        10890    .text               mf_w.l(dfltui.o)
    0x0800071c   0x0800071c   0x00000032   Code   RO        10892    .text               mf_w.l(dfixui.o)
    0x0800074e   0x0800074e   0x00000026   Code   RO        10894    .text               mf_w.l(f2d.o)
    0x08000774   0x08000774   0x00000030   Code   RO        10896    .text               mf_w.l(cdcmple.o)
    0x080007a4   0x080007a4   0x00000030   Code   RO        10898    .text               mf_w.l(cdrcmple.o)
    0x080007d4   0x080007d4   0x00000038   Code   RO        10900    .text               mf_w.l(d2f.o)
    0x0800080c   0x0800080c   0x0000001e   Code   RO        10951    .text               mc_w.l(llshl.o)
    0x0800082a   0x0800082a   0x00000020   Code   RO        10953    .text               mc_w.l(llushr.o)
    0x0800084a   0x0800084a   0x00000024   Code   RO        10955    .text               mc_w.l(llsshr.o)
    0x0800086e   0x0800086e   0x00000000   Code   RO        10966    .text               mc_w.l(iusefp.o)
    0x0800086e   0x0800086e   0x0000006e   Code   RO        10967    .text               mf_w.l(fepilogue.o)
    0x080008dc   0x080008dc   0x000000ba   Code   RO        10969    .text               mf_w.l(depilogue.o)
    0x08000996   0x08000996   0x000000a2   Code   RO        10971    .text               mf_w.l(dsqrt.o)
    0x08000a38   0x08000a38   0x00000086   Code   RO        10973    .text               mf_w.l(drem.o)
    0x08000abe   0x08000abe   0x00000002   PAD
    0x08000ac0   0x08000ac0   0x00000024   Code   RO        10975    .text               mc_w.l(init.o)
    0x08000ae4   0x08000ae4   0x00000056   Code   RO        10985    .text               mc_w.l(__dczerorl2.o)
    0x08000b3a   0x08000b3a   0x00000004   Code   RO         9458    i.AHRS_asinf        ahrs_middleware.o
    0x08000b3e   0x08000b3e   0x00000004   Code   RO         9459    i.AHRS_atan2f       ahrs_middleware.o
    0x08000b42   0x08000b42   0x00000004   Code   RO         9460    i.AHRS_cosf         ahrs_middleware.o
    0x08000b46   0x08000b46   0x0000001a   Code   RO        10580    i.AHRS_fabs         AHRS.lib(ahrs.o)
    0x08000b60   0x08000b60   0x00000014   Code   RO         9461    i.AHRS_get_height   ahrs_middleware.o
    0x08000b74   0x08000b74   0x0000000e   Code   RO         9462    i.AHRS_get_latitude  ahrs_middleware.o
    0x08000b82   0x08000b82   0x00000002   PAD
    0x08000b84   0x08000b84   0x0000029c   Code   RO        10581    i.AHRS_init         AHRS.lib(ahrs.o)
    0x08000e20   0x08000e20   0x00000014   Code   RO         9463    i.AHRS_invSqrt      ahrs_middleware.o
    0x08000e34   0x08000e34   0x00000004   Code   RO         9464    i.AHRS_sinf         ahrs_middleware.o
    0x08000e38   0x08000e38   0x0000013a   Code   RO        10582    i.AHRS_update       AHRS.lib(ahrs.o)
    0x08000f72   0x08000f72   0x00000002   PAD
    0x08000f74   0x08000f74   0x0000000c   Code   RO         9385    i.BMI088_ACCEL_NS_H  bmi088middleware.o
    0x08000f80   0x08000f80   0x0000000c   Code   RO         9386    i.BMI088_ACCEL_NS_L  bmi088middleware.o
    0x08000f8c   0x08000f8c   0x00000002   Code   RO         9387    i.BMI088_GPIO_init  bmi088middleware.o
    0x08000f8e   0x08000f8e   0x00000002   PAD
    0x08000f90   0x08000f90   0x0000000c   Code   RO         9388    i.BMI088_GYRO_NS_H  bmi088middleware.o
    0x08000f9c   0x08000f9c   0x0000000c   Code   RO         9389    i.BMI088_GYRO_NS_L  bmi088middleware.o
    0x08000fa8   0x08000fa8   0x0000004c   Code   RO         6695    i.BMI088_INT_GPIO_Init  gpio.o
    0x08000ff4   0x08000ff4   0x00000002   Code   RO         9390    i.BMI088_com_init   bmi088middleware.o
    0x08000ff6   0x08000ff6   0x00000004   Code   RO         9391    i.BMI088_delay_ms   bmi088middleware.o
    0x08000ffa   0x08000ffa   0x00000004   Code   RO         9392    i.BMI088_delay_us   bmi088middleware.o
    0x08000ffe   0x08000ffe   0x00000002   PAD
    0x08001000   0x08001000   0x000000f4   Code   RO         9177    i.BMI088_init       bmi088driver.o
    0x080010f4   0x080010f4   0x0000018c   Code   RO         9178    i.BMI088_read       bmi088driver.o
    0x08001280   0x08001280   0x00000026   Code   RO         9181    i.BMI088_read_muli_reg  bmi088driver.o
    0x080012a6   0x080012a6   0x00000016   Code   RO         9182    i.BMI088_read_single_reg  bmi088driver.o
    0x080012bc   0x080012bc   0x00000050   Code   RO         9393    i.BMI088_read_write_byte  bmi088middleware.o
    0x0800130c   0x0800130c   0x00000012   Code   RO         9184    i.BMI088_write_single_reg  bmi088driver.o
    0x0800131e   0x0800131e   0x00000002   PAD
    0x08001320   0x08001320   0x0000001c   Code   RO         7175    i.BSP_FLASH_READ    bsp_flash.o
    0x0800133c   0x0800133c   0x00000060   Code   RO         7176    i.BSP_FLASH_WRITE   bsp_flash.o
    0x0800139c   0x0800139c   0x00000002   Code   RO          353    i.BusFault_Handler  stm32f4xx_it.o
    0x0800139e   0x0800139e   0x00000002   PAD
    0x080013a0   0x080013a0   0x00000104   Code   RO         6748    i.CAN1_DEVICE       can.o
    0x080014a4   0x080014a4   0x00000038   Code   RO         7088    i.CAN1_RX0_IRQHandler  bsp_can.o
    0x080014dc   0x080014dc   0x00000104   Code   RO         6749    i.CAN2_DEVICE       can.o
    0x080015e0   0x080015e0   0x00000038   Code   RO         7089    i.CAN2_RX0_IRQHandler  bsp_can.o
    0x08001618   0x08001618   0x000000a8   Code   RO         1066    i.CAN_ClearITPendingBit  stm32f4xx_can.o
    0x080016c0   0x080016c0   0x000000f8   Code   RO         1070    i.CAN_FilterInit    stm32f4xx_can.o
    0x080017b8   0x080017b8   0x0000010c   Code   RO         1072    i.CAN_GetITStatus   stm32f4xx_can.o
    0x080018c4   0x080018c4   0x00000016   Code   RO         1076    i.CAN_ITConfig      stm32f4xx_can.o
    0x080018da   0x080018da   0x00000112   Code   RO         1077    i.CAN_Init          stm32f4xx_can.o
    0x080019ec   0x080019ec   0x000000be   Code   RO         1080    i.CAN_Receive       stm32f4xx_can.o
    0x08001aaa   0x08001aaa   0x000000ea   Code   RO         1085    i.CAN_Transmit      stm32f4xx_can.o
    0x08001b94   0x08001b94   0x0000007c   Code   RO         7351    i.Cap_refresh       chassis_task.o
    0x08001c10   0x08001c10   0x00000308   Code   RO         8536    i.Chassis_Power_Control  power_control.o
    0x08001f18   0x08001f18   0x0000000c   Code   RO         1088    i.CheckITStatus     stm32f4xx_can.o
    0x08001f24   0x08001f24   0x00000030   Code   RO        10184    i.DCD_EP_Close      usb_dcd.o
    0x08001f54   0x08001f54   0x00000040   Code   RO        10185    i.DCD_EP_ClrStall   usb_dcd.o
    0x08001f94   0x08001f94   0x00000044   Code   RO        10187    i.DCD_EP_Open       usb_dcd.o
    0x08001fd8   0x08001fd8   0x0000003a   Code   RO        10188    i.DCD_EP_PrepareRx  usb_dcd.o
    0x08002012   0x08002012   0x00000010   Code   RO        10189    i.DCD_EP_SetAddress  usb_dcd.o
    0x08002022   0x08002022   0x00000040   Code   RO        10190    i.DCD_EP_Stall      usb_dcd.o
    0x08002062   0x08002062   0x00000038   Code   RO        10191    i.DCD_EP_Tx         usb_dcd.o
    0x0800209a   0x0800209a   0x00000002   PAD
    0x0800209c   0x0800209c   0x00000178   Code   RO        10278    i.DCD_HandleEnumDone_ISR  usb_dcd_int.o
    0x08002214   0x08002214   0x000000f4   Code   RO        10279    i.DCD_HandleInEP_ISR  usb_dcd_int.o
    0x08002308   0x08002308   0x000000d8   Code   RO        10280    i.DCD_HandleOutEP_ISR  usb_dcd_int.o
    0x080023e0   0x080023e0   0x00000040   Code   RO        10281    i.DCD_HandleResume_ISR  usb_dcd_int.o
    0x08002420   0x08002420   0x0000008c   Code   RO        10282    i.DCD_HandleRxStatusQueueLevel_ISR  usb_dcd_int.o
    0x080024ac   0x080024ac   0x0000001c   Code   RO        10283    i.DCD_HandleSof_ISR  usb_dcd_int.o
    0x080024c8   0x080024c8   0x00000078   Code   RO        10284    i.DCD_HandleUSBSuspend_ISR  usb_dcd_int.o
    0x08002540   0x08002540   0x000000a8   Code   RO        10285    i.DCD_HandleUsbReset_ISR  usb_dcd_int.o
    0x080025e8   0x080025e8   0x00000094   Code   RO        10193    i.DCD_Init          usb_dcd.o
    0x0800267c   0x0800267c   0x00000020   Code   RO        10286    i.DCD_IsoINIncomplete_ISR  usb_dcd_int.o
    0x0800269c   0x0800269c   0x00000020   Code   RO        10287    i.DCD_IsoOUTIncomplete_ISR  usb_dcd_int.o
    0x080026bc   0x080026bc   0x0000001c   Code   RO        10288    i.DCD_ReadDevInEP   usb_dcd_int.o
    0x080026d8   0x080026d8   0x0000009e   Code   RO        10289    i.DCD_WriteEmptyTxFifo  usb_dcd_int.o
    0x08002776   0x08002776   0x00000002   PAD
    0x08002778   0x08002778   0x00000030   Code   RO         1822    i.DMA_ClearFlag     stm32f4xx_dma.o
    0x080027a8   0x080027a8   0x00000018   Code   RO         1824    i.DMA_Cmd           stm32f4xx_dma.o
    0x080027c0   0x080027c0   0x00000188   Code   RO         1825    i.DMA_DeInit        stm32f4xx_dma.o
    0x08002948   0x08002948   0x00000018   Code   RO         1826    i.DMA_DoubleBufferModeCmd  stm32f4xx_dma.o
    0x08002960   0x08002960   0x0000001a   Code   RO         1827    i.DMA_DoubleBufferModeConfig  stm32f4xx_dma.o
    0x0800297a   0x0800297a   0x00000006   Code   RO         1830    i.DMA_GetCurrDataCounter  stm32f4xx_dma.o
    0x08002980   0x08002980   0x00000010   Code   RO         1831    i.DMA_GetCurrentMemoryTarget  stm32f4xx_dma.o
    0x08002990   0x08002990   0x0000007c   Code   RO         1836    i.DMA_Init          stm32f4xx_dma.o
    0x08002a0c   0x08002a0c   0x00000004   Code   RO         1839    i.DMA_SetCurrDataCounter  stm32f4xx_dma.o
    0x08002a10   0x08002a10   0x00000034   Code   RO         7221    i.DWT_GetDeltaT     bsp_dwt.o
    0x08002a44   0x08002a44   0x00000040   Code   RO         7224    i.DWT_Init          bsp_dwt.o
    0x08002a84   0x08002a84   0x00000002   Code   RO          354    i.DebugMon_Handler  stm32f4xx_it.o
    0x08002a86   0x08002a86   0x00000002   PAD
    0x08002a88   0x08002a88   0x00000050   Code   RO         6696    i.EXTI0_IRQHandler  gpio.o
    0x08002ad8   0x08002ad8   0x0000000c   Code   RO         2090    i.EXTI_ClearITPendingBit  stm32f4xx_exti.o
    0x08002ae4   0x08002ae4   0x00000014   Code   RO         2094    i.EXTI_GetITStatus  stm32f4xx_exti.o
    0x08002af8   0x08002af8   0x00000090   Code   RO         2095    i.EXTI_Init         stm32f4xx_exti.o
    0x08002b88   0x08002b88   0x0000000c   Code   RO         2155    i.FLASH_ClearFlag   stm32f4xx_flash.o
    0x08002b94   0x08002b94   0x00000020   Code   RO         2156    i.FLASH_DataCacheCmd  stm32f4xx_flash.o
    0x08002bb4   0x08002bb4   0x00000070   Code   RO         2161    i.FLASH_EraseSector  stm32f4xx_flash.o
    0x08002c24   0x08002c24   0x00000044   Code   RO         2163    i.FLASH_GetStatus   stm32f4xx_flash.o
    0x08002c68   0x08002c68   0x00000010   Code   RO         2167    i.FLASH_Lock        stm32f4xx_flash.o
    0x08002c78   0x08002c78   0x00000038   Code   RO         2188    i.FLASH_ProgramByte  stm32f4xx_flash.o
    0x08002cb0   0x08002cb0   0x00000028   Code   RO         2193    i.FLASH_Unlock      stm32f4xx_flash.o
    0x08002cd8   0x08002cd8   0x00000028   Code   RO         2194    i.FLASH_WaitForLastOperation  stm32f4xx_flash.o
    0x08002d00   0x08002d00   0x00000040   Code   RO         8089    i.FPS_Calculate     kalman_filter.o
    0x08002d40   0x08002d40   0x000000e8   Code   RO         6697    i.GPIO_INIT         gpio.o
    0x08002e28   0x08002e28   0x00000096   Code   RO         2468    i.GPIO_Init         stm32f4xx_gpio.o
    0x08002ebe   0x08002ebe   0x00000022   Code   RO         2469    i.GPIO_PinAFConfig  stm32f4xx_gpio.o
    0x08002ee0   0x08002ee0   0x0000000e   Code   RO         2472    i.GPIO_ReadInputDataBit  stm32f4xx_gpio.o
    0x08002eee   0x08002eee   0x00000004   Code   RO         2475    i.GPIO_ResetBits    stm32f4xx_gpio.o
    0x08002ef2   0x08002ef2   0x00000004   Code   RO         2476    i.GPIO_SetBits      stm32f4xx_gpio.o
    0x08002ef6   0x08002ef6   0x00000196   Code   RO         7177    i.GetSector         bsp_flash.o
    0x0800308c   0x0800308c   0x0000001e   Code   RO         8090    i.Get_FPS           kalman_filter.o
    0x080030aa   0x080030aa   0x00000002   PAD
    0x080030ac   0x080030ac   0x00000038   Code   RO          606    i.Get_SerialNum     usbd_desc.o
    0x080030e4   0x080030e4   0x0000000c   Code   RO          458    i.HAL_GetTick       stm32_tim_base.o
    0x080030f0   0x080030f0   0x0000001c   Code   RO          459    i.HAL_IncTick       stm32_tim_base.o
    0x0800310c   0x0800310c   0x00000080   Code   RO         9605    i.Handle_USBAsynchXfer  usbd_cdc_core.o
    0x0800318c   0x0800318c   0x00000002   Code   RO          355    i.HardFault_Handler  stm32f4xx_it.o
    0x0800318e   0x0800318e   0x00000026   Code   RO         7058    i.IWDG_Config       iwdg.o
    0x080031b4   0x080031b4   0x00000010   Code   RO         2983    i.IWDG_Enable       stm32f4xx_iwdg.o
    0x080031c4   0x080031c4   0x00000004   Code   RO         7059    i.IWDG_Feed         iwdg.o
    0x080031c8   0x080031c8   0x00000010   Code   RO         2985    i.IWDG_ReloadCounter  stm32f4xx_iwdg.o
    0x080031d8   0x080031d8   0x0000000c   Code   RO         2986    i.IWDG_SetPrescaler  stm32f4xx_iwdg.o
    0x080031e4   0x080031e4   0x0000000c   Code   RO         2987    i.IWDG_SetReload    stm32f4xx_iwdg.o
    0x080031f0   0x080031f0   0x0000000c   Code   RO         2988    i.IWDG_WriteAccessCmd  stm32f4xx_iwdg.o
    0x080031fc   0x080031fc   0x0000003e   Code   RO          607    i.IntToUnicode      usbd_desc.o
    0x0800323a   0x0800323a   0x0000004c   Code   RO         6698    i.KEY_EXTI          gpio.o
    0x08003286   0x08003286   0x00000002   PAD
    0x08003288   0x08003288   0x00000010   Code   RO          460    i.KEY_GetFlag       stm32_tim_base.o
    0x08003298   0x08003298   0x0000003e   Code   RO         8476    i.LADRC_TD          ladrc.o
    0x080032d6   0x080032d6   0x00000002   Code   RO          356    i.MemManage_Handler  stm32f4xx_it.o
    0x080032d8   0x080032d8   0x00000002   Code   RO          357    i.NMI_Handler       stm32f4xx_it.o
    0x080032da   0x080032da   0x00000002   PAD
    0x080032dc   0x080032dc   0x00000074   Code   RO          770    i.NVIC_Init         misc.o
    0x08003350   0x08003350   0x00000014   Code   RO          771    i.NVIC_PriorityGroupConfig  misc.o
    0x08003364   0x08003364   0x0000000c   Code   RO         7288    i.OTG_FS_IRQHandler  bsp_usb.o
    0x08003370   0x08003370   0x00000020   Code   RO         8374    i.PID_Clear         pid.o
    0x08003390   0x08003390   0x00000070   Code   RO         8375    i.PID_Struct_Init   pid.o
    0x08003400   0x08003400   0x0000001c   Code   RO         3373    i.RCC_AHB1PeriphClockCmd  stm32f4xx_rcc.o
    0x0800341c   0x0800341c   0x0000001c   Code   RO         3376    i.RCC_AHB2PeriphClockCmd  stm32f4xx_rcc.o
    0x08003438   0x08003438   0x0000001c   Code   RO         3382    i.RCC_APB1PeriphClockCmd  stm32f4xx_rcc.o
    0x08003454   0x08003454   0x0000001c   Code   RO         3384    i.RCC_APB1PeriphResetCmd  stm32f4xx_rcc.o
    0x08003470   0x08003470   0x0000001c   Code   RO         3385    i.RCC_APB2PeriphClockCmd  stm32f4xx_rcc.o
    0x0800348c   0x0800348c   0x0000001c   Code   RO         3387    i.RCC_APB2PeriphResetCmd  stm32f4xx_rcc.o
    0x080034a8   0x080034a8   0x00000010   Code   RO         3390    i.RCC_ClearFlag     stm32f4xx_rcc.o
    0x080034b8   0x080034b8   0x000000b4   Code   RO         3394    i.RCC_GetClocksFreq  stm32f4xx_rcc.o
    0x0800356c   0x0800356c   0x0000003c   Code   RO         3395    i.RCC_GetFlagStatus  stm32f4xx_rcc.o
    0x080035a8   0x080035a8   0x00000018   Code   RO         4531    i.SPI_Cmd           stm32f4xx_spi.o
    0x080035c0   0x080035c0   0x000000e4   Code   RO         6833    i.SPI_DEVICE        spi.o
    0x080036a4   0x080036a4   0x00000054   Code   RO         4544    i.SPI_Init          stm32f4xx_spi.o
    0x080036f8   0x080036f8   0x00000190   Code   RO         7090    i.STD_CAN_RxCpltCallback  bsp_can.o
    0x08003888   0x08003888   0x0000002e   Code   RO         4696    i.SYSCFG_EXTILineConfig  stm32f4xx_syscfg.o
    0x080038b6   0x080038b6   0x00000002   PAD
    0x080038b8   0x080038b8   0x000000c0   Code   RO          416    i.SetSysClock       system_stm32f4xx.o
    0x08003978   0x08003978   0x00000020   Code   RO         8236    i.Software_Reset    keyboard.o
    0x08003998   0x08003998   0x0000001c   Code   RO          774    i.SysTick_CLKSourceConfig  misc.o
    0x080039b4   0x080039b4   0x00000014   Code   RO          358    i.SysTick_Handler   stm32f4xx_it.o
    0x080039c8   0x080039c8   0x0000002c   Code   RO         6657    i.SysTick_Init      delay.o
    0x080039f4   0x080039f4   0x00000060   Code   RO          418    i.SystemInit        system_stm32f4xx.o
    0x08003a54   0x08003a54   0x00000030   Code   RO          526    i.TASK_START        start_tack.o
    0x08003a84   0x08003a84   0x0000002c   Code   RO          461    i.TIM4_IRQHandler   stm32_tim_base.o
    0x08003ab0   0x08003ab0   0x000000d4   Code   RO         6952    i.TIM8_DEVICE       tim.o
    0x08003b84   0x08003b84   0x00000018   Code   RO         4757    i.TIM_ARRPreloadConfig  stm32f4xx_tim.o
    0x08003b9c   0x08003b9c   0x00000068   Code   RO          462    i.TIM_BASE_Init     stm32_tim_base.o
    0x08003c04   0x08003c04   0x00000006   Code   RO         4764    i.TIM_ClearITPendingBit  stm32f4xx_tim.o
    0x08003c0a   0x08003c0a   0x00000018   Code   RO         4769    i.TIM_Cmd           stm32f4xx_tim.o
    0x08003c22   0x08003c22   0x00000020   Code   RO         4771    i.TIM_CtrlPWMOutputs  stm32f4xx_tim.o
    0x08003c42   0x08003c42   0x00000016   Code   RO         4790    i.TIM_GetITStatus   stm32f4xx_tim.o
    0x08003c58   0x08003c58   0x00000016   Code   RO         4794    i.TIM_ITConfig      stm32f4xx_tim.o
    0x08003c6e   0x08003c6e   0x00000070   Code   RO         4798    i.TIM_OC1Init       stm32f4xx_tim.o
    0x08003cde   0x08003cde   0x0000000c   Code   RO         4801    i.TIM_OC1PreloadConfig  stm32f4xx_tim.o
    0x08003cea   0x08003cea   0x0000008e   Code   RO         4803    i.TIM_OC2Init       stm32f4xx_tim.o
    0x08003d78   0x08003d78   0x00000014   Code   RO         4806    i.TIM_OC2PreloadConfig  stm32f4xx_tim.o
    0x08003d8c   0x08003d8c   0x0000008c   Code   RO         4808    i.TIM_OC3Init       stm32f4xx_tim.o
    0x08003e18   0x08003e18   0x0000000c   Code   RO         4811    i.TIM_OC3PreloadConfig  stm32f4xx_tim.o
    0x08003e24   0x08003e24   0x00000014   Code   RO         4816    i.TIM_OCStructInit  stm32f4xx_tim.o
    0x08003e38   0x08003e38   0x00000080   Code   RO         4841    i.TIM_TimeBaseInit  stm32f4xx_tim.o
    0x08003eb8   0x08003eb8   0x00000100   Code   RO         6778    i.USART1_DEVICE     usart.o
    0x08003fb8   0x08003fb8   0x0000008c   Code   RO         6899    i.USART1_DMA        dma.o
    0x08004044   0x08004044   0x00000074   Code   RO         7859    i.USART1_IRQHandler  pc_task.o
    0x080040b8   0x080040b8   0x000000d8   Code   RO         6779    i.USART3_DEVICE     usart.o
    0x08004190   0x08004190   0x00000090   Code   RO         6900    i.USART3_DMA        dma.o
    0x08004220   0x08004220   0x00000108   Code   RO         6858    i.USART3_IRQHandler  rc.o
    0x08004328   0x08004328   0x000000d4   Code   RO         6780    i.USART6_DEVICE     usart.o
    0x080043fc   0x080043fc   0x00000088   Code   RO         6901    i.USART6_DMA        dma.o
    0x08004484   0x08004484   0x00000080   Code   RO         7736    i.USART6_IRQHandler  judge_task.o
    0x08004504   0x08004504   0x0000000a   Code   RO         5319    i.USART_ClearFlag   stm32f4xx_usart.o
    0x0800450e   0x0800450e   0x00000012   Code   RO         5320    i.USART_ClearITPendingBit  stm32f4xx_usart.o
    0x08004520   0x08004520   0x00000018   Code   RO         5323    i.USART_Cmd         stm32f4xx_usart.o
    0x08004538   0x08004538   0x00000016   Code   RO         5324    i.USART_DMACmd      stm32f4xx_usart.o
    0x0800454e   0x0800454e   0x00000100   Code   RO         5325    i.USART_DeInit      stm32f4xx_usart.o
    0x0800464e   0x0800464e   0x0000000e   Code   RO         5326    i.USART_GetFlagStatus  stm32f4xx_usart.o
    0x0800465c   0x0800465c   0x00000048   Code   RO         5327    i.USART_GetITStatus  stm32f4xx_usart.o
    0x080046a4   0x080046a4   0x0000003a   Code   RO         5329    i.USART_ITConfig    stm32f4xx_usart.o
    0x080046de   0x080046de   0x00000002   PAD
    0x080046e0   0x080046e0   0x000000d0   Code   RO         5330    i.USART_Init        stm32f4xx_usart.o
    0x080047b0   0x080047b0   0x00000008   Code   RO         5337    i.USART_ReceiveData  stm32f4xx_usart.o
    0x080047b8   0x080047b8   0x0000000e   Code   RO         9689    i.USBD_ClrCfg       usbd_core.o
    0x080047c6   0x080047c6   0x0000003c   Code   RO         9852    i.USBD_ClrFeature   usbd_req.o
    0x08004802   0x08004802   0x00000012   Code   RO         9792    i.USBD_CtlContinueRx  usbd_ioreq.o
    0x08004814   0x08004814   0x00000012   Code   RO         9793    i.USBD_CtlContinueSendData  usbd_ioreq.o
    0x08004826   0x08004826   0x0000001e   Code   RO         9853    i.USBD_CtlError     usbd_req.o
    0x08004844   0x08004844   0x00000020   Code   RO         9794    i.USBD_CtlPrepareRx  usbd_ioreq.o
    0x08004864   0x08004864   0x00000022   Code   RO         9795    i.USBD_CtlReceiveStatus  usbd_ioreq.o
    0x08004886   0x08004886   0x00000020   Code   RO         9796    i.USBD_CtlSendData  usbd_ioreq.o
    0x080048a6   0x080048a6   0x00000022   Code   RO         9797    i.USBD_CtlSendStatus  usbd_ioreq.o
    0x080048c8   0x080048c8   0x000000c4   Code   RO         9690    i.USBD_DataInStage  usbd_core.o
    0x0800498c   0x0800498c   0x0000007c   Code   RO         9691    i.USBD_DataOutStage  usbd_core.o
    0x08004a08   0x08004a08   0x00000004   Code   RO         9692    i.USBD_DeInit       usbd_core.o
    0x08004a0c   0x08004a0c   0x00000030   Code   RO         9854    i.USBD_GetConfig    usbd_req.o
    0x08004a3c   0x08004a3c   0x000000fa   Code   RO         9855    i.USBD_GetDescriptor  usbd_req.o
    0x08004b36   0x08004b36   0x00000018   Code   RO         9856    i.USBD_GetLen       usbd_req.o
    0x08004b4e   0x08004b4e   0x00000002   PAD
    0x08004b50   0x08004b50   0x00000030   Code   RO         9857    i.USBD_GetStatus    usbd_req.o
    0x08004b80   0x08004b80   0x00000042   Code   RO         9858    i.USBD_GetString    usbd_req.o
    0x08004bc2   0x08004bc2   0x00000040   Code   RO         9693    i.USBD_Init         usbd_core.o
    0x08004c02   0x08004c02   0x0000000e   Code   RO         9694    i.USBD_IsoINIncomplete  usbd_core.o
    0x08004c10   0x08004c10   0x0000000e   Code   RO         9695    i.USBD_IsoOUTIncomplete  usbd_core.o
    0x08004c1e   0x08004c1e   0x000000c6   Code   RO        10290    i.USBD_OTG_ISR_Handler  usb_dcd_int.o
    0x08004ce4   0x08004ce4   0x00000044   Code   RO         9859    i.USBD_ParseSetupRequest  usbd_req.o
    0x08004d28   0x08004d28   0x00000030   Code   RO         9696    i.USBD_Reset        usbd_core.o
    0x08004d58   0x08004d58   0x00000016   Code   RO         9697    i.USBD_Resume       usbd_core.o
    0x08004d6e   0x08004d6e   0x00000002   PAD
    0x08004d70   0x08004d70   0x00000010   Code   RO         9698    i.USBD_RunTestMode  usbd_core.o
    0x08004d80   0x08004d80   0x00000012   Code   RO         9699    i.USBD_SOF          usbd_core.o
    0x08004d92   0x08004d92   0x00000054   Code   RO         9860    i.USBD_SetAddress   usbd_req.o
    0x08004de6   0x08004de6   0x0000001a   Code   RO         9700    i.USBD_SetCfg       usbd_core.o
    0x08004e00   0x08004e00   0x000000ac   Code   RO         9861    i.USBD_SetConfig    usbd_req.o
    0x08004eac   0x08004eac   0x0000009c   Code   RO         9862    i.USBD_SetFeature   usbd_req.o
    0x08004f48   0x08004f48   0x0000004e   Code   RO         9701    i.USBD_SetupStage   usbd_core.o
    0x08004f96   0x08004f96   0x0000005c   Code   RO         9863    i.USBD_StdDevReq    usbd_req.o
    0x08004ff2   0x08004ff2   0x00000002   PAD
    0x08004ff4   0x08004ff4   0x00000144   Code   RO         9864    i.USBD_StdEPReq     usbd_req.o
    0x08005138   0x08005138   0x00000046   Code   RO         9865    i.USBD_StdItfReq    usbd_req.o
    0x0800517e   0x0800517e   0x0000001c   Code   RO         9702    i.USBD_Suspend      usbd_core.o
    0x0800519a   0x0800519a   0x00000002   PAD
    0x0800519c   0x0800519c   0x00000030   Code   RO          608    i.USBD_USR_ConfigStrDescriptor  usbd_desc.o
    0x080051cc   0x080051cc   0x00000002   Code   RO          693    i.USBD_USR_DeviceConfigured  usbd_usr.o
    0x080051ce   0x080051ce   0x00000002   Code   RO          694    i.USBD_USR_DeviceConnected  usbd_usr.o
    0x080051d0   0x080051d0   0x0000000c   Code   RO          609    i.USBD_USR_DeviceDescriptor  usbd_desc.o
    0x080051dc   0x080051dc   0x00000002   Code   RO          695    i.USBD_USR_DeviceDisconnected  usbd_usr.o
    0x080051de   0x080051de   0x00000002   Code   RO          696    i.USBD_USR_DeviceReset  usbd_usr.o
    0x080051e0   0x080051e0   0x00000002   Code   RO          697    i.USBD_USR_DeviceResumed  usbd_usr.o
    0x080051e2   0x080051e2   0x00000002   Code   RO          698    i.USBD_USR_DeviceSuspended  usbd_usr.o
    0x080051e4   0x080051e4   0x00000002   Code   RO          699    i.USBD_USR_Init     usbd_usr.o
    0x080051e6   0x080051e6   0x00000002   PAD
    0x080051e8   0x080051e8   0x00000034   Code   RO          610    i.USBD_USR_InterfaceStrDescriptor  usbd_desc.o
    0x0800521c   0x0800521c   0x0000000c   Code   RO          611    i.USBD_USR_LangIDStrDescriptor  usbd_desc.o
    0x08005228   0x08005228   0x00000020   Code   RO          612    i.USBD_USR_ManufacturerStrDescriptor  usbd_desc.o
    0x08005248   0x08005248   0x0000005c   Code   RO          613    i.USBD_USR_ProductStrDescriptor  usbd_desc.o
    0x080052a4   0x080052a4   0x00000014   Code   RO          614    i.USBD_USR_SerialStrDescriptor  usbd_desc.o
    0x080052b8   0x080052b8   0x0000000c   Code   RO         9606    i.USBD_cdc_GetCfgDesc  usbd_cdc_core.o
    0x080052c4   0x080052c4   0x00000022   Code   RO         6986    i.USB_OTG_BSP_EnableInterrupt  st_usb_cdc.o
    0x080052e6   0x080052e6   0x00000002   PAD
    0x080052e8   0x080052e8   0x00000060   Code   RO         6987    i.USB_OTG_BSP_Init  st_usb_cdc.o
    0x08005348   0x08005348   0x0000000a   Code   RO         6988    i.USB_OTG_BSP_mDelay  st_usb_cdc.o
    0x08005352   0x08005352   0x0000000e   Code   RO         6989    i.USB_OTG_BSP_uDelay  st_usb_cdc.o
    0x08005360   0x08005360   0x000000a8   Code   RO         9951    i.USB_OTG_CoreInit  usb_core.o
    0x08005408   0x08005408   0x00000158   Code   RO         9952    i.USB_OTG_CoreInitDev  usb_core.o
    0x08005560   0x08005560   0x00000060   Code   RO         9953    i.USB_OTG_CoreReset  usb_core.o
    0x080055c0   0x080055c0   0x00000010   Code   RO         9954    i.USB_OTG_DisableGlobalInt  usb_core.o
    0x080055d0   0x080055d0   0x00000056   Code   RO         9955    i.USB_OTG_EP0Activate  usb_core.o
    0x08005626   0x08005626   0x000000fe   Code   RO         9956    i.USB_OTG_EP0StartXfer  usb_core.o
    0x08005724   0x08005724   0x0000002c   Code   RO         9957    i.USB_OTG_EP0_OutStart  usb_core.o
    0x08005750   0x08005750   0x0000006a   Code   RO         9958    i.USB_OTG_EPActivate  usb_core.o
    0x080057ba   0x080057ba   0x00000042   Code   RO         9959    i.USB_OTG_EPClearStall  usb_core.o
    0x080057fc   0x080057fc   0x00000040   Code   RO         9960    i.USB_OTG_EPDeactivate  usb_core.o
    0x0800583c   0x0800583c   0x00000046   Code   RO         9961    i.USB_OTG_EPSetStall  usb_core.o
    0x08005882   0x08005882   0x0000018a   Code   RO         9962    i.USB_OTG_EPStartXfer  usb_core.o
    0x08005a0c   0x08005a0c   0x0000001c   Code   RO         9963    i.USB_OTG_EnableCommonInt  usb_core.o
    0x08005a28   0x08005a28   0x0000005a   Code   RO         9964    i.USB_OTG_EnableDevInt  usb_core.o
    0x08005a82   0x08005a82   0x00000010   Code   RO         9965    i.USB_OTG_EnableGlobalInt  usb_core.o
    0x08005a92   0x08005a92   0x00000002   PAD
    0x08005a94   0x08005a94   0x00000044   Code   RO         9966    i.USB_OTG_FlushRxFifo  usb_core.o
    0x08005ad8   0x08005ad8   0x0000004c   Code   RO         9967    i.USB_OTG_FlushTxFifo  usb_core.o
    0x08005b24   0x08005b24   0x00000034   Code   RO         9968    i.USB_OTG_GetDeviceSpeed  usb_core.o
    0x08005b58   0x08005b58   0x0000000a   Code   RO         9970    i.USB_OTG_GetMode   usb_core.o
    0x08005b62   0x08005b62   0x0000000c   Code   RO         9971    i.USB_OTG_InitDevSpeed  usb_core.o
    0x08005b6e   0x08005b6e   0x00000012   Code   RO         9972    i.USB_OTG_IsDeviceMode  usb_core.o
    0x08005b80   0x08005b80   0x0000000a   Code   RO         9974    i.USB_OTG_ReadCoreItr  usb_core.o
    0x08005b8a   0x08005b8a   0x0000000c   Code   RO         9975    i.USB_OTG_ReadDevAllInEPItr  usb_core.o
    0x08005b96   0x08005b96   0x0000000c   Code   RO         9976    i.USB_OTG_ReadDevAllOutEp_itr  usb_core.o
    0x08005ba2   0x08005ba2   0x00000010   Code   RO         9977    i.USB_OTG_ReadDevOutEP_itr  usb_core.o
    0x08005bb2   0x08005bb2   0x00000024   Code   RO         9979    i.USB_OTG_ReadPacket  usb_core.o
    0x08005bd6   0x08005bd6   0x00000002   PAD
    0x08005bd8   0x08005bd8   0x000000d4   Code   RO         9980    i.USB_OTG_SelectCore  usb_core.o
    0x08005cac   0x08005cac   0x00000036   Code   RO         9981    i.USB_OTG_SetCurrentMode  usb_core.o
    0x08005ce2   0x08005ce2   0x00000034   Code   RO         9985    i.USB_OTG_WritePacket  usb_core.o
    0x08005d16   0x08005d16   0x00000002   Code   RO          359    i.UsageFault_Handler  stm32f4xx_it.o
    0x08005d18   0x08005d18   0x00000060   Code   RO         7289    i.VCP_Ctrl          bsp_usb.o
    0x08005d78   0x08005d78   0x00000028   Code   RO         7290    i.VCP_DataRx        bsp_usb.o
    0x08005da0   0x08005da0   0x0000003c   Code   RO         7291    i.VCP_DataTx        bsp_usb.o
    0x08005ddc   0x08005ddc   0x00000004   Code   RO         7292    i.VCP_DeInit        bsp_usb.o
    0x08005de0   0x08005de0   0x00000004   Code   RO         7293    i.VCP_Init          bsp_usb.o
    0x08005de4   0x08005de4   0x00000026   Code   RO        10916    i.__ARM_fpclassifyf  m_wm.l(fpclassifyf.o)
    0x08005e0a   0x08005e0a   0x00000002   PAD
    0x08005e0c   0x08005e0c   0x0000012c   Code   RO        10761    i.__hardfp_asinf    m_wm.l(asinf.o)
    0x08005f38   0x08005f38   0x000002ac   Code   RO        10773    i.__hardfp_atan2f   m_wm.l(atan2f.o)
    0x080061e4   0x080061e4   0x00000014   Code   RO        10785    i.__hardfp_fabs     m_wm.l(fabs.o)
    0x080061f8   0x080061f8   0x00000104   Code   RO        10791    i.__hardfp_fmod     m_wm.l(fmod.o)
    0x080062fc   0x080062fc   0x0000007a   Code   RO        10815    i.__hardfp_sqrt     m_wm.l(sqrt_full.o)
    0x08006376   0x08006376   0x0000003a   Code   RO        10821    i.__hardfp_sqrtf    m_wm.l(sqrtf_full.o)
    0x080063b0   0x080063b0   0x00000020   Code   RO        10905    i.__mathlib_dbl_invalid  m_wm.l(dunder.o)
    0x080063d0   0x080063d0   0x00000006   Code   RO        10919    i.__mathlib_flt_infnan  m_wm.l(funder.o)
    0x080063d6   0x080063d6   0x00000006   Code   RO        10920    i.__mathlib_flt_infnan2  m_wm.l(funder.o)
    0x080063dc   0x080063dc   0x00000010   Code   RO        10921    i.__mathlib_flt_invalid  m_wm.l(funder.o)
    0x080063ec   0x080063ec   0x00000010   Code   RO        10924    i.__mathlib_flt_underflow  m_wm.l(funder.o)
    0x080063fc   0x080063fc   0x0000000e   Code   RO        10979    i.__scatterload_copy  mc_w.l(handlers.o)
    0x0800640a   0x0800640a   0x00000002   Code   RO        10980    i.__scatterload_null  mc_w.l(handlers.o)
    0x0800640c   0x0800640c   0x0000000e   Code   RO        10981    i.__scatterload_zeroinit  mc_w.l(handlers.o)
    0x0800641a   0x0800641a   0x00000002   PAD
    0x0800641c   0x0800641c   0x0000000c   Code   RO        10961    i.__set_errno       mc_w.l(errno.o)
    0x08006428   0x08006428   0x00000048   Code   RO         8376    i.abs_limit         pid.o
    0x08006470   0x08006470   0x000001d0   Code   RO        10583    i.accel_comple_filter  AHRS.lib(ahrs.o)
    0x08006640   0x08006640   0x0000018c   Code   RO        10584    i.accel_update_kp_ki  AHRS.lib(ahrs.o)
    0x080067cc   0x080067cc   0x0000016c   Code   RO        10585    i.angle_to_quat     AHRS.lib(ahrs.o)
    0x08006938   0x08006938   0x0000002c   Code   RO         8695    i.append_crc16_check_sum  protocol.o
    0x08006964   0x08006964   0x00000022   Code   RO         8696    i.append_crc8_check_sum  protocol.o
    0x08006986   0x08006986   0x00000002   PAD
    0x08006988   0x08006988   0x0000011c   Code   RO         9185    i.bmi088_accel_init  bmi088driver.o
    0x08006aa4   0x08006aa4   0x000000dc   Code   RO         9187    i.bmi088_gyro_init  bmi088driver.o
    0x08006b80   0x08006b80   0x00000150   Code   RO         7461    i.can_msg_send_task  comm_task.o
    0x08006cd0   0x08006cd0   0x00000078   Code   RO         8237    i.chassis_direction_ctrl  keyboard.o
    0x08006d48   0x08006d48   0x000001e4   Code   RO         7353    i.chassis_dodge_handler  chassis_task.o
    0x08006f2c   0x08006f2c   0x00000020   Code   RO         7493    i.chassis_is_controllable  detect_task.o
    0x08006f4c   0x08006f4c   0x0000013c   Code   RO         7354    i.chassis_normal_handler  chassis_task.o
    0x08007088   0x08007088   0x00000060   Code   RO         8156    i.chassis_operation_func  remote_ctrl.o
    0x080070e8   0x080070e8   0x000000b0   Code   RO         7355    i.chassis_param_init  chassis_task.o
    0x08007198   0x08007198   0x0000039c   Code   RO         7356    i.chassis_power_contorl  chassis_task.o
    0x08007534   0x08007534   0x00000064   Code   RO         7357    i.chassis_stop_handler  chassis_task.o
    0x08007598   0x08007598   0x000001d4   Code   RO         7358    i.chassis_task      chassis_task.o
    0x0800776c   0x0800776c   0x000000b0   Code   RO         8949    i.client_graphic_draw_Circle  judge_tx_data.o
    0x0800781c   0x0800781c   0x00000320   Code   RO         8950    i.client_graphic_draw_String  judge_tx_data.o
    0x08007b3c   0x08007b3c   0x000002a0   Code   RO         8951    i.client_graphic_draw_car_line  judge_tx_data.o
    0x08007ddc   0x08007ddc   0x000000b0   Code   RO         8952    i.client_graphic_draw_line  judge_tx_data.o
    0x08007e8c   0x08007e8c   0x00000348   Code   RO         8953    i.client_graphic_draw_short_line1  judge_tx_data.o
    0x080081d4   0x080081d4   0x00000004   PAD
    0x080081d8   0x080081d8   0x000003f4   Code   RO         8954    i.client_grapjic_draw_float  judge_tx_data.o
    0x080085cc   0x080085cc   0x00000050   Code   RO         8850    i.data_packet_pack  data_packet.o
    0x0800861c   0x0800861c   0x00000038   Code   RO         6658    i.delay_ms          delay.o
    0x08008654   0x08008654   0x00000038   Code   RO         6659    i.delay_us          delay.o
    0x0800868c   0x0800868c   0x00000054   Code   RO         7494    i.detect_param_init  detect_task.o
    0x080086e0   0x080086e0   0x00000030   Code   RO         7495    i.detect_task       detect_task.o
    0x08008710   0x08008710   0x000000c8   Code   RO         8851    i.dma_buffer_to_unpack_buffer  data_packet.o
    0x080087d8   0x080087d8   0x000000f4   Code   RO         7569    i.dodge_handler     gimbal_task.o
    0x080088cc   0x080088cc   0x000000a4   Code   RO         7091    i.encoder_data_handler  bsp_can.o
    0x08008970   0x08008970   0x00000018   Code   RO         7496    i.err_detector_hook  detect_task.o
    0x08008988   0x08008988   0x000000a8   Code   RO         8377    i.f_Integral_Limit  pid.o
    0x08008a30   0x08008a30   0x0000004c   Code   RO         8760    i.fifo_s_get        data_fifo.o
    0x08008a7c   0x08008a7c   0x0000006e   Code   RO         8761    i.fifo_s_gets       data_fifo.o
    0x08008aea   0x08008aea   0x0000002e   Code   RO         8762    i.fifo_s_init       data_fifo.o
    0x08008b18   0x08008b18   0x00000076   Code   RO         8765    i.fifo_s_puts       data_fifo.o
    0x08008b8e   0x08008b8e   0x00000008   Code   RO         8766    i.fifo_used_count   data_fifo.o
    0x08008b96   0x08008b96   0x00000002   PAD
    0x08008b98   0x08008b98   0x00000018   Code   RO         8238    i.firc_ctrl         keyboard.o
    0x08008bb0   0x08008bb0   0x00000024   Code   RO            5    i.flash_cali        main.o
    0x08008bd4   0x08008bd4   0x000000e8   Code   RO        10586    i.get_angle         AHRS.lib(ahrs.o)
    0x08008cbc   0x08008cbc   0x00000030   Code   RO         8537    i.get_buffer        power_control.o
    0x08008cec   0x08008cec   0x00000038   Code   RO         7681    i.get_chassis_info  info_get_task.o
    0x08008d24   0x08008d24   0x0000001c   Code   RO         8538    i.get_chassis_max_power  power_control.o
    0x08008d40   0x08008d40   0x000000a8   Code   RO         7777    i.get_chassis_mode  modeswitch_task.o
    0x08008de8   0x08008de8   0x00000030   Code   RO         8697    i.get_crc16_check_sum  protocol.o
    0x08008e18   0x08008e18   0x00000024   Code   RO         8698    i.get_crc8_check_sum  protocol.o
    0x08008e3c   0x08008e3c   0x0000001a   Code   RO         8852    i.get_dma_memory_msg  data_packet.o
    0x08008e56   0x08008e56   0x00000002   PAD
    0x08008e58   0x08008e58   0x0000006c   Code   RO         7682    i.get_gimbal_info   info_get_task.o
    0x08008ec4   0x08008ec4   0x00000084   Code   RO         7778    i.get_gimbal_mode   modeswitch_task.o
    0x08008f48   0x08008f48   0x0000001c   Code   RO         7683    i.get_global_last_info  info_get_task.o
    0x08008f64   0x08008f64   0x000000b0   Code   RO         9086    i.get_infantry_info  pc_tx_data.o
    0x08009014   0x08009014   0x000000f4   Code   RO         7779    i.get_keyboard      modeswitch_task.o
    0x08009108   0x08009108   0x00000014   Code   RO         7780    i.get_last_mode     modeswitch_task.o
    0x0800911c   0x0800911c   0x000000a0   Code   RO         7781    i.get_main_mode     modeswitch_task.o
    0x080091bc   0x080091bc   0x0000000e   Code   RO         7092    i.get_moto_offset   bsp_can.o
    0x080091ca   0x080091ca   0x00000002   PAD
    0x080091cc   0x080091cc   0x00000088   Code   RO         8239    i.get_mouse_status  keyboard.o
    0x08009254   0x08009254   0x00000020   Code   RO         7684    i.get_relative_pos  info_get_task.o
    0x08009274   0x08009274   0x00000018   Code   RO         7685    i.get_shoot_info    info_get_task.o
    0x0800928c   0x0800928c   0x00000028   Code   RO         7782    i.get_shoot_mode    modeswitch_task.o
    0x080092b4   0x080092b4   0x00000012   Code   RO         9087    i.get_upload_data   pc_tx_data.o
    0x080092c6   0x080092c6   0x00000002   PAD
    0x080092c8   0x080092c8   0x00000020   Code   RO         7497    i.gimbal_is_controllable  detect_task.o
    0x080092e8   0x080092e8   0x0000004c   Code   RO         8157    i.gimbal_operation_func  remote_ctrl.o
    0x08009334   0x08009334   0x00000190   Code   RO         7571    i.gimbal_param_init  gimbal_task.o
    0x080094c4   0x080094c4   0x00000090   Code   RO         8240    i.gimbal_speed_ctrl  keyboard.o
    0x08009554   0x08009554   0x000005e8   Code   RO         7572    i.gimbal_task       gimbal_task.o
    0x08009b3c   0x08009b3c   0x0000009c   Code   RO         7984    i.imu_cali_slove    imu_task.o
    0x08009bd8   0x08009bd8   0x0000024c   Code   RO         7985    i.imu_task          imu_task.o
    0x08009e24   0x08009e24   0x00000010   Code   RO          463    i.inHandlerMode     stm32_tim_base.o
    0x08009e34   0x08009e34   0x000000e0   Code   RO         7686    i.info_get_task     info_get_task.o
    0x08009f14   0x08009f14   0x00000034   Code   RO         7573    i.init_mode_handler  gimbal_task.o
    0x08009f48   0x08009f48   0x00000054   Code   RO         7737    i.judge_rx_task     judge_task.o
    0x08009f9c   0x08009f9c   0x0000008c   Code   RO         7738    i.judge_tx_task     judge_task.o
    0x0800a028   0x0800a028   0x000009c4   Code   RO         8955    i.judgement_client_graphics_draw_pack  judge_tx_data.o
    0x0800a9ec   0x0800a9ec   0x000001c8   Code   RO         8911    i.judgement_data_handler  judge_rx_data.o
    0x0800abb4   0x0800abb4   0x00000064   Code   RO         8912    i.judgement_rx_param_init  judge_rx_data.o
    0x0800ac18   0x0800ac18   0x00000028   Code   RO         8957    i.judgement_tx_param_init  judge_tx_data.o
    0x0800ac40   0x0800ac40   0x00000020   Code   RO         8158    i.kb_enable_hook    remote_ctrl.o
    0x0800ac60   0x0800ac60   0x00000018   Code   RO         8241    i.kb_shoot_spd_ctrl  keyboard.o
    0x0800ac78   0x0800ac78   0x0000003c   Code   RO         8242    i.keyboard_chassis_hook  keyboard.o
    0x0800acb4   0x0800acb4   0x00000040   Code   RO         8243    i.keyboard_gimbal_hook  keyboard.o
    0x0800acf4   0x0800acf4   0x00000054   Code   RO         8244    i.keyboard_global_hook  keyboard.o
    0x0800ad48   0x0800ad48   0x0000007c   Code   RO         8245    i.keyboard_shoot_hook  keyboard.o
    0x0800adc4   0x0800adc4   0x000000e0   Code   RO            6    i.main              main.o
    0x0800aea4   0x0800aea4   0x00000200   Code   RO         7359    i.mecanum_calc      chassis_task.o
    0x0800b0a4   0x0800b0a4   0x000000c0   Code   RO         7783    i.mode_switch_task  modeswitch_task.o
    0x0800b164   0x0800b164   0x0000003c   Code   RO         7499    i.module_offline_detect  detect_task.o
    0x0800b1a0   0x0800b1a0   0x00000170   Code   RO         7574    i.nomarl_handler    gimbal_task.o
    0x0800b310   0x0800b310   0x00000018   Code   RO          464    i.osKernelSysTick   stm32_tim_base.o
    0x0800b328   0x0800b328   0x00000024   Code   RO         5998    i.pcTaskGetName     tasks.o
    0x0800b34c   0x0800b34c   0x00000030   Code   RO         9048    i.pc_data_handler   pc_rx_data.o
    0x0800b37c   0x0800b37c   0x00000044   Code   RO         9049    i.pc_rx_param_init  pc_rx_data.o
    0x0800b3c0   0x0800b3c0   0x00000068   Code   RO         7860    i.pc_rx_task        pc_task.o
    0x0800b428   0x0800b428   0x0000001c   Code   RO         9088    i.pc_send_data_packet_pack  pc_tx_data.o
    0x0800b444   0x0800b444   0x00000028   Code   RO         9089    i.pc_tx_param_init  pc_tx_data.o
    0x0800b46c   0x0800b46c   0x00000030   Code   RO         7861    i.pc_tx_task        pc_task.o
    0x0800b49c   0x0800b49c   0x000000cc   Code   RO         8379    i.pid_calc          pid.o
    0x0800b568   0x0800b568   0x0000001a   Code   RO         8380    i.pid_init          pid.o
    0x0800b582   0x0800b582   0x00000002   PAD
    0x0800b584   0x0800b584   0x00000028   Code   RO         8381    i.pid_reset         pid.o
    0x0800b5ac   0x0800b5ac   0x00000060   Code   RO         8853    i.protocol_packet_pack  data_packet.o
    0x0800b60c   0x0800b60c   0x00000078   Code   RO         5999    i.prvAddCurrentTaskToDelayedList  tasks.o
    0x0800b684   0x0800b684   0x0000008c   Code   RO         6000    i.prvAddNewTaskToReadyList  tasks.o
    0x0800b710   0x0800b710   0x00000050   Code   RO         6365    i.prvCheckForValidListAndQueue  timers.o
    0x0800b760   0x0800b760   0x00000058   Code   RO         6001    i.prvCheckTasksWaitingTermination  tasks.o
    0x0800b7b8   0x0800b7b8   0x00000024   Code   RO         5754    i.prvCopyDataFromQueue  queue.o
    0x0800b7dc   0x0800b7dc   0x0000006e   Code   RO         5755    i.prvCopyDataToQueue  queue.o
    0x0800b84a   0x0800b84a   0x00000014   Code   RO         6002    i.prvDeleteTCB      tasks.o
    0x0800b85e   0x0800b85e   0x00000002   PAD
    0x0800b860   0x0800b860   0x00000024   Code   RO         6366    i.prvGetNextExpireTime  timers.o
    0x0800b884   0x0800b884   0x00000050   Code   RO         6507    i.prvHeapInit       heap_4.o
    0x0800b8d4   0x0800b8d4   0x00000028   Code   RO         6003    i.prvIdleTask       tasks.o
    0x0800b8fc   0x0800b8fc   0x00000018   Code   RO         5756    i.prvInitialiseMutex  queue.o
    0x0800b914   0x0800b914   0x00000026   Code   RO         5757    i.prvInitialiseNewQueue  queue.o
    0x0800b93a   0x0800b93a   0x00000090   Code   RO         6004    i.prvInitialiseNewTask  tasks.o
    0x0800b9ca   0x0800b9ca   0x00000002   PAD
    0x0800b9cc   0x0800b9cc   0x00000060   Code   RO         6005    i.prvInitialiseTaskLists  tasks.o
    0x0800ba2c   0x0800ba2c   0x0000005c   Code   RO         6508    i.prvInsertBlockIntoFreeList  heap_4.o
    0x0800ba88   0x0800ba88   0x00000048   Code   RO         6368    i.prvInsertTimerInActiveList  timers.o
    0x0800bad0   0x0800bad0   0x0000001a   Code   RO         5758    i.prvIsQueueEmpty   queue.o
    0x0800baea   0x0800baea   0x0000001e   Code   RO         5759    i.prvIsQueueFull    queue.o
    0x0800bb08   0x0800bb08   0x00000072   Code   RO         5760    i.prvNotifyQueueSetContainer  queue.o
    0x0800bb7a   0x0800bb7a   0x00000002   PAD
    0x0800bb7c   0x0800bb7c   0x0000005c   Code   RO         6369    i.prvProcessExpiredTimer  timers.o
    0x0800bbd8   0x0800bbd8   0x000000c8   Code   RO         6370    i.prvProcessReceivedCommands  timers.o
    0x0800bca0   0x0800bca0   0x0000006c   Code   RO         6371    i.prvProcessTimerOrBlockTask  timers.o
    0x0800bd0c   0x0800bd0c   0x00000024   Code   RO         6007    i.prvResetNextTaskUnblockTime  tasks.o
    0x0800bd30   0x0800bd30   0x0000002c   Code   RO         6372    i.prvSampleTimeNow  timers.o
    0x0800bd5c   0x0800bd5c   0x0000005e   Code   RO         6008    i.prvSearchForNameWithinSingleList  tasks.o
    0x0800bdba   0x0800bdba   0x00000002   PAD
    0x0800bdbc   0x0800bdbc   0x00000074   Code   RO         6373    i.prvSwitchTimerLists  timers.o
    0x0800be30   0x0800be30   0x00000018   Code   RO         6009    i.prvTaskCheckFreeStackSpace  tasks.o
    0x0800be48   0x0800be48   0x00000030   Code   RO         6569    i.prvTaskExitError  port.o
    0x0800be78   0x0800be78   0x00000014   Code   RO         6374    i.prvTimerTask      timers.o
    0x0800be8c   0x0800be8c   0x0000007c   Code   RO         5761    i.prvUnlockQueue    queue.o
    0x0800bf08   0x0800bf08   0x000000e4   Code   RO         6509    i.pvPortMalloc      heap_4.o
    0x0800bfec   0x0800bfec   0x00000018   Code   RO         6011    i.pvTaskIncrementMutexHeldCount  tasks.o
    0x0800c004   0x0800c004   0x0000002c   Code   RO         6570    i.pxPortInitialiseStack  port.o
    0x0800c030   0x0800c030   0x00000084   Code   RO        10591    i.quat_normalization  AHRS.lib(ahrs.o)
    0x0800c0b4   0x0800c0b4   0x00000014   Code   RO         8345    i.ramp_init         ramp.o
    0x0800c0c8   0x0800c0c8   0x0000002c   Code   RO         8159    i.rc_ball_storage_ctrl  remote_ctrl.o
    0x0800c0f4   0x0800c0f4   0x00000024   Code   RO         8160    i.rc_fric_ctrl      remote_ctrl.o
    0x0800c118   0x0800c118   0x00000064   Code   RO         8161    i.rc_shoot_cmd      remote_ctrl.o
    0x0800c17c   0x0800c17c   0x0000016c   Code   RO         8162    i.remote_ctrl       remote_ctrl.o
    0x0800c2e8   0x0800c2e8   0x0000001c   Code   RO         8163    i.remote_ctrl_chassis_hook  remote_ctrl.o
    0x0800c304   0x0800c304   0x00000014   Code   RO         8164    i.remote_ctrl_gimbal_hook  remote_ctrl.o
    0x0800c318   0x0800c318   0x000000b0   Code   RO         8165    i.remote_ctrl_shoot_hook  remote_ctrl.o
    0x0800c3c8   0x0800c3c8   0x00000034   Code   RO         7784    i.remote_get_bit    modeswitch_task.o
    0x0800c3fc   0x0800c3fc   0x0000001c   Code   RO         7575    i.remote_is_action  gimbal_task.o
    0x0800c418   0x0800c418   0x00000034   Code   RO         7093    i.send_cap_power_can  bsp_can.o
    0x0800c44c   0x0800c44c   0x0000005c   Code   RO         7094    i.send_chassis_cur  bsp_can.o
    0x0800c4a8   0x0800c4a8   0x00000048   Code   RO         7095    i.send_fric_cur     bsp_can.o
    0x0800c4f0   0x0800c4f0   0x0000004c   Code   RO         7096    i.send_gimbal_cur   bsp_can.o
    0x0800c53c   0x0800c53c   0x00000050   Code   RO         8854    i.send_packed_fifo_data  data_packet.o
    0x0800c58c   0x0800c58c   0x000000a8   Code   RO         7576    i.shoot_buff_ctrl_handler  gimbal_task.o
    0x0800c634   0x0800c634   0x0000023c   Code   RO         7915    i.shoot_bullet_handler  shoot_task.o
    0x0800c870   0x0800c870   0x00000030   Code   RO         8246    i.shoot_cmd_ctrl    keyboard.o
    0x0800c8a0   0x0800c8a0   0x00000134   Code   RO         7916    i.shoot_delay_hanlder  shoot_task.o
    0x0800c9d4   0x0800c9d4   0x00000104   Code   RO         7917    i.shoot_param_init  shoot_task.o
    0x0800cad8   0x0800cad8   0x00000018   Code   RO         8247    i.shoot_storage_ctrl  keyboard.o
    0x0800caf0   0x0800caf0   0x00000390   Code   RO         7918    i.shoot_task        shoot_task.o
    0x0800ce80   0x0800ce80   0x0000000c   Code   RO         8248    i.sofe_reset        keyboard.o
    0x0800ce8c   0x0800ce8c   0x0000001c   Code   RO         7919    i.speed_limit       shoot_task.o
    0x0800cea8   0x0800cea8   0x0000003e   Code   RO        10823    i.sqrtf             m_wm.l(sqrtf_full.o)
    0x0800cee6   0x0800cee6   0x00000002   PAD
    0x0800cee8   0x0800cee8   0x0000020c   Code   RO          527    i.start_task        start_tack.o
    0x0800d0f4   0x0800d0f4   0x00000178   Code   RO         7578    i.track_aimor_handler  gimbal_task.o
    0x0800d26c   0x0800d26c   0x00000152   Code   RO         8855    i.unpack_fifo_data  data_packet.o
    0x0800d3be   0x0800d3be   0x0000007a   Code   RO        10592    i.update_w          AHRS.lib(ahrs.o)
    0x0800d438   0x0800d438   0x0000001c   Code   RO         8856    i.usart_send_data   data_packet.o
    0x0800d454   0x0800d454   0x00000070   Code   RO         9607    i.usbd_cdc_DataIn   usbd_cdc_core.o
    0x0800d4c4   0x0800d4c4   0x00000034   Code   RO         9608    i.usbd_cdc_DataOut  usbd_cdc_core.o
    0x0800d4f8   0x0800d4f8   0x0000002c   Code   RO         9609    i.usbd_cdc_DeInit   usbd_cdc_core.o
    0x0800d524   0x0800d524   0x00000028   Code   RO         9610    i.usbd_cdc_EP0_RxReady  usbd_cdc_core.o
    0x0800d54c   0x0800d54c   0x00000054   Code   RO         9611    i.usbd_cdc_Init     usbd_cdc_core.o
    0x0800d5a0   0x0800d5a0   0x00000020   Code   RO         9612    i.usbd_cdc_SOF      usbd_cdc_core.o
    0x0800d5c0   0x0800d5c0   0x000000ac   Code   RO         9613    i.usbd_cdc_Setup    usbd_cdc_core.o
    0x0800d66c   0x0800d66c   0x00000024   Code   RO         5705    i.uxListRemove      list.o
    0x0800d690   0x0800d690   0x00000014   Code   RO         6014    i.uxTaskGetStackHighWaterMark  tasks.o
    0x0800d6a4   0x0800d6a4   0x00000016   Code   RO         5706    i.vListInitialise   list.o
    0x0800d6ba   0x0800d6ba   0x00000006   Code   RO         5707    i.vListInitialiseItem  list.o
    0x0800d6c0   0x0800d6c0   0x00000036   Code   RO         5708    i.vListInsert       list.o
    0x0800d6f6   0x0800d6f6   0x00000018   Code   RO         5709    i.vListInsertEnd    list.o
    0x0800d70e   0x0800d70e   0x00000002   PAD
    0x0800d710   0x0800d710   0x00000040   Code   RO         6572    i.vPortEnterCritical  port.o
    0x0800d750   0x0800d750   0x0000002c   Code   RO         6573    i.vPortExitCritical  port.o
    0x0800d77c   0x0800d77c   0x0000005c   Code   RO         6510    i.vPortFree         heap_4.o
    0x0800d7d8   0x0800d7d8   0x00000020   Code   RO         6574    i.vPortSetupTimerInterrupt  port.o
    0x0800d7f8   0x0800d7f8   0x00000054   Code   RO         6575    i.vPortValidateInterruptPriority  port.o
    0x0800d84c   0x0800d84c   0x00000028   Code   RO         5767    i.vQueueAddToRegistry  queue.o
    0x0800d874   0x0800d874   0x0000004a   Code   RO         5771    i.vQueueWaitForMessageRestricted  queue.o
    0x0800d8be   0x0800d8be   0x00000002   PAD
    0x0800d8c0   0x0800d8c0   0x0000009c   Code   RO         6021    i.vTaskDelayUntil   tasks.o
    0x0800d95c   0x0800d95c   0x000000b0   Code   RO         6022    i.vTaskDelete       tasks.o
    0x0800da0c   0x0800da0c   0x0000000c   Code   RO         6025    i.vTaskMissedYield  tasks.o
    0x0800da18   0x0800da18   0x00000034   Code   RO         6027    i.vTaskPlaceOnEventList  tasks.o
    0x0800da4c   0x0800da4c   0x0000003c   Code   RO         6028    i.vTaskPlaceOnEventListRestricted  tasks.o
    0x0800da88   0x0800da88   0x0000008c   Code   RO         6030    i.vTaskPriorityInherit  tasks.o
    0x0800db14   0x0800db14   0x00000024   Code   RO         6034    i.vTaskSetTimeOutState  tasks.o
    0x0800db38   0x0800db38   0x00000084   Code   RO         6035    i.vTaskStartScheduler  tasks.o
    0x0800dbbc   0x0800dbbc   0x00000010   Code   RO         6037    i.vTaskSuspendAll   tasks.o
    0x0800dbcc   0x0800dbcc   0x0000007c   Code   RO         6038    i.vTaskSwitchContext  tasks.o
    0x0800dc48   0x0800dc48   0x00000044   Code   RO         8699    i.verify_crc16_check_sum  protocol.o
    0x0800dc8c   0x0800dc8c   0x00000030   Code   RO         8700    i.verify_crc8_check_sum  protocol.o
    0x0800dcbc   0x0800dcbc   0x000000f4   Code   RO         6576    i.xPortStartScheduler  port.o
    0x0800ddb0   0x0800ddb0   0x0000002c   Code   RO         6577    i.xPortSysTickHandler  port.o
    0x0800dddc   0x0800dddc   0x00000018   Code   RO         5774    i.xQueueCreateMutex  queue.o
    0x0800ddf4   0x0800ddf4   0x00000044   Code   RO         5776    i.xQueueGenericCreate  queue.o
    0x0800de38   0x0800de38   0x00000194   Code   RO         5777    i.xQueueGenericReceive  queue.o
    0x0800dfcc   0x0800dfcc   0x00000090   Code   RO         5778    i.xQueueGenericReset  queue.o
    0x0800e05c   0x0800e05c   0x00000188   Code   RO         5779    i.xQueueGenericSend  queue.o
    0x0800e1e4   0x0800e1e4   0x000000d4   Code   RO         5780    i.xQueueGenericSendFromISR  queue.o
    0x0800e2b8   0x0800e2b8   0x00000078   Code   RO         6039    i.xTaskCheckForTimeOut  tasks.o
    0x0800e330   0x0800e330   0x00000068   Code   RO         6040    i.xTaskCreate       tasks.o
    0x0800e398   0x0800e398   0x000000d0   Code   RO         6041    i.xTaskGenericNotify  tasks.o
    0x0800e468   0x0800e468   0x000000fc   Code   RO         6042    i.xTaskGenericNotifyFromISR  tasks.o
    0x0800e564   0x0800e564   0x0000008c   Code   RO         6044    i.xTaskGetHandle    tasks.o
    0x0800e5f0   0x0800e5f0   0x0000001c   Code   RO         6045    i.xTaskGetSchedulerState  tasks.o
    0x0800e60c   0x0800e60c   0x0000000c   Code   RO         6046    i.xTaskGetTickCount  tasks.o
    0x0800e618   0x0800e618   0x00000010   Code   RO         6047    i.xTaskGetTickCountFromISR  tasks.o
    0x0800e628   0x0800e628   0x000000d0   Code   RO         6048    i.xTaskIncrementTick  tasks.o
    0x0800e6f8   0x0800e6f8   0x00000090   Code   RO         6050    i.xTaskNotifyWait   tasks.o
    0x0800e788   0x0800e788   0x0000009c   Code   RO         6051    i.xTaskPriorityDisinherit  tasks.o
    0x0800e824   0x0800e824   0x00000078   Code   RO         6052    i.xTaskRemoveFromEventList  tasks.o
    0x0800e89c   0x0800e89c   0x000000cc   Code   RO         6054    i.xTaskResumeAll    tasks.o
    0x0800e968   0x0800e968   0x00000054   Code   RO         6378    i.xTimerCreateTimerTask  timers.o
    0x0800e9bc   0x0800e9bc   0x00000074   Code   RO         6379    i.xTimerGenericCommand  timers.o
    0x0800ea30   0x0800ea30   0x00000300   Data   RO         8702    .constdata          protocol.o
    0x0800ed30   0x0800ed30   0x0000000c   Data   RO        10593    .constdata          AHRS.lib(ahrs.o)
    0x0800ed3c   0x0800ed3c   0x00000804   Data   RO        10726    .constdata          arm_cortexM4lf_math.lib(arm_common_tables.o)
    0x0800f540   0x0800f540   0x00000020   Data   RO        10977    Region$$Table       anon$$obj.o


    Execution Region RW_IRAM1 (Exec base: 0x20000000, Load base: 0x0800f560, Size: 0x0001f398, Max: 0x00020000, ABSOLUTE, COMPRESSED[0x00000228])

    Exec Addr    Load Addr    Size         Type   Attr      Idx    E Section Name        Object

    0x20000000   COMPRESSED   0x00000014   Data   RW          420    .data               system_stm32f4xx.o
    0x20000014   COMPRESSED   0x00000008   Data   RW          465    .data               stm32_tim_base.o
    0x2000001c   COMPRESSED   0x00000034   Data   RW          528    .data               start_tack.o
    0x20000050   COMPRESSED   0x0000001c   Data   RW          616    .data               usbd_desc.o
    0x2000006c   COMPRESSED   0x00000030   Data   RW          617    .data               usbd_desc.o
    0x2000009c   COMPRESSED   0x0000001c   Data   RW          700    .data               usbd_usr.o
    0x200000b8   COMPRESSED   0x00000010   Data   RW         3426    .data               stm32f4xx_rcc.o
    0x200000c8   COMPRESSED   0x00000044   Data   RW         6057    .data               tasks.o
    0x2000010c   COMPRESSED   0x00000014   Data   RW         6385    .data               timers.o
    0x20000120   COMPRESSED   0x00000018   Data   RW         6515    .data               heap_4.o
    0x20000138   COMPRESSED   0x0000000c   Data   RW         6578    .data               port.o
    0x20000144   COMPRESSED   0x00000004   Data   RW         6660    .data               delay.o
    0x20000148   COMPRESSED   0x00000002   Data   RW         6860    .data               rc.o
    0x2000014a   COMPRESSED   0x00000002   Data   RW         7100    .data               bsp_can.o
    0x2000014c   COMPRESSED   0x00000010   Data   RW         7225    .data               bsp_dwt.o
    0x2000015c   COMPRESSED   0x0000000c   Data   RW         7295    .data               bsp_usb.o
    0x20000168   COMPRESSED   0x00000014   Data   RW         7296    .data               bsp_usb.o
    0x2000017c   COMPRESSED   0x000000a4   Data   RW         7361    .data               chassis_task.o
    0x20000220   COMPRESSED   0x00000004   Data   RW         7463    .data               comm_task.o
    0x20000224   COMPRESSED   0x00000008   Data   RW         7503    .data               detect_task.o
    0x2000022c   COMPRESSED   0x000001c4   Data   RW         7580    .data               gimbal_task.o
    0x200003f0   COMPRESSED   0x0000000c   Data   RW         7689    .data               info_get_task.o
    0x200003fc   COMPRESSED   0x0000000c   Data   RW         7740    .data               judge_task.o
    0x20000408   COMPRESSED   0x00000034   Data   RW         7785    .data               modeswitch_task.o
    0x2000043c   COMPRESSED   0x00000004   Data   RW         7786    .data               modeswitch_task.o
    0x20000440   COMPRESSED   0x00000004   Data   RW         7787    .data               modeswitch_task.o
    0x20000444   COMPRESSED   0x00000001   Data   RW         7788    .data               modeswitch_task.o
    0x20000445   COMPRESSED   0x00000003   PAD
    0x20000448   COMPRESSED   0x0000002c   Data   RW         7864    .data               pc_task.o
    0x20000474   COMPRESSED   0x00000084   Data   RW         7921    .data               shoot_task.o
    0x200004f8   COMPRESSED   0x00000002   Data   RW         7929    .data               shoot_task.o
    0x200004fa   COMPRESSED   0x00000002   PAD
    0x200004fc   COMPRESSED   0x00000058   Data   RW         7995    .data               imu_task.o
    0x20000554   COMPRESSED   0x00000010   Data   RW         8167    .data               remote_ctrl.o
    0x20000564   COMPRESSED   0x00000068   Data   RW         8252    .data               keyboard.o
    0x200005cc   COMPRESSED   0x00000004   Data   RW         8253    .data               keyboard.o
    0x200005d0   COMPRESSED   0x00000008   Data   RW         8539    .data               power_control.o
    0x200005d8   COMPRESSED   0x00000002   Data   RW         8703    .data               protocol.o
    0x200005da   COMPRESSED   0x00000002   PAD
    0x200005dc   COMPRESSED   0x0000000c   Data   RW         8858    .data               data_packet.o
    0x200005e8   COMPRESSED   0x00000008   Data   RW         8914    .data               judge_rx_data.o
    0x200005f0   COMPRESSED   0x0000003c   Data   RW         8969    .data               judge_tx_data.o
    0x2000062c   COMPRESSED   0x00000004   Data   RW         9052    .data               pc_rx_data.o
    0x20000630   COMPRESSED   0x00000004   Data   RW         9093    .data               pc_tx_data.o
    0x20000634   COMPRESSED   0x00000046   Data   RW         9195    .data               bmi088driver.o
    0x2000067a   COMPRESSED   0x00000002   PAD
    0x2000067c   COMPRESSED   0x0000006b   Data   RW         9616    .data               usbd_cdc_core.o
    0x200006e7   COMPRESSED   0x00000001   PAD
    0x200006e8   COMPRESSED   0x0000002c   Data   RW         9617    .data               usbd_cdc_core.o
    0x20000714   COMPRESSED   0x0000002c   Data   RW         9703    .data               usbd_core.o
    0x20000740   COMPRESSED   0x00000004   Data   RW         9704    .data               usbd_core.o
    0x20000744   COMPRESSED   0x00000004   Data   RW         9705    .data               usbd_core.o
    0x20000748   COMPRESSED   0x00000010   Data   RW         9866    .data               usbd_req.o
    0x20000758   COMPRESSED   0x00000010   Data   RW        10594    .data               AHRS.lib(ahrs.o)
    0x20000768   COMPRESSED   0x00000004   Data   RW        10962    .data               mc_w.l(errno.o)
    0x2000076c        -       0x000005f4   Zero   RW            7    .bss                main.o
    0x20000d60        -       0x00000040   Zero   RW          615    .bss                usbd_desc.o
    0x20000da0        -       0x00000040   Zero   RW         5791    .bss                queue.o
    0x20000de0        -       0x000002e4   Zero   RW         6056    .bss                tasks.o
    0x200010c4        -       0x00000028   Zero   RW         6384    .bss                timers.o
    0x200010ec        -       0x00019000   Zero   RW         6514    .bss                heap_4.o
    0x2001a0ec        -       0x00000010   Zero   RW         6783    .bss                usart.o
    0x2001a0fc        -       0x00000016   Zero   RW         6859    .bss                rc.o
    0x2001a112        -       0x00000c48   Zero   RW         6902    .bss                dma.o
    0x2001ad5a   COMPRESSED   0x00000002   PAD
    0x2001ad5c        -       0x00000244   Zero   RW         7097    .bss                bsp_can.o
    0x2001afa0        -       0x0000000c   Zero   RW         7178    .bss                bsp_flash.o
    0x2001afac        -       0x00000040   Zero   RW         7294    .bss                bsp_usb.o
    0x2001afec        -       0x00000040   Zero   RW         7360    .bss                chassis_task.o
    0x2001b02c        -       0x00000012   Zero   RW         7462    .bss                comm_task.o
    0x2001b03e   COMPRESSED   0x00000002   PAD
    0x2001b040        -       0x00000100   Zero   RW         7501    .bss                detect_task.o
    0x2001b140        -       0x00000154   Zero   RW         7579    .bss                gimbal_task.o
    0x2001b294        -       0x0000002d   Zero   RW         7920    .bss                shoot_task.o
    0x2001b2c1   COMPRESSED   0x00000003   PAD
    0x2001b2c4        -       0x00000088   Zero   RW         7988    .bss                imu_task.o
    0x2001b34c        -       0x00000014   Zero   RW         8166    .bss                remote_ctrl.o
    0x2001b360        -       0x00000028   Zero   RW         8249    .bss                keyboard.o
    0x2001b388        -       0x00000048   Zero   RW         8382    .bss                pid.o
    0x2001b3d0        -       0x00000048   Zero   RW         8383    .bss                pid.o
    0x2001b418        -       0x00000048   Zero   RW         8384    .bss                pid.o
    0x2001b460        -       0x00000048   Zero   RW         8385    .bss                pid.o
    0x2001b4a8        -       0x00000120   Zero   RW         8386    .bss                pid.o
    0x2001b5c8        -       0x00000048   Zero   RW         8387    .bss                pid.o
    0x2001b610        -       0x00000048   Zero   RW         8388    .bss                pid.o
    0x2001b658        -       0x00000048   Zero   RW         8389    .bss                pid.o
    0x2001b6a0        -       0x00000090   Zero   RW         8390    .bss                pid.o
    0x2001b730        -       0x00000048   Zero   RW         8391    .bss                pid.o
    0x2001b778        -       0x00000048   Zero   RW         8392    .bss                pid.o
    0x2001b7c0        -       0x00000048   Zero   RW         8393    .bss                pid.o
    0x2001b808        -       0x00000048   Zero   RW         8394    .bss                pid.o
    0x2001b850        -       0x00000048   Zero   RW         8396    .bss                pid.o
    0x2001b898        -       0x00000048   Zero   RW         8397    .bss                pid.o
    0x2001b8e0        -       0x00000048   Zero   RW         8398    .bss                pid.o
    0x2001b928        -       0x00000048   Zero   RW         8399    .bss                pid.o
    0x2001b970        -       0x00000048   Zero   RW         8400    .bss                pid.o
    0x2001b9b8        -       0x00000048   Zero   RW         8401    .bss                pid.o
    0x2001ba00        -       0x00000048   Zero   RW         8402    .bss                pid.o
    0x2001ba48        -       0x00000048   Zero   RW         8403    .bss                pid.o
    0x2001ba90        -       0x00000048   Zero   RW         8409    .bss                pid.o
    0x2001bad8        -       0x00000048   Zero   RW         8410    .bss                pid.o
    0x2001bb20        -       0x00000077   Zero   RW         8857    .bss                data_packet.o
    0x2001bb97   COMPRESSED   0x00000001   PAD
    0x2001bb98        -       0x00000400   Zero   RW         8913    .bss                judge_rx_data.o
    0x2001bf98        -       0x0000067c   Zero   RW         8960    .bss                judge_tx_data.o
    0x2001c614        -       0x000002f1   Zero   RW         9051    .bss                pc_rx_data.o
    0x2001c905   COMPRESSED   0x00000003   PAD
    0x2001c908        -       0x00000221   Zero   RW         9090    .bss                pc_tx_data.o
    0x2001cb29   COMPRESSED   0x00000003   PAD
    0x2001cb2c        -       0x0000002c   Zero   RW         9193    .bss                bmi088driver.o
    0x2001cb58        -       0x00000840   Zero   RW         9615    .bss                usbd_cdc_core.o
    0x2001d398        -       0x00002000   Zero   RW          760    STACK               startup_stm32f407xx.o


==============================================================================

Image component sizes


      Code (inc. data)   RO Data    RW Data    ZI Data      Debug   Object Name

        70          6          0          0          0       4960   ahrs_middleware.o
      1222         42          0         70         44       9757   bmi088driver.o
       140         24          0          0          0       4764   bmi088middleware.o
       982         92          0          2        580       8171   bsp_can.o
       116         28          0         16          0       2185   bsp_dwt.o
       530         12          0          0         12       4784   bsp_flash.o
       216         26          0         32         64       4552   bsp_usb.o
       520         20          0          0          0       2012   can.o
      3104        368          0        164         64      11786   chassis_task.o
       336         30          0          4         18       1824   comm_task.o
       358          0          0          0          0       3869   data_fifo.o
       848         36          0         12        119       6434   data_packet.o
       156         18          0          4          0       1821   delay.o
       280         44          0          8        256       5710   detect_task.o
       420         50          0          0       3144       2629   dma.o
         0          0          0          0          0       9364   event_groups.o
      3148        384          0        452        340      10523   gimbal_task.o
       464         38          0          0          0       2319   gpio.o
       492         32          0         24     102400       4527   heap_4.o
       744         78          0         88        136       5972   imu_task.o
       472         82          0         12          0       3653   info_get_task.o
        42          0          0          0          0       1042   iwdg.o
       556         50          0          8       1024       9497   judge_rx_data.o
       352         38          0         12          0       2788   judge_task.o
      6216        348          0         60       1660      14791   judge_tx_data.o
        94         18          0          0          0       2958   kalman_filter.o
       896        156          0        108         40      36354   keyboard.o
        62          0          0          0          0       1263   ladrc.o
       142          0          0          0          0       3206   list.o
       260         28          0          0       1524     377277   main.o
       164         10          0          0          0       2149   misc.o
      1008         90          0         61          0       7405   modeswitch_task.o
       116         18          0          4        753       2911   pc_rx_data.o
       268         46          0         44          0      17144   pc_task.o
       262         30          0          4        545       4071   pc_tx_data.o
       654         32          0          0       1944       7151   pid.o
       786         96          0         12          0      11197   port.o
       852         76          0          8          0       3771   power_control.o
       278         20        768          2          0       4946   protocol.o
      1860         22          0          0         64      16221   queue.o
        20          4          0          0          0        788   ramp.o
       264         36          0          2         22       1601   rc.o
       972        108          0         16         20       7929   remote_ctrl.o
      2080        224          0        134         45       7273   shoot_task.o
       228         14          0          0          0        697   spi.o
       154          6          0          0          0       2575   st_usb_cdc.o
       572        296          0         52          0     248130   start_tack.o
        36          8        392          0       8192        828   startup_stm32f407xx.o
       244         32          0          8          0       5738   stm32_tim_base.o
      1416         28          0          0          0       7278   stm32f4xx_can.o
       664        110          0          0          0       7548   stm32f4xx_dma.o
       176         18          0          0          0       2148   stm32f4xx_exti.o
       376         48          0          0          0       5206   stm32f4xx_flash.o
       206          0          0          0          0       3499   stm32f4xx_gpio.o
        32          0          0          0          0       3175   stm32f4xx_it.o
        68         30          0          0          0       2530   stm32f4xx_iwdg.o
       424         60          0         16          0       7866   stm32f4xx_rcc.o
       108          0          0          0          0       1757   stm32f4xx_spi.o
        46          0          0          0          0        636   stm32f4xx_syscfg.o
       716          8          0          0          0       9564   stm32f4xx_tim.o
       690          6          0          0          0       7974   stm32f4xx_usart.o
       288         48          0         20          0       1791   system_stm32f4xx.o
      3498        314          0         68        740      31993   tasks.o
       212          8          0          0          0        810   tim.o
       968         96          0         20         40      17603   timers.o
       684         40          0          0         16       2391   usart.o
      2482         30          0          0          0      22840   usb_core.o
       522          0          0          0          0       6280   usb_dcd.o
      1804        112          0          0          0      10467   usb_dcd_int.o
       676         84          0        151       2112       9542   usbd_cdc_core.o
       666          4          0         52          0      11052   usbd_core.o
       386        134          0         76         64       6683   usbd_desc.o
       168          0          0          0          0       4592   usbd_ioreq.o
      1492         62          0         16          0      11562   usbd_req.o
        14          0          0         28          0       3381   usbd_usr.o

    ----------------------------------------------------------------------
     52910       4460       1192       1880     125996    1113485   Object Totals
         0          0         32          0          0          0   (incl. Generated)
        72          4          0         10         14          0   (incl. Padding)

    ----------------------------------------------------------------------

      Code (inc. data)   RO Data    RW Data    ZI Data      Debug   Library Member Name

      2718         84         12         16          0       9922   ahrs.o
         0          0       2052          0          0       4636   arm_common_tables.o
       120         12          0          0          0      16970   arm_cos_f32.o
       116         12          0          0          0        658   arm_sin_f32.o
       300         42          0          0          0        176   asinf.o
       684         90          0          0          0        208   atan2f.o
        32          8          0          0          0        124   dunder.o
        20          0          0          0          0        124   fabs.o
       260          6          0          0          0        144   fmod.o
        38          0          0          0          0        116   fpclassifyf.o
        44         12          0          0          0        464   funder.o
       122          0          0          0          0        148   sqrt_full.o
       120          0          0          0          0        272   sqrtf_full.o
        86          0          0          0          0          0   __dczerorl2.o
         0          0          0          0          0          0   entry.o
         0          0          0          0          0          0   entry10a.o
         0          0          0          0          0          0   entry11a.o
         4          0          0          0          0          0   entry12b.o
         8          4          0          0          0          0   entry2.o
         4          0          0          0          0          0   entry5.o
         0          0          0          0          0          0   entry7b.o
         0          0          0          0          0          0   entry8b.o
         8          4          0          0          0          0   entry9a.o
        12          6          0          4          0         68   errno.o
        30          0          0          0          0          0   handlers.o
        36          8          0          0          0         68   init.o
         0          0          0          0          0          0   iusefp.o
        30          0          0          0          0         68   llshl.o
        36          0          0          0          0         68   llsshr.o
        32          0          0          0          0         68   llushr.o
        36          0          0          0          0         68   memcpya.o
        36          0          0          0          0        108   memseta.o
        18          0          0          0          0         68   strcpy.o
        14          0          0          0          0         68   strlen.o
        48          0          0          0          0         68   cdcmple.o
        48          0          0          0          0         68   cdrcmple.o
        56          0          0          0          0         88   d2f.o
       334          0          0          0          0        148   dadd.o
       222          0          0          0          0        100   ddiv.o
       186          0          0          0          0        176   depilogue.o
        50          0          0          0          0         76   dfixui.o
        34          0          0          0          0         76   dflti.o
        26          0          0          0          0         76   dfltui.o
       228          0          0          0          0         96   dmul.o
       134          0          0          0          0         96   drem.o
       162          0          0          0          0        100   dsqrt.o
        38          0          0          0          0         68   f2d.o
       110          0          0          0          0        168   fepilogue.o

    ----------------------------------------------------------------------
      6650        288       2064         20          0      36018   Library Totals
        10          0          0          0          0          0   (incl. Padding)

    ----------------------------------------------------------------------

      Code (inc. data)   RO Data    RW Data    ZI Data      Debug   Library Name

      2718         84         12         16          0       9922   AHRS.lib
       236         24       2052          0          0      22264   arm_cortexM4lf_math.lib
      1620        158          0          0          0       1776   m_wm.l
       390         22          0          4          0        652   mc_w.l
      1676          0          0          0          0       1404   mf_w.l

    ----------------------------------------------------------------------
      6650        288       2064         20          0      36018   Library Totals

    ----------------------------------------------------------------------

==============================================================================


      Code (inc. data)   RO Data    RW Data    ZI Data      Debug   

     59560       4748       3256       1900     125996    1100147   Grand Totals
     59560       4748       3256        552     125996    1100147   ELF Image Totals (compressed)
     59560       4748       3256        552          0          0   ROM Totals

==============================================================================

    Total RO  Size (Code + RO Data)                62816 (  61.34kB)
    Total RW  Size (RW Data + ZI Data)            127896 ( 124.90kB)
    Total ROM Size (Code + RO Data + RW Data)      63368 (  61.88kB)

==============================================================================

