<html>
<body>
<pre>
<h1>µVision Build Log</h1>
<h2>Tool Versions:</h2>
IDE-Version: ¦ÌVision V5.25.3.0
Copyright (C) 2018 ARM Ltd and ARM Germany GmbH. All rights reserved.
License Information: j k, z, LIC=KIVNB-221Q4-SGE7K-ZZQWE-9UMX4-954S5
 
Tool Versions:
Toolchain:       MDK-ARM Professional  Version: 5.34.0.0
Toolchain Path:  D:\App\Keil5 v3.45\ARM\ARMCC\Bin
C Compiler:      Armcc.exe V5.06 update 7 (build 960)
Assembler:       Armasm.exe V5.06 update 7 (build 960)
Linker/Locator:  ArmLink.exe V5.06 update 7 (build 960)
Library Manager: ArmAr.exe V5.06 update 7 (build 960)
Hex Converter:   FromElf.exe V5.06 update 7 (build 960)
CPU DLL:         SARMCM3.DLL V5.34.0.0
Dialog DLL:      DCM.DLL V1.17.3.0
Target DLL:      Segger\JL2CM3.dll V2.99.38.0
Dialog DLL:      TCM.DLL V1.48.0.0
 
<h2>Project:</h2>
D:\File\AwakeLion Code\Electric Control\OMV\USER\engineering.uvprojx
Project File Date:  10/27/2024

<h2>Output:</h2>
*** Using Compiler 'V5.06 update 7 (build 960)', folder: 'D:\App\Keil5 v3.45\ARM\ARMCC\Bin'
Rebuild target 'ENGINEER'
assembling startup_stm32f407xx.s...
compiling system_stm32f4xx.c...
compiling stm32f4xx_crc.c...
compiling STM32_TIM_BASE.c...
compiling stm32f4xx_dac.c...
compiling stm32f4xx_cryp_des.c...
compiling stm32f4xx_cryp_tdes.c...
compiling start_tack.c...
compiling stm32f4xx_dma.c...
compiling misc.c...
compiling stm32f4xx_cryp_aes.c...
compiling stm32f4xx_adc.c...
compiling main.c...
compiling stm32f4xx_cec.c...
compiling stm32f4xx_can.c...
compiling stm32f4xx_dcmi.c...
compiling stm32f4xx_exti.c...
compiling stm32f4xx_dbgmcu.c...
compiling stm32f4xx_it.c...
compiling usbd_desc.c...
compiling stm32f4xx_cryp.c...
compiling stm32f4xx_flash.c...
compiling stm32f4xx_dma2d.c...
compiling usbd_usr.c...
compiling stm32f4xx_flash_ramfunc.c...
compiling stm32f4xx_hash.c...
compiling stm32f4xx_hash_md5.c...
compiling stm32f4xx_fmpi2c.c...
compiling stm32f4xx_gpio.c...
compiling stm32f4xx_hash_sha1.c...
compiling stm32f4xx_i2c.c...
compiling stm32f4xx_iwdg.c...
compiling stm32f4xx_pwr.c...
compiling stm32f4xx_qspi.c...
compiling stm32f4xx_rng.c...
compiling stm32f4xx_ltdc.c...
compiling stm32f4xx_sdio.c...
compiling stm32f4xx_rcc.c...
compiling stm32f4xx_rtc.c...
compiling stm32f4xx_spdifrx.c...
compiling stm32f4xx_sai.c...
compiling stm32f4xx_syscfg.c...
compiling stm32f4xx_wwdg.c...
compiling stm32f4xx_spi.c...
compiling croutine.c...
compiling stm32f4xx_usart.c...
compiling stm32f4xx_tim.c...
compiling event_groups.c...
compiling list.c...
compiling delay.c...
compiling timers.c...
compiling heap_4.c...
compiling can.c...
compiling port.c...
compiling queue.c...
compiling gpio.c...
compiling usart.c...
compiling rc.c...
compiling spi.c...
compiling tasks.c...
compiling dma.c...
compiling tim.c...
compiling st_usb_cdc.c...
compiling iwdg.c...
compiling I2C.c...
compiling bsp_flash.c...
compiling bsp_dwt.c...
compiling bsp_can.c...
compiling bsp_imu.c...
compiling bsp_usb.c...
compiling comm_task.c...
compiling detect_task.c...
compiling chassis_task.c...
compiling info_get_task.c...
compiling pid_controller.c...
compiling judge_task.c...
compiling modeswitch_task.c...
compiling fuzzy_pid.c...
compiling kalman_filter.c...
compiling gimbal_task.c...
compiling pc_task.c...
compiling remote_ctrl.c...
compiling imu_task.c...
..\TASK\imu_task.c(117): warning:  #177-D: variable "i_filter"  was declared but never referenced
  	u8 i_filter = 0;
..\TASK\imu_task.c(76): warning:  #177-D: variable "gyro_filter_input"  was declared but never referenced
  static float gyro_filter_input[3][ORDER+1] = {0};
..\TASK\imu_task.c: 2 warnings, 0 errors
compiling shoot_task.c...
compiling ramp.c...
compiling pid.c...
compiling keyboard.c...
compiling ladrc.c...
compiling filter.c...
compiling power_control.c...
compiling protocol.c...
compiling data_fifo.c...
compiling data_packet.c...
compiling judge_rx_data.c...
compiling AHRS_middleware.c...
compiling bsp_vofa.c...
compiling pc_rx_data.c...
compiling pc_tx_data.c...
compiling BMI088Middleware.c...
compiling judge_tx_data.c...
compiling BMI088driver.c...
compiling IST8310.c...
compiling usbd_ioreq.c...
compiling usbd_core.c...
compiling usbd_req.c...
compiling usbd_cdc_core.c...
compiling usb_dcd.c...
compiling usb_core.c...
compiling usb_dcd_int.c...
linking...
Program Size: Code=59560 RO-data=3256 RW-data=1900 ZI-data=125996  
FromELF: creating hex file...
"..\OBJ\engineering.elf" - 0 Error(s), 2 Warning(s).

<h2>Software Packages used:</h2>

Package Vendor: Keil
                http://www.keil.com/pack/Keil.STM32F4xx_DFP.2.13.0.pack
                Keil.STM32F4xx_DFP.2.13.0
                STMicroelectronics STM32F4 Series Device Support, Drivers and Examples

<h2>Collection of Component include folders:</h2>
  .\RTE\_ENGINEER
  D:\App\Keil5 v3.45\Keil\STM32F4xx_DFP\2.13.0\Drivers\CMSIS\Device\ST\STM32F4xx\Include

<h2>Collection of Component Files used:</h2>
Build Time Elapsed:  00:00:03
</pre>
</body>
</html>
